INFO:root:Loading test data...
INFO:root:Test data have been loaded.
INFO:root:Loading word embeddings...
INFO:root:Word embeddings have been loaded.
INFO:root:Loading pre-trained char embeddings...
INFO:root:Char embeddings have been loaded.
INFO:root:Loading word embeddings...
INFO:root:Word embeddings have been loaded.
INFO:root:Loading pre-trained char embeddings...
INFO:root:Char embeddings have been loaded.
INFO:root:=========================================================================
INFO:root:Topic 1:
INFO:root:number of event mentions : 1780
INFO:root:number of entity mentions : 2055
INFO:root:Matched non-singleton clusters 176
INFO:root:Iteration number 1
INFO:root:Merge event clusters...
INFO:root:Generating cluster pairs...
INFO:root:Initial number of clusters = 1780
INFO:root:Number of generated cluster pairs = 35390
INFO:root:Initialize cluster pairs scores... 
INFO:root:epoch 0 topic 1/1 - merge event clusters with score 0.9999691247940063 clusters : ['charged_ACT17642760725664640_36_3ecb_1_17_17'] ['charged_ACT17642760725664640_36_8ecb_1_15_15']
INFO:root:epoch 0 topic 1/1 - merge event clusters with score 0.9999577403068542 clusters : ['charged_ACT17642760725664640_36_1ecb_1_14_14'] ['charged_ACT17642760725664640_36_8ecb_1_15_15', 'charged_ACT17642760725664640_36_3ecb_1_17_17']
INFO:root:epoch 0 topic 1/1 - merge event clusters with score 0.9999462763468424 clusters : ['charged_ACT18223452941764084_45_12ecbplus_0_7_7'] ['charged_ACT17642760725664640_36_8ecb_1_15_15', 'charged_ACT17642760725664640_36_3ecb_1_17_17', 'charged_ACT17642760725664640_36_1ecb_1_14_14']
INFO:root:epoch 0 topic 1/1 - merge event clusters with score 0.9999456405639648 clusters : ['charged_ACT17642344350988871_36_11ecbplus_3_2_2'] ['charged_ACT17642760725664640_36_8ecb_1_15_15', 'charged_ACT17642760725664640_36_3ecb_1_17_17', 'charged_ACT17642760725664640_36_1ecb_1_14_14', 'charged_ACT18223452941764084_45_12ecbplus_0_7_7']
INFO:root:epoch 0 topic 1/1 - merge event clusters with score 0.9998779296875 clusters : ['Polygamy_ACT17642774053647358_36_2ecb_0_0_0'] ['Polygamy_ACT28671684617581995_36_11ecbplus_0_8_8']
INFO:root:epoch 0 topic 1/1 - merge event clusters with score 0.9998301506042481 clusters : ['charged_ACT17642344350988871_36_4ecbplus_2_18_18'] ['charged_ACT17642760725664640_36_8ecb_1_15_15', 'charged_ACT17642760725664640_36_3ecb_1_17_17', 'charged_ACT17642760725664640_36_1ecb_1_14_14', 'charged_ACT18223452941764084_45_12ecbplus_0_7_7', 'charged_ACT17642344350988871_36_11ecbplus_3_2_2']
INFO:root:epoch 0 topic 1/1 - merge event clusters with score 0.9997714360555013 clusters : ['charged_ACT17720769677783913_36_8ecbplus_2_7_7'] ['charged_ACT17642760725664640_36_8ecb_1_15_15', 'charged_ACT17642760725664640_36_3ecb_1_17_17', 'charged_ACT17642760725664640_36_1ecb_1_14_14', 'charged_ACT18223452941764084_45_12ecbplus_0_7_7', 'charged_ACT17642344350988871_36_11ecbplus_3_2_2', 'charged_ACT17642344350988871_36_4ecbplus_2_18_18']
INFO:root:epoch 0 topic 1/1 - merge event clusters with score 0.9996530669076102 clusters : ['charged_ACT17642344350988871_36_1ecbplus_3_18_18'] ['charged_ACT17642760725664640_36_8ecb_1_15_15', 'charged_ACT17642760725664640_36_3ecb_1_17_17', 'charged_ACT17642760725664640_36_1ecb_1_14_14', 'charged_ACT18223452941764084_45_12ecbplus_0_7_7', 'charged_ACT17642344350988871_36_11ecbplus_3_2_2', 'charged_ACT17642344350988871_36_4ecbplus_2_18_18', 'charged_ACT17720769677783913_36_8ecbplus_2_7_7']
INFO:root:epoch 0 topic 1/1 - merge event clusters with score 0.9996622800827026 clusters : ['charged_ACT17720769677783913_36_10ecbplus_0_4_4'] ['charged_ACT17642760725664640_36_8ecb_1_15_15', 'charged_ACT17642760725664640_36_3ecb_1_17_17', 'charged_ACT17642760725664640_36_1ecb_1_14_14', 'charged_ACT18223452941764084_45_12ecbplus_0_7_7', 'charged_ACT17642344350988871_36_11ecbplus_3_2_2', 'charged_ACT17642344350988871_36_4ecbplus_2_18_18', 'charged_ACT17720769677783913_36_8ecbplus_2_7_7', 'charged_ACT17642344350988871_36_1ecbplus_3_18_18']
INFO:root:epoch 0 topic 1/1 - merge event clusters with score 0.9993891716003418 clusters : ['arrested_ACT17642853147528564_36_1ecb_0_5_5'] ['arrested_ACT17642853147528564_36_9ecb_0_3_3']
INFO:root:epoch 0 topic 1/1 - merge event clusters with score 0.9996610879898071 clusters : ['arrested_ACT17642853147528564_36_5ecb_1_12_12'] ['arrested_ACT17642853147528564_36_9ecb_0_3_3', 'arrested_ACT17642853147528564_36_1ecb_0_5_5']
INFO:root:epoch 0 topic 1/1 - merge event clusters with score 0.9993307590484619 clusters : ['said_ACT17720542426126151_36_1ecb_1_24_24'] ['said_ACT17720542426126151_36_5ecb_1_22_22']
INFO:root:epoch 0 topic 1/1 - merge event clusters with score 0.9989401698112488 clusters : ['arrested_ACT17642853147528564_36_3ecb_2_13_13'] ['arrested_ACT17642853147528564_36_6ecb_1_13_13']
INFO:root:epoch 0 topic 1/1 - merge event clusters with score 0.9988316694895426 clusters : ['arrested_ACT17642853147528564_36_8ecb_0_2_2'] ['arrested_ACT17642853147528564_36_9ecb_0_3_3', 'arrested_ACT17642853147528564_36_1ecb_0_5_5', 'arrested_ACT17642853147528564_36_5ecb_1_12_12']
INFO:root:epoch 0 topic 1/1 - merge event clusters with score 0.9986458420753479 clusters : ['polygamy_ACT17642774053647358_36_3ecb_1_20_20'] ['polygamy_ACT17642774053647358_36_8ecb_1_18_18']
INFO:root:epoch 0 topic 1/1 - merge event clusters with score 0.9986400604248047 clusters : ['POLYGAMY_ACT17642774053647358_36_7ecb_2_27_27'] ['Polygamy_ACT28671684617581995_36_11ecbplus_0_8_8', 'Polygamy_ACT17642774053647358_36_2ecb_0_0_0']
INFO:root:epoch 0 topic 1/1 - merge event clusters with score 0.9986193974812826 clusters : ['charged_ACT18223452941764084_45_12ecbplus_1_2_2'] ['charged_ACT17642760725664640_36_8ecb_1_15_15', 'charged_ACT17642760725664640_36_3ecb_1_17_17', 'charged_ACT17642760725664640_36_1ecb_1_14_14', 'charged_ACT18223452941764084_45_12ecbplus_0_7_7', 'charged_ACT17642344350988871_36_11ecbplus_3_2_2', 'charged_ACT17642344350988871_36_4ecbplus_2_18_18', 'charged_ACT17720769677783913_36_8ecbplus_2_7_7', 'charged_ACT17642344350988871_36_1ecbplus_3_18_18', 'charged_ACT17720769677783913_36_10ecbplus_0_4_4']
INFO:root:epoch 0 topic 1/1 - merge event clusters with score 0.9986182451248169 clusters : ['polygamy_ACT17642774053647358_36_1ecb_1_17_17'] ['polygamy_ACT17642774053647358_36_4ecb_1_27_27']
INFO:root:epoch 0 topic 1/1 - merge event clusters with score 0.9988511800765991 clusters : ['polygamy_ACT17642774053647358_36_8ecb_1_18_18', 'polygamy_ACT17642774053647358_36_3ecb_1_20_20'] ['polygamy_ACT17642774053647358_36_4ecb_1_27_27', 'polygamy_ACT17642774053647358_36_1ecb_1_17_17']
INFO:root:epoch 0 topic 1/1 - merge event clusters with score 0.9972836971282959 clusters : ['Polygamy_ACT28671684617581995_36_11ecbplus_0_8_8', 'Polygamy_ACT17642774053647358_36_2ecb_0_0_0', 'POLYGAMY_ACT17642774053647358_36_7ecb_2_27_27'] ['polygamy_ACT17642774053647358_36_4ecb_1_27_27', 'polygamy_ACT17642774053647358_36_1ecb_1_17_17', 'polygamy_ACT17642774053647358_36_8ecb_1_18_18', 'polygamy_ACT17642774053647358_36_3ecb_1_20_20']
INFO:root:epoch 0 topic 1/1 - merge event clusters with score 0.9968875050544739 clusters : ['arrested_ACT17642853147528564_36_2ecb_1_13_13'] ['arrested_ACT17642853147528564_36_6ecb_1_13_13', 'arrested_ACT17642853147528564_36_3ecb_2_13_13']
INFO:root:epoch 0 topic 1/1 - merge event clusters with score 0.9967930912971497 clusters : ['practicing_Singleton_ACT_18_36_1ecb_36_1ecb_1_16_16'] ['practicing_Singleton_ACT_21_36_8ecb_36_8ecb_1_17_17']
INFO:root:epoch 0 topic 1/1 - merge event clusters with score 0.9965801239013672 clusters : ['said_Singleton_ACT_28_37_5ecb_37_5ecb_0_38_38'] ['said_ACT17720542426126151_36_5ecb_1_22_22', 'said_ACT17720542426126151_36_1ecb_1_24_24']
INFO:root:epoch 0 topic 1/1 - merge event clusters with score 0.995516163962228 clusters : ['polygamy_ACT17642774053647358_36_6ecb_1_33_33'] ['polygamy_ACT17642774053647358_36_4ecb_1_27_27', 'polygamy_ACT17642774053647358_36_1ecb_1_17_17', 'polygamy_ACT17642774053647358_36_8ecb_1_18_18', 'polygamy_ACT17642774053647358_36_3ecb_1_20_20', 'Polygamy_ACT28671684617581995_36_11ecbplus_0_8_8', 'Polygamy_ACT17642774053647358_36_2ecb_0_0_0', 'POLYGAMY_ACT17642774053647358_36_7ecb_2_27_27']
INFO:root:epoch 0 topic 1/1 - merge event clusters with score 0.9953403472900391 clusters : ['arrested_ACT17642853147528564_36_3ecb_1_15_15'] ['arrested_ACT17642853147528564_36_4ecb_1_20_20']
INFO:root:epoch 0 topic 1/1 - merge event clusters with score 0.9937302589416503 clusters : ['charged_ACT17642344350988871_36_9ecbplus_5_3_3'] ['charged_ACT17642760725664640_36_8ecb_1_15_15', 'charged_ACT17642760725664640_36_3ecb_1_17_17', 'charged_ACT17642760725664640_36_1ecb_1_14_14', 'charged_ACT18223452941764084_45_12ecbplus_0_7_7', 'charged_ACT17642344350988871_36_11ecbplus_3_2_2', 'charged_ACT17642344350988871_36_4ecbplus_2_18_18', 'charged_ACT17720769677783913_36_8ecbplus_2_7_7', 'charged_ACT17642344350988871_36_1ecbplus_3_18_18', 'charged_ACT17720769677783913_36_10ecbplus_0_4_4', 'charged_ACT18223452941764084_45_12ecbplus_1_2_2']
INFO:root:epoch 0 topic 1/1 - merge event clusters with score 0.9922387599945068 clusters : ['practising_Singleton_ACT_35_36_3ecb_36_3ecb_1_19_19'] ['practicing_Singleton_ACT_21_36_8ecb_36_8ecb_1_17_17', 'practicing_Singleton_ACT_18_36_1ecb_36_1ecb_1_16_16']
INFO:root:epoch 0 topic 1/1 - merge event clusters with score 0.9921561479568481 clusters : ['arrested_ACT17642853147528564_36_9ecb_0_3_3', 'arrested_ACT17642853147528564_36_1ecb_0_5_5', 'arrested_ACT17642853147528564_36_5ecb_1_12_12', 'arrested_ACT17642853147528564_36_8ecb_0_2_2'] ['arrested_ACT17642853147528564_36_4ecb_1_20_20', 'arrested_ACT17642853147528564_36_3ecb_1_15_15']
INFO:root:epoch 0 topic 1/1 - merge event clusters with score 0.9848605261908637 clusters : ['arrested_ACT17642853147528564_36_6ecb_1_13_13', 'arrested_ACT17642853147528564_36_3ecb_2_13_13', 'arrested_ACT17642853147528564_36_2ecb_1_13_13'] ['arrested_ACT17642853147528564_36_4ecb_1_20_20', 'arrested_ACT17642853147528564_36_3ecb_1_15_15', 'arrested_ACT17642853147528564_36_9ecb_0_3_3', 'arrested_ACT17642853147528564_36_1ecb_0_5_5', 'arrested_ACT17642853147528564_36_5ecb_1_12_12', 'arrested_ACT17642853147528564_36_8ecb_0_2_2']
INFO:root:epoch 0 topic 1/1 - merge event clusters with score 0.9796964327494303 clusters : ['said_Singleton_ACT_55_41_1ecb_41_1ecb_2_3_3'] ['said_ACT17720542426126151_36_5ecb_1_22_22', 'said_ACT17720542426126151_36_1ecb_1_24_24', 'said_Singleton_ACT_28_37_5ecb_37_5ecb_0_38_38']
INFO:root:epoch 0 topic 1/1 - merge event clusters with score 0.9771143595377604 clusters : ['arrested_ACT17642853147528564_36_1ecb_1_12_12'] ['arrested_ACT17642853147528564_36_4ecb_1_20_20', 'arrested_ACT17642853147528564_36_3ecb_1_15_15', 'arrested_ACT17642853147528564_36_9ecb_0_3_3', 'arrested_ACT17642853147528564_36_1ecb_0_5_5', 'arrested_ACT17642853147528564_36_5ecb_1_12_12', 'arrested_ACT17642853147528564_36_8ecb_0_2_2', 'arrested_ACT17642853147528564_36_6ecb_1_13_13', 'arrested_ACT17642853147528564_36_3ecb_2_13_13', 'arrested_ACT17642853147528564_36_2ecb_1_13_13']
INFO:root:epoch 0 topic 1/1 - merge event clusters with score 0.9573750495910645 clusters : ['arrests_ACT17642853147528564_36_2ecb_0_1_1'] ['arrested_ACT17642853147528564_36_4ecb_1_20_20', 'arrested_ACT17642853147528564_36_3ecb_1_15_15', 'arrested_ACT17642853147528564_36_9ecb_0_3_3', 'arrested_ACT17642853147528564_36_1ecb_0_5_5', 'arrested_ACT17642853147528564_36_5ecb_1_12_12', 'arrested_ACT17642853147528564_36_8ecb_0_2_2', 'arrested_ACT17642853147528564_36_6ecb_1_13_13', 'arrested_ACT17642853147528564_36_3ecb_2_13_13', 'arrested_ACT17642853147528564_36_2ecb_1_13_13', 'arrested_ACT17642853147528564_36_1ecb_1_12_12']
INFO:root:epoch 0 topic 1/1 - merge event clusters with score 0.9491335153579712 clusters : ['arrested_ACT17642853147528564_36_2ecb_4_3_3'] ['arrested_ACT17642853147528564_36_6ecb_3_7_7']
INFO:root:epoch 0 topic 1/1 - merge event clusters with score 0.9720314199274237 clusters : ['arrested_ACT17642853147528564_36_4ecb_1_20_20', 'arrested_ACT17642853147528564_36_3ecb_1_15_15', 'arrested_ACT17642853147528564_36_9ecb_0_3_3', 'arrested_ACT17642853147528564_36_1ecb_0_5_5', 'arrested_ACT17642853147528564_36_5ecb_1_12_12', 'arrested_ACT17642853147528564_36_8ecb_0_2_2', 'arrested_ACT17642853147528564_36_6ecb_1_13_13', 'arrested_ACT17642853147528564_36_3ecb_2_13_13', 'arrested_ACT17642853147528564_36_2ecb_1_13_13', 'arrested_ACT17642853147528564_36_1ecb_1_12_12', 'arrests_ACT17642853147528564_36_2ecb_0_1_1'] ['arrested_ACT17642853147528564_36_6ecb_3_7_7', 'arrested_ACT17642853147528564_36_2ecb_4_3_3']
INFO:root:epoch 0 topic 1/1 - merge event clusters with score 0.9475215565074574 clusters : ['charges_ACT17642344350988871_36_6ecbplus_0_7_7'] ['charged_ACT17642760725664640_36_8ecb_1_15_15', 'charged_ACT17642760725664640_36_3ecb_1_17_17', 'charged_ACT17642760725664640_36_1ecb_1_14_14', 'charged_ACT18223452941764084_45_12ecbplus_0_7_7', 'charged_ACT17642344350988871_36_11ecbplus_3_2_2', 'charged_ACT17642344350988871_36_4ecbplus_2_18_18', 'charged_ACT17720769677783913_36_8ecbplus_2_7_7', 'charged_ACT17642344350988871_36_1ecbplus_3_18_18', 'charged_ACT17720769677783913_36_10ecbplus_0_4_4', 'charged_ACT18223452941764084_45_12ecbplus_1_2_2', 'charged_ACT17642344350988871_36_9ecbplus_5_3_3']
INFO:root:epoch 0 topic 1/1 - merge event clusters with score 0.9414037557748648 clusters : ['arrested_ACT17642853147528564_36_8ecb_1_11_11'] ['arrested_ACT17642853147528564_36_6ecb_3_7_7', 'arrested_ACT17642853147528564_36_2ecb_4_3_3', 'arrested_ACT17642853147528564_36_4ecb_1_20_20', 'arrested_ACT17642853147528564_36_3ecb_1_15_15', 'arrested_ACT17642853147528564_36_9ecb_0_3_3', 'arrested_ACT17642853147528564_36_1ecb_0_5_5', 'arrested_ACT17642853147528564_36_5ecb_1_12_12', 'arrested_ACT17642853147528564_36_8ecb_0_2_2', 'arrested_ACT17642853147528564_36_6ecb_1_13_13', 'arrested_ACT17642853147528564_36_3ecb_2_13_13', 'arrested_ACT17642853147528564_36_2ecb_1_13_13', 'arrested_ACT17642853147528564_36_1ecb_1_12_12', 'arrests_ACT17642853147528564_36_2ecb_0_1_1']
INFO:root:epoch 0 topic 1/1 - merge event clusters with score 0.8968044916788737 clusters : ['charges_ACT17642760725664640_36_6ecb_1_31_31'] ['charged_ACT17642760725664640_36_8ecb_1_15_15', 'charged_ACT17642760725664640_36_3ecb_1_17_17', 'charged_ACT17642760725664640_36_1ecb_1_14_14', 'charged_ACT18223452941764084_45_12ecbplus_0_7_7', 'charged_ACT17642344350988871_36_11ecbplus_3_2_2', 'charged_ACT17642344350988871_36_4ecbplus_2_18_18', 'charged_ACT17720769677783913_36_8ecbplus_2_7_7', 'charged_ACT17642344350988871_36_1ecbplus_3_18_18', 'charged_ACT17720769677783913_36_10ecbplus_0_4_4', 'charged_ACT18223452941764084_45_12ecbplus_1_2_2', 'charged_ACT17642344350988871_36_9ecbplus_5_3_3', 'charges_ACT17642344350988871_36_6ecbplus_0_7_7']
INFO:root:epoch 0 topic 1/1 - merge event clusters with score 0.8917849614070013 clusters : ['charges_ACT18223452941764084_45_9ecbplus_0_13_13'] ['charged_ACT17642760725664640_36_8ecb_1_15_15', 'charged_ACT17642760725664640_36_3ecb_1_17_17', 'charged_ACT17642760725664640_36_1ecb_1_14_14', 'charged_ACT18223452941764084_45_12ecbplus_0_7_7', 'charged_ACT17642344350988871_36_11ecbplus_3_2_2', 'charged_ACT17642344350988871_36_4ecbplus_2_18_18', 'charged_ACT17720769677783913_36_8ecbplus_2_7_7', 'charged_ACT17642344350988871_36_1ecbplus_3_18_18', 'charged_ACT17720769677783913_36_10ecbplus_0_4_4', 'charged_ACT18223452941764084_45_12ecbplus_1_2_2', 'charged_ACT17642344350988871_36_9ecbplus_5_3_3', 'charges_ACT17642344350988871_36_6ecbplus_0_7_7', 'charges_ACT17642760725664640_36_6ecb_1_31_31']
INFO:root:epoch 0 topic 1/1 - merge event clusters with score 0.8980506488255092 clusters : ['charges_ACT18223452941764084_45_4ecbplus_1_13_13'] ['charged_ACT17642760725664640_36_8ecb_1_15_15', 'charged_ACT17642760725664640_36_3ecb_1_17_17', 'charged_ACT17642760725664640_36_1ecb_1_14_14', 'charged_ACT18223452941764084_45_12ecbplus_0_7_7', 'charged_ACT17642344350988871_36_11ecbplus_3_2_2', 'charged_ACT17642344350988871_36_4ecbplus_2_18_18', 'charged_ACT17720769677783913_36_8ecbplus_2_7_7', 'charged_ACT17642344350988871_36_1ecbplus_3_18_18', 'charged_ACT17720769677783913_36_10ecbplus_0_4_4', 'charged_ACT18223452941764084_45_12ecbplus_1_2_2', 'charged_ACT17642344350988871_36_9ecbplus_5_3_3', 'charges_ACT17642344350988871_36_6ecbplus_0_7_7', 'charges_ACT17642760725664640_36_6ecb_1_31_31', 'charges_ACT18223452941764084_45_9ecbplus_0_13_13']
INFO:root:epoch 0 topic 1/1 - merge event clusters with score 0.9031532923380534 clusters : ['charges_ACT18223452941764084_45_2ecbplus_2_13_13'] ['charged_ACT17642760725664640_36_8ecb_1_15_15', 'charged_ACT17642760725664640_36_3ecb_1_17_17', 'charged_ACT17642760725664640_36_1ecb_1_14_14', 'charged_ACT18223452941764084_45_12ecbplus_0_7_7', 'charged_ACT17642344350988871_36_11ecbplus_3_2_2', 'charged_ACT17642344350988871_36_4ecbplus_2_18_18', 'charged_ACT17720769677783913_36_8ecbplus_2_7_7', 'charged_ACT17642344350988871_36_1ecbplus_3_18_18', 'charged_ACT17720769677783913_36_10ecbplus_0_4_4', 'charged_ACT18223452941764084_45_12ecbplus_1_2_2', 'charged_ACT17642344350988871_36_9ecbplus_5_3_3', 'charges_ACT17642344350988871_36_6ecbplus_0_7_7', 'charges_ACT17642760725664640_36_6ecb_1_31_31', 'charges_ACT18223452941764084_45_9ecbplus_0_13_13', 'charges_ACT18223452941764084_45_4ecbplus_1_13_13']
INFO:root:epoch 0 topic 1/1 - merge event clusters with score 0.909052312374115 clusters : ['charges_ACT18223452941764084_45_3ecbplus_2_13_13'] ['charged_ACT17642760725664640_36_8ecb_1_15_15', 'charged_ACT17642760725664640_36_3ecb_1_17_17', 'charged_ACT17642760725664640_36_1ecb_1_14_14', 'charged_ACT18223452941764084_45_12ecbplus_0_7_7', 'charged_ACT17642344350988871_36_11ecbplus_3_2_2', 'charged_ACT17642344350988871_36_4ecbplus_2_18_18', 'charged_ACT17720769677783913_36_8ecbplus_2_7_7', 'charged_ACT17642344350988871_36_1ecbplus_3_18_18', 'charged_ACT17720769677783913_36_10ecbplus_0_4_4', 'charged_ACT18223452941764084_45_12ecbplus_1_2_2', 'charged_ACT17642344350988871_36_9ecbplus_5_3_3', 'charges_ACT17642344350988871_36_6ecbplus_0_7_7', 'charges_ACT17642760725664640_36_6ecb_1_31_31', 'charges_ACT18223452941764084_45_9ecbplus_0_13_13', 'charges_ACT18223452941764084_45_4ecbplus_1_13_13', 'charges_ACT18223452941764084_45_2ecbplus_2_13_13']
INFO:root:epoch 0 topic 1/1 - merge event clusters with score 0.8890790939331055 clusters : ['Charges_ACT17642344350988871_36_1ecbplus_0_7_7'] ['charged_ACT17642760725664640_36_8ecb_1_15_15', 'charged_ACT17642760725664640_36_3ecb_1_17_17', 'charged_ACT17642760725664640_36_1ecb_1_14_14', 'charged_ACT18223452941764084_45_12ecbplus_0_7_7', 'charged_ACT17642344350988871_36_11ecbplus_3_2_2', 'charged_ACT17642344350988871_36_4ecbplus_2_18_18', 'charged_ACT17720769677783913_36_8ecbplus_2_7_7', 'charged_ACT17642344350988871_36_1ecbplus_3_18_18', 'charged_ACT17720769677783913_36_10ecbplus_0_4_4', 'charged_ACT18223452941764084_45_12ecbplus_1_2_2', 'charged_ACT17642344350988871_36_9ecbplus_5_3_3', 'charges_ACT17642344350988871_36_6ecbplus_0_7_7', 'charges_ACT17642760725664640_36_6ecb_1_31_31', 'charges_ACT18223452941764084_45_9ecbplus_0_13_13', 'charges_ACT18223452941764084_45_4ecbplus_1_13_13', 'charges_ACT18223452941764084_45_2ecbplus_2_13_13', 'charges_ACT18223452941764084_45_3ecbplus_2_13_13']
INFO:root:epoch 0 topic 1/1 - merge event clusters with score 0.8907557593451606 clusters : ['charges_ACT17642344350988871_36_9ecbplus_0_7_7'] ['charged_ACT17642760725664640_36_8ecb_1_15_15', 'charged_ACT17642760725664640_36_3ecb_1_17_17', 'charged_ACT17642760725664640_36_1ecb_1_14_14', 'charged_ACT18223452941764084_45_12ecbplus_0_7_7', 'charged_ACT17642344350988871_36_11ecbplus_3_2_2', 'charged_ACT17642344350988871_36_4ecbplus_2_18_18', 'charged_ACT17720769677783913_36_8ecbplus_2_7_7', 'charged_ACT17642344350988871_36_1ecbplus_3_18_18', 'charged_ACT17720769677783913_36_10ecbplus_0_4_4', 'charged_ACT18223452941764084_45_12ecbplus_1_2_2', 'charged_ACT17642344350988871_36_9ecbplus_5_3_3', 'charges_ACT17642344350988871_36_6ecbplus_0_7_7', 'charges_ACT17642760725664640_36_6ecb_1_31_31', 'charges_ACT18223452941764084_45_9ecbplus_0_13_13', 'charges_ACT18223452941764084_45_4ecbplus_1_13_13', 'charges_ACT18223452941764084_45_2ecbplus_2_13_13', 'charges_ACT18223452941764084_45_3ecbplus_2_13_13', 'Charges_ACT17642344350988871_36_1ecbplus_0_7_7']
INFO:root:epoch 0 topic 1/1 - merge event clusters with score 0.8790145673249897 clusters : ['charges_ACT17642344350988871_36_1ecbplus_2_15_15'] ['charged_ACT17642760725664640_36_8ecb_1_15_15', 'charged_ACT17642760725664640_36_3ecb_1_17_17', 'charged_ACT17642760725664640_36_1ecb_1_14_14', 'charged_ACT18223452941764084_45_12ecbplus_0_7_7', 'charged_ACT17642344350988871_36_11ecbplus_3_2_2', 'charged_ACT17642344350988871_36_4ecbplus_2_18_18', 'charged_ACT17720769677783913_36_8ecbplus_2_7_7', 'charged_ACT17642344350988871_36_1ecbplus_3_18_18', 'charged_ACT17720769677783913_36_10ecbplus_0_4_4', 'charged_ACT18223452941764084_45_12ecbplus_1_2_2', 'charged_ACT17642344350988871_36_9ecbplus_5_3_3', 'charges_ACT17642344350988871_36_6ecbplus_0_7_7', 'charges_ACT17642760725664640_36_6ecb_1_31_31', 'charges_ACT18223452941764084_45_9ecbplus_0_13_13', 'charges_ACT18223452941764084_45_4ecbplus_1_13_13', 'charges_ACT18223452941764084_45_2ecbplus_2_13_13', 'charges_ACT18223452941764084_45_3ecbplus_2_13_13', 'Charges_ACT17642344350988871_36_1ecbplus_0_7_7', 'charges_ACT17642344350988871_36_9ecbplus_0_7_7']
INFO:root:epoch 0 topic 1/1 - merge event clusters with score 0.8564227819442749 clusters : ['made_Singleton_ACT_34_36_2ecb_36_2ecb_0_2_2'] ['made_Singleton_ACT_60_43_2ecb_43_2ecb_1_24_24']
INFO:root:epoch 0 topic 1/1 - merge event clusters with score 0.8436546325683594 clusters : ['said_ACT18149955732134942_41_5ecbplus_2_17_17'] ['said_ACT17720542426126151_36_5ecb_1_22_22', 'said_ACT17720542426126151_36_1ecb_1_24_24', 'said_Singleton_ACT_28_37_5ecb_37_5ecb_0_38_38', 'said_Singleton_ACT_55_41_1ecb_41_1ecb_2_3_3']
INFO:root:epoch 0 topic 1/1 - merge event clusters with score 0.8391716957092286 clusters : ['said_ACT18149955732134942_41_8ecbplus_2_26_26'] ['said_ACT17720542426126151_36_5ecb_1_22_22', 'said_ACT17720542426126151_36_1ecb_1_24_24', 'said_Singleton_ACT_28_37_5ecb_37_5ecb_0_38_38', 'said_Singleton_ACT_55_41_1ecb_41_1ecb_2_3_3', 'said_ACT18149955732134942_41_5ecbplus_2_17_17']
INFO:root:epoch 0 topic 1/1 - merge event clusters with score 0.810758113861084 clusters : ['charges_ACT17642344350988871_36_9ecbplus_2_26_26'] ['charged_ACT17642760725664640_36_8ecb_1_15_15', 'charged_ACT17642760725664640_36_3ecb_1_17_17', 'charged_ACT17642760725664640_36_1ecb_1_14_14', 'charged_ACT18223452941764084_45_12ecbplus_0_7_7', 'charged_ACT17642344350988871_36_11ecbplus_3_2_2', 'charged_ACT17642344350988871_36_4ecbplus_2_18_18', 'charged_ACT17720769677783913_36_8ecbplus_2_7_7', 'charged_ACT17642344350988871_36_1ecbplus_3_18_18', 'charged_ACT17720769677783913_36_10ecbplus_0_4_4', 'charged_ACT18223452941764084_45_12ecbplus_1_2_2', 'charged_ACT17642344350988871_36_9ecbplus_5_3_3', 'charges_ACT17642344350988871_36_6ecbplus_0_7_7', 'charges_ACT17642760725664640_36_6ecb_1_31_31', 'charges_ACT18223452941764084_45_9ecbplus_0_13_13', 'charges_ACT18223452941764084_45_4ecbplus_1_13_13', 'charges_ACT18223452941764084_45_2ecbplus_2_13_13', 'charges_ACT18223452941764084_45_3ecbplus_2_13_13', 'Charges_ACT17642344350988871_36_1ecbplus_0_7_7', 'charges_ACT17642344350988871_36_9ecbplus_0_7_7', 'charges_ACT17642344350988871_36_1ecbplus_2_15_15']
INFO:root:epoch 0 topic 1/1 - merge event clusters with score 0.8015433152516683 clusters : ['said_ACT18149955732134942_41_10ecbplus_1_26_26'] ['said_ACT17720542426126151_36_5ecb_1_22_22', 'said_ACT17720542426126151_36_1ecb_1_24_24', 'said_Singleton_ACT_28_37_5ecb_37_5ecb_0_38_38', 'said_Singleton_ACT_55_41_1ecb_41_1ecb_2_3_3', 'said_ACT18149955732134942_41_5ecbplus_2_17_17', 'said_ACT18149955732134942_41_8ecbplus_2_26_26']
INFO:root:epoch 0 topic 1/1 - merge event clusters with score 0.7607108354568481 clusters : ['made official_ACT17773081680210382_42_12ecb_0_23_25'] ['made_Singleton_ACT_60_43_2ecb_43_2ecb_1_24_24', 'made_Singleton_ACT_34_36_2ecb_36_2ecb_0_2_2']
INFO:root:epoch 0 topic 1/1 - merge event clusters with score 0.7560256719589233 clusters : ['"spiritual marriages_ACT17716990655179680_36_6ecbplus_2_31_32'] ['polygamy_ACT17642774053647358_36_4ecb_1_27_27', 'polygamy_ACT17642774053647358_36_1ecb_1_17_17', 'polygamy_ACT17642774053647358_36_8ecb_1_18_18', 'polygamy_ACT17642774053647358_36_3ecb_1_20_20', 'Polygamy_ACT28671684617581995_36_11ecbplus_0_8_8', 'Polygamy_ACT17642774053647358_36_2ecb_0_0_0', 'POLYGAMY_ACT17642774053647358_36_7ecb_2_27_27', 'polygamy_ACT17642774053647358_36_6ecb_1_33_33']
INFO:root:epoch 0 topic 1/1 - merge event clusters with score 0.7822255558437772 clusters : ['"spiritual marriages_ACT17716990655179680_36_3ecbplus_2_31_32'] ['polygamy_ACT17642774053647358_36_4ecb_1_27_27', 'polygamy_ACT17642774053647358_36_1ecb_1_17_17', 'polygamy_ACT17642774053647358_36_8ecb_1_18_18', 'polygamy_ACT17642774053647358_36_3ecb_1_20_20', 'Polygamy_ACT28671684617581995_36_11ecbplus_0_8_8', 'Polygamy_ACT17642774053647358_36_2ecb_0_0_0', 'POLYGAMY_ACT17642774053647358_36_7ecb_2_27_27', 'polygamy_ACT17642774053647358_36_6ecb_1_33_33', '"spiritual marriages_ACT17716990655179680_36_6ecbplus_2_31_32']
INFO:root:epoch 0 topic 1/1 - merge event clusters with score 0.7705178260803223 clusters : ['polygamous marriages_ACT17716990655179680_36_8ecbplus_2_14_15'] ['polygamy_ACT17642774053647358_36_4ecb_1_27_27', 'polygamy_ACT17642774053647358_36_1ecb_1_17_17', 'polygamy_ACT17642774053647358_36_8ecb_1_18_18', 'polygamy_ACT17642774053647358_36_3ecb_1_20_20', 'Polygamy_ACT28671684617581995_36_11ecbplus_0_8_8', 'Polygamy_ACT17642774053647358_36_2ecb_0_0_0', 'POLYGAMY_ACT17642774053647358_36_7ecb_2_27_27', 'polygamy_ACT17642774053647358_36_6ecb_1_33_33', '"spiritual marriages_ACT17716990655179680_36_6ecbplus_2_31_32', '"spiritual marriages_ACT17716990655179680_36_3ecbplus_2_31_32']
INFO:root:epoch 0 topic 1/1 - merge event clusters with score 0.7511655262538365 clusters : ['said_ACT18149955732134942_41_7ecbplus_2_18_18'] ['said_ACT17720542426126151_36_5ecb_1_22_22', 'said_ACT17720542426126151_36_1ecb_1_24_24', 'said_Singleton_ACT_28_37_5ecb_37_5ecb_0_38_38', 'said_Singleton_ACT_55_41_1ecb_41_1ecb_2_3_3', 'said_ACT18149955732134942_41_5ecbplus_2_17_17', 'said_ACT18149955732134942_41_8ecbplus_2_26_26', 'said_ACT18149955732134942_41_10ecbplus_1_26_26']
INFO:root:epoch 0 topic 1/1 - merge event clusters with score 0.7387463024684361 clusters : ['arrested_ACT17642853147528564_36_3ecb_16_11_11'] ['arrested_ACT17642853147528564_36_6ecb_3_7_7', 'arrested_ACT17642853147528564_36_2ecb_4_3_3', 'arrested_ACT17642853147528564_36_4ecb_1_20_20', 'arrested_ACT17642853147528564_36_3ecb_1_15_15', 'arrested_ACT17642853147528564_36_9ecb_0_3_3', 'arrested_ACT17642853147528564_36_1ecb_0_5_5', 'arrested_ACT17642853147528564_36_5ecb_1_12_12', 'arrested_ACT17642853147528564_36_8ecb_0_2_2', 'arrested_ACT17642853147528564_36_6ecb_1_13_13', 'arrested_ACT17642853147528564_36_3ecb_2_13_13', 'arrested_ACT17642853147528564_36_2ecb_1_13_13', 'arrested_ACT17642853147528564_36_1ecb_1_12_12', 'arrests_ACT17642853147528564_36_2ecb_0_1_1', 'arrested_ACT17642853147528564_36_8ecb_1_11_11']
INFO:root:epoch 0 topic 1/1 - merge event clusters with score 0.7271383892406117 clusters : ['Marriage_ACT17716990655179680_36_11ecbplus_0_6_6'] ['polygamy_ACT17642774053647358_36_4ecb_1_27_27', 'polygamy_ACT17642774053647358_36_1ecb_1_17_17', 'polygamy_ACT17642774053647358_36_8ecb_1_18_18', 'polygamy_ACT17642774053647358_36_3ecb_1_20_20', 'Polygamy_ACT28671684617581995_36_11ecbplus_0_8_8', 'Polygamy_ACT17642774053647358_36_2ecb_0_0_0', 'POLYGAMY_ACT17642774053647358_36_7ecb_2_27_27', 'polygamy_ACT17642774053647358_36_6ecb_1_33_33', '"spiritual marriages_ACT17716990655179680_36_6ecbplus_2_31_32', '"spiritual marriages_ACT17716990655179680_36_3ecbplus_2_31_32', 'polygamous marriages_ACT17716990655179680_36_8ecbplus_2_14_15']
INFO:root:epoch 0 topic 1/1 - merge event clusters with score 0.7112485567728678 clusters : ['made_Singleton_ACT_15_43_13ecbplus_43_13ecbplus_3_2_2'] ['made_Singleton_ACT_60_43_2ecb_43_2ecb_1_24_24', 'made_Singleton_ACT_34_36_2ecb_36_2ecb_0_2_2', 'made official_ACT17773081680210382_42_12ecb_0_23_25']
INFO:root:epoch 0 topic 1/1 - merge event clusters with score 0.6820870637893677 clusters : ['said_ACT17772387402419554_41_7ecb_3_3_3'] ['said_ACT17720542426126151_36_5ecb_1_22_22', 'said_ACT17720542426126151_36_1ecb_1_24_24', 'said_Singleton_ACT_28_37_5ecb_37_5ecb_0_38_38', 'said_Singleton_ACT_55_41_1ecb_41_1ecb_2_3_3', 'said_ACT18149955732134942_41_5ecbplus_2_17_17', 'said_ACT18149955732134942_41_8ecbplus_2_26_26', 'said_ACT18149955732134942_41_10ecbplus_1_26_26', 'said_ACT18149955732134942_41_7ecbplus_2_18_18']
INFO:root:epoch 0 topic 1/1 - merge event clusters with score 0.6198680996894836 clusters : ['announced_ACT17720553486167782_36_2ecb_1_17_17'] ['announced_ACT17774382244993466_43_3ecb_3_20_20']
INFO:root:epoch 0 topic 1/1 - merge event clusters with score 0.6182273228963217 clusters : ['ARRESTED_ACT17642853147528564_36_7ecb_1_5_5'] ['arrested_ACT17642853147528564_36_6ecb_3_7_7', 'arrested_ACT17642853147528564_36_2ecb_4_3_3', 'arrested_ACT17642853147528564_36_4ecb_1_20_20', 'arrested_ACT17642853147528564_36_3ecb_1_15_15', 'arrested_ACT17642853147528564_36_9ecb_0_3_3', 'arrested_ACT17642853147528564_36_1ecb_0_5_5', 'arrested_ACT17642853147528564_36_5ecb_1_12_12', 'arrested_ACT17642853147528564_36_8ecb_0_2_2', 'arrested_ACT17642853147528564_36_6ecb_1_13_13', 'arrested_ACT17642853147528564_36_3ecb_2_13_13', 'arrested_ACT17642853147528564_36_2ecb_1_13_13', 'arrested_ACT17642853147528564_36_1ecb_1_12_12', 'arrests_ACT17642853147528564_36_2ecb_0_1_1', 'arrested_ACT17642853147528564_36_8ecb_1_11_11', 'arrested_ACT17642853147528564_36_3ecb_16_11_11']
INFO:root:epoch 0 topic 1/1 - merge event clusters with score 0.5976143479347229 clusters : ['make_Singleton_ACT_69_44_5ecb_44_5ecb_10_4_4'] ['made_Singleton_ACT_60_43_2ecb_43_2ecb_1_24_24', 'made_Singleton_ACT_34_36_2ecb_36_2ecb_0_2_2', 'made official_ACT17773081680210382_42_12ecb_0_23_25', 'made_Singleton_ACT_15_43_13ecbplus_43_13ecbplus_3_2_2']
INFO:root:epoch 0 topic 1/1 - merge event clusters with score 0.6171236038208008 clusters : ['make_Singleton_ACT_113_44_7ecb_44_7ecb_0_10_10'] ['made_Singleton_ACT_60_43_2ecb_43_2ecb_1_24_24', 'made_Singleton_ACT_34_36_2ecb_36_2ecb_0_2_2', 'made official_ACT17773081680210382_42_12ecb_0_23_25', 'made_Singleton_ACT_15_43_13ecbplus_43_13ecbplus_3_2_2', 'make_Singleton_ACT_69_44_5ecb_44_5ecb_10_4_4']
INFO:root:epoch 0 topic 1/1 - merge event clusters with score 0.5703045527140299 clusters : ['bigamy_ACT17642553422075745_36_9ecbplus_2_22_22'] ['polygamy_ACT17642774053647358_36_4ecb_1_27_27', 'polygamy_ACT17642774053647358_36_1ecb_1_17_17', 'polygamy_ACT17642774053647358_36_8ecb_1_18_18', 'polygamy_ACT17642774053647358_36_3ecb_1_20_20', 'Polygamy_ACT28671684617581995_36_11ecbplus_0_8_8', 'Polygamy_ACT17642774053647358_36_2ecb_0_0_0', 'POLYGAMY_ACT17642774053647358_36_7ecb_2_27_27', 'polygamy_ACT17642774053647358_36_6ecb_1_33_33', '"spiritual marriages_ACT17716990655179680_36_6ecbplus_2_31_32', '"spiritual marriages_ACT17716990655179680_36_3ecbplus_2_31_32', 'polygamous marriages_ACT17716990655179680_36_8ecbplus_2_14_15', 'Marriage_ACT17716990655179680_36_11ecbplus_0_6_6']
INFO:root:epoch 0 topic 1/1 - merge event clusters with score 0.5987520217895508 clusters : ['bigamy_ACT17642553422075745_36_9ecbplus_5_20_20'] ['polygamy_ACT17642774053647358_36_4ecb_1_27_27', 'polygamy_ACT17642774053647358_36_1ecb_1_17_17', 'polygamy_ACT17642774053647358_36_8ecb_1_18_18', 'polygamy_ACT17642774053647358_36_3ecb_1_20_20', 'Polygamy_ACT28671684617581995_36_11ecbplus_0_8_8', 'Polygamy_ACT17642774053647358_36_2ecb_0_0_0', 'POLYGAMY_ACT17642774053647358_36_7ecb_2_27_27', 'polygamy_ACT17642774053647358_36_6ecb_1_33_33', '"spiritual marriages_ACT17716990655179680_36_6ecbplus_2_31_32', '"spiritual marriages_ACT17716990655179680_36_3ecbplus_2_31_32', 'polygamous marriages_ACT17716990655179680_36_8ecbplus_2_14_15', 'Marriage_ACT17716990655179680_36_11ecbplus_0_6_6', 'bigamy_ACT17642553422075745_36_9ecbplus_2_22_22']
INFO:root:epoch 0 topic 1/1 - merge event clusters with score 0.5579062037997775 clusters : ['said_Singleton_ACT_109_41_4ecb_41_4ecb_4_22_22'] ['said_ACT17720542426126151_36_5ecb_1_22_22', 'said_ACT17720542426126151_36_1ecb_1_24_24', 'said_Singleton_ACT_28_37_5ecb_37_5ecb_0_38_38', 'said_Singleton_ACT_55_41_1ecb_41_1ecb_2_3_3', 'said_ACT18149955732134942_41_5ecbplus_2_17_17', 'said_ACT18149955732134942_41_8ecbplus_2_26_26', 'said_ACT18149955732134942_41_10ecbplus_1_26_26', 'said_ACT18149955732134942_41_7ecbplus_2_18_18', 'said_ACT17772387402419554_41_7ecb_3_3_3']
INFO:root:epoch 0 topic 1/1 - merge event clusters with score 0.5061883585793632 clusters : ['abortion_ACT18223376076339342_45_8ecbplus_2_30_30'] ['polygamy_ACT17642774053647358_36_4ecb_1_27_27', 'polygamy_ACT17642774053647358_36_1ecb_1_17_17', 'polygamy_ACT17642774053647358_36_8ecb_1_18_18', 'polygamy_ACT17642774053647358_36_3ecb_1_20_20', 'Polygamy_ACT28671684617581995_36_11ecbplus_0_8_8', 'Polygamy_ACT17642774053647358_36_2ecb_0_0_0', 'POLYGAMY_ACT17642774053647358_36_7ecb_2_27_27', 'polygamy_ACT17642774053647358_36_6ecb_1_33_33', '"spiritual marriages_ACT17716990655179680_36_6ecbplus_2_31_32', '"spiritual marriages_ACT17716990655179680_36_3ecbplus_2_31_32', 'polygamous marriages_ACT17716990655179680_36_8ecbplus_2_14_15', 'Marriage_ACT17716990655179680_36_11ecbplus_0_6_6', 'bigamy_ACT17642553422075745_36_9ecbplus_2_22_22', 'bigamy_ACT17642553422075745_36_9ecbplus_5_20_20']
INFO:root:epoch 0 topic 1/1 - merge event clusters with score 0.5363993962605794 clusters : ['abortion_ACT18223376076339342_45_7ecbplus_2_30_30'] ['polygamy_ACT17642774053647358_36_4ecb_1_27_27', 'polygamy_ACT17642774053647358_36_1ecb_1_17_17', 'polygamy_ACT17642774053647358_36_8ecb_1_18_18', 'polygamy_ACT17642774053647358_36_3ecb_1_20_20', 'Polygamy_ACT28671684617581995_36_11ecbplus_0_8_8', 'Polygamy_ACT17642774053647358_36_2ecb_0_0_0', 'POLYGAMY_ACT17642774053647358_36_7ecb_2_27_27', 'polygamy_ACT17642774053647358_36_6ecb_1_33_33', '"spiritual marriages_ACT17716990655179680_36_6ecbplus_2_31_32', '"spiritual marriages_ACT17716990655179680_36_3ecbplus_2_31_32', 'polygamous marriages_ACT17716990655179680_36_8ecbplus_2_14_15', 'Marriage_ACT17716990655179680_36_11ecbplus_0_6_6', 'bigamy_ACT17642553422075745_36_9ecbplus_2_22_22', 'bigamy_ACT17642553422075745_36_9ecbplus_5_20_20', 'abortion_ACT18223376076339342_45_8ecbplus_2_30_30']
INFO:root:Max score = 0.49738659858703616 is lower than threshold = 0.5, stopped merging!
INFO:root:Iteration number 2
INFO:root:Merge event clusters...
INFO:root:Generating cluster pairs...
INFO:root:Initial number of clusters = 1713
INFO:root:Number of generated cluster pairs = 34050
INFO:root:Initialize cluster pairs scores... 
INFO:root:epoch 0 topic 1/1 - merge event clusters with score 0.9992388486862183 clusters : ['conference_Singleton_ACT_18_36_5ecb_36_5ecb_1_26_26'] ['conference_Singleton_ACT_109_43_7ecb_43_7ecb_5_3_3']
INFO:root:epoch 0 topic 1/1 - merge event clusters with score 0.9955487847328186 clusters : ['conference_ACT17764126188523329_40_1ecbplus_2_7_7'] ['conference_Singleton_ACT_109_43_7ecb_43_7ecb_5_3_3', 'conference_Singleton_ACT_18_36_5ecb_36_5ecb_1_26_26']
INFO:root:epoch 0 topic 1/1 - merge event clusters with score 0.9953678448994955 clusters : ['conference_ACT17764126188523329_40_3ecbplus_1_8_8'] ['conference_Singleton_ACT_109_43_7ecb_43_7ecb_5_3_3', 'conference_Singleton_ACT_18_36_5ecb_36_5ecb_1_26_26', 'conference_ACT17764126188523329_40_1ecbplus_2_7_7']
INFO:root:epoch 0 topic 1/1 - merge event clusters with score 0.9899709224700928 clusters : ['Macworld Expo 2009_ACT18091701306793263_40_8ecb_0_5_7'] ['conference_Singleton_ACT_109_43_7ecb_43_7ecb_5_3_3', 'conference_Singleton_ACT_18_36_5ecb_36_5ecb_1_26_26', 'conference_ACT17764126188523329_40_1ecbplus_2_7_7', 'conference_ACT17764126188523329_40_3ecbplus_1_8_8']
INFO:root:epoch 0 topic 1/1 - merge event clusters with score 0.9599637985229492 clusters : ['Macworld Expo_ACT18091701306793263_40_9ecb_0_22_23'] ['conference_Singleton_ACT_109_43_7ecb_43_7ecb_5_3_3', 'conference_Singleton_ACT_18_36_5ecb_36_5ecb_1_26_26', 'conference_ACT17764126188523329_40_1ecbplus_2_7_7', 'conference_ACT17764126188523329_40_3ecbplus_1_8_8', 'Macworld Expo 2009_ACT18091701306793263_40_8ecb_0_5_7']
INFO:root:epoch 0 topic 1/1 - merge event clusters with score 0.9492075443267822 clusters : ['Macworld_ACT18091701306793263_40_5ecb_2_6_6'] ['conference_Singleton_ACT_109_43_7ecb_43_7ecb_5_3_3', 'conference_Singleton_ACT_18_36_5ecb_36_5ecb_1_26_26', 'conference_ACT17764126188523329_40_1ecbplus_2_7_7', 'conference_ACT17764126188523329_40_3ecbplus_1_8_8', 'Macworld Expo 2009_ACT18091701306793263_40_8ecb_0_5_7', 'Macworld Expo_ACT18091701306793263_40_9ecb_0_22_23']
INFO:root:epoch 0 topic 1/1 - merge event clusters with score 0.8936116354806083 clusters : ['WWDC_ACT17764126188523329_40_3ecbplus_0_9_9'] ['conference_Singleton_ACT_109_43_7ecb_43_7ecb_5_3_3', 'conference_Singleton_ACT_18_36_5ecb_36_5ecb_1_26_26', 'conference_ACT17764126188523329_40_1ecbplus_2_7_7', 'conference_ACT17764126188523329_40_3ecbplus_1_8_8', 'Macworld Expo 2009_ACT18091701306793263_40_8ecb_0_5_7', 'Macworld Expo_ACT18091701306793263_40_9ecb_0_22_23', 'Macworld_ACT18091701306793263_40_5ecb_2_6_6']
INFO:root:epoch 0 topic 1/1 - merge event clusters with score 0.8944346904754639 clusters : ['WWDC_ACT17764126188523329_40_1ecbplus_0_9_9'] ['conference_Singleton_ACT_109_43_7ecb_43_7ecb_5_3_3', 'conference_Singleton_ACT_18_36_5ecb_36_5ecb_1_26_26', 'conference_ACT17764126188523329_40_1ecbplus_2_7_7', 'conference_ACT17764126188523329_40_3ecbplus_1_8_8', 'Macworld Expo 2009_ACT18091701306793263_40_8ecb_0_5_7', 'Macworld Expo_ACT18091701306793263_40_9ecb_0_22_23', 'Macworld_ACT18091701306793263_40_5ecb_2_6_6', 'WWDC_ACT17764126188523329_40_3ecbplus_0_9_9']
INFO:root:epoch 0 topic 1/1 - merge event clusters with score 0.9056808683607314 clusters : ['WWDC_ACT17764126188523329_40_7ecbplus_0_9_9'] ['conference_Singleton_ACT_109_43_7ecb_43_7ecb_5_3_3', 'conference_Singleton_ACT_18_36_5ecb_36_5ecb_1_26_26', 'conference_ACT17764126188523329_40_1ecbplus_2_7_7', 'conference_ACT17764126188523329_40_3ecbplus_1_8_8', 'Macworld Expo 2009_ACT18091701306793263_40_8ecb_0_5_7', 'Macworld Expo_ACT18091701306793263_40_9ecb_0_22_23', 'Macworld_ACT18091701306793263_40_5ecb_2_6_6', 'WWDC_ACT17764126188523329_40_3ecbplus_0_9_9', 'WWDC_ACT17764126188523329_40_1ecbplus_0_9_9']
INFO:root:epoch 0 topic 1/1 - merge event clusters with score 0.8950729370117188 clusters : ['MacWorld_ACT18091701306793263_40_10ecb_0_9_9'] ['conference_Singleton_ACT_109_43_7ecb_43_7ecb_5_3_3', 'conference_Singleton_ACT_18_36_5ecb_36_5ecb_1_26_26', 'conference_ACT17764126188523329_40_1ecbplus_2_7_7', 'conference_ACT17764126188523329_40_3ecbplus_1_8_8', 'Macworld Expo 2009_ACT18091701306793263_40_8ecb_0_5_7', 'Macworld Expo_ACT18091701306793263_40_9ecb_0_22_23', 'Macworld_ACT18091701306793263_40_5ecb_2_6_6', 'WWDC_ACT17764126188523329_40_3ecbplus_0_9_9', 'WWDC_ACT17764126188523329_40_1ecbplus_0_9_9', 'WWDC_ACT17764126188523329_40_7ecbplus_0_9_9']
INFO:root:epoch 0 topic 1/1 - merge event clusters with score 0.8933533755215731 clusters : ['Macworld_ACT18091701306793263_40_1ecb_0_10_10'] ['conference_Singleton_ACT_109_43_7ecb_43_7ecb_5_3_3', 'conference_Singleton_ACT_18_36_5ecb_36_5ecb_1_26_26', 'conference_ACT17764126188523329_40_1ecbplus_2_7_7', 'conference_ACT17764126188523329_40_3ecbplus_1_8_8', 'Macworld Expo 2009_ACT18091701306793263_40_8ecb_0_5_7', 'Macworld Expo_ACT18091701306793263_40_9ecb_0_22_23', 'Macworld_ACT18091701306793263_40_5ecb_2_6_6', 'WWDC_ACT17764126188523329_40_3ecbplus_0_9_9', 'WWDC_ACT17764126188523329_40_1ecbplus_0_9_9', 'WWDC_ACT17764126188523329_40_7ecbplus_0_9_9', 'MacWorld_ACT18091701306793263_40_10ecb_0_9_9']
INFO:root:epoch 0 topic 1/1 - merge event clusters with score 0.8974784215291342 clusters : ['WWDC_ACT17764126188523329_40_5ecbplus_2_3_3'] ['conference_Singleton_ACT_109_43_7ecb_43_7ecb_5_3_3', 'conference_Singleton_ACT_18_36_5ecb_36_5ecb_1_26_26', 'conference_ACT17764126188523329_40_1ecbplus_2_7_7', 'conference_ACT17764126188523329_40_3ecbplus_1_8_8', 'Macworld Expo 2009_ACT18091701306793263_40_8ecb_0_5_7', 'Macworld Expo_ACT18091701306793263_40_9ecb_0_22_23', 'Macworld_ACT18091701306793263_40_5ecb_2_6_6', 'WWDC_ACT17764126188523329_40_3ecbplus_0_9_9', 'WWDC_ACT17764126188523329_40_1ecbplus_0_9_9', 'WWDC_ACT17764126188523329_40_7ecbplus_0_9_9', 'MacWorld_ACT18091701306793263_40_10ecb_0_9_9', 'Macworld_ACT18091701306793263_40_1ecb_0_10_10']
INFO:root:epoch 0 topic 1/1 - merge event clusters with score 0.8799079748300406 clusters : ['WWDC_ACT17764126188523329_40_1ecbplus_2_4_4'] ['conference_Singleton_ACT_109_43_7ecb_43_7ecb_5_3_3', 'conference_Singleton_ACT_18_36_5ecb_36_5ecb_1_26_26', 'conference_ACT17764126188523329_40_1ecbplus_2_7_7', 'conference_ACT17764126188523329_40_3ecbplus_1_8_8', 'Macworld Expo 2009_ACT18091701306793263_40_8ecb_0_5_7', 'Macworld Expo_ACT18091701306793263_40_9ecb_0_22_23', 'Macworld_ACT18091701306793263_40_5ecb_2_6_6', 'WWDC_ACT17764126188523329_40_3ecbplus_0_9_9', 'WWDC_ACT17764126188523329_40_1ecbplus_0_9_9', 'WWDC_ACT17764126188523329_40_7ecbplus_0_9_9', 'MacWorld_ACT18091701306793263_40_10ecb_0_9_9', 'Macworld_ACT18091701306793263_40_1ecb_0_10_10', 'WWDC_ACT17764126188523329_40_5ecbplus_2_3_3']
INFO:root:epoch 0 topic 1/1 - merge event clusters with score 0.8825819151742118 clusters : ['WWDC_ACT17764126188523329_40_3ecbplus_1_5_5'] ['conference_Singleton_ACT_109_43_7ecb_43_7ecb_5_3_3', 'conference_Singleton_ACT_18_36_5ecb_36_5ecb_1_26_26', 'conference_ACT17764126188523329_40_1ecbplus_2_7_7', 'conference_ACT17764126188523329_40_3ecbplus_1_8_8', 'Macworld Expo 2009_ACT18091701306793263_40_8ecb_0_5_7', 'Macworld Expo_ACT18091701306793263_40_9ecb_0_22_23', 'Macworld_ACT18091701306793263_40_5ecb_2_6_6', 'WWDC_ACT17764126188523329_40_3ecbplus_0_9_9', 'WWDC_ACT17764126188523329_40_1ecbplus_0_9_9', 'WWDC_ACT17764126188523329_40_7ecbplus_0_9_9', 'MacWorld_ACT18091701306793263_40_10ecb_0_9_9', 'Macworld_ACT18091701306793263_40_1ecb_0_10_10', 'WWDC_ACT17764126188523329_40_5ecbplus_2_3_3', 'WWDC_ACT17764126188523329_40_1ecbplus_2_4_4']
INFO:root:epoch 0 topic 1/1 - merge event clusters with score 0.845391845703125 clusters : ['WWDC Keynote_ACT18089869304330059_40_8ecbplus_2_11_12'] ['conference_Singleton_ACT_109_43_7ecb_43_7ecb_5_3_3', 'conference_Singleton_ACT_18_36_5ecb_36_5ecb_1_26_26', 'conference_ACT17764126188523329_40_1ecbplus_2_7_7', 'conference_ACT17764126188523329_40_3ecbplus_1_8_8', 'Macworld Expo 2009_ACT18091701306793263_40_8ecb_0_5_7', 'Macworld Expo_ACT18091701306793263_40_9ecb_0_22_23', 'Macworld_ACT18091701306793263_40_5ecb_2_6_6', 'WWDC_ACT17764126188523329_40_3ecbplus_0_9_9', 'WWDC_ACT17764126188523329_40_1ecbplus_0_9_9', 'WWDC_ACT17764126188523329_40_7ecbplus_0_9_9', 'MacWorld_ACT18091701306793263_40_10ecb_0_9_9', 'Macworld_ACT18091701306793263_40_1ecb_0_10_10', 'WWDC_ACT17764126188523329_40_5ecbplus_2_3_3', 'WWDC_ACT17764126188523329_40_1ecbplus_2_4_4', 'WWDC_ACT17764126188523329_40_3ecbplus_1_5_5']
INFO:root:epoch 0 topic 1/1 - merge event clusters with score 0.8402290344238281 clusters : ['MOVED IN_Singleton_ACT_50_36_7ecb_36_7ecb_1_2_3'] ['move_ACT18185002852018286_44_6ecbplus_3_2_2']
INFO:root:epoch 0 topic 1/1 - merge event clusters with score 0.8311387300491333 clusters : ['Macworld 2009 keynote_ACT18091701306793263_40_4ecb_0_10_12'] ['conference_Singleton_ACT_109_43_7ecb_43_7ecb_5_3_3', 'conference_Singleton_ACT_18_36_5ecb_36_5ecb_1_26_26', 'conference_ACT17764126188523329_40_1ecbplus_2_7_7', 'conference_ACT17764126188523329_40_3ecbplus_1_8_8', 'Macworld Expo 2009_ACT18091701306793263_40_8ecb_0_5_7', 'Macworld Expo_ACT18091701306793263_40_9ecb_0_22_23', 'Macworld_ACT18091701306793263_40_5ecb_2_6_6', 'WWDC_ACT17764126188523329_40_3ecbplus_0_9_9', 'WWDC_ACT17764126188523329_40_1ecbplus_0_9_9', 'WWDC_ACT17764126188523329_40_7ecbplus_0_9_9', 'MacWorld_ACT18091701306793263_40_10ecb_0_9_9', 'Macworld_ACT18091701306793263_40_1ecb_0_10_10', 'WWDC_ACT17764126188523329_40_5ecbplus_2_3_3', 'WWDC_ACT17764126188523329_40_1ecbplus_2_4_4', 'WWDC_ACT17764126188523329_40_3ecbplus_1_5_5', 'WWDC Keynote_ACT18089869304330059_40_8ecbplus_2_11_12']
INFO:root:epoch 0 topic 1/1 - merge event clusters with score 0.7686275839805603 clusters : ['began_Singleton_ACT_43_36_3ecb_36_3ecb_16_3_3'] ['began_Singleton_ACT_42_41_6ecbplus_41_6ecbplus_9_45_45']
INFO:root:epoch 0 topic 1/1 - merge event clusters with score 0.7483137249946594 clusters : ['move_ACT17773499018825369_43_5ecbplus_2_17_17'] ['move_ACT18185002852018286_44_6ecbplus_3_2_2', 'MOVED IN_Singleton_ACT_50_36_7ecb_36_7ecb_1_2_3']
INFO:root:epoch 0 topic 1/1 - merge event clusters with score 0.7478059132893881 clusters : ['Acquisition_ACT17773499018825369_43_3ecbplus_0_6_6'] ['move_ACT18185002852018286_44_6ecbplus_3_2_2', 'MOVED IN_Singleton_ACT_50_36_7ecb_36_7ecb_1_2_3', 'move_ACT17773499018825369_43_5ecbplus_2_17_17']
INFO:root:epoch 0 topic 1/1 - merge event clusters with score 0.7789885997772217 clusters : ['acquisition_ACT17773499018825369_43_15ecbplus_16_12_12'] ['move_ACT18185002852018286_44_6ecbplus_3_2_2', 'MOVED IN_Singleton_ACT_50_36_7ecb_36_7ecb_1_2_3', 'move_ACT17773499018825369_43_5ecbplus_2_17_17', 'Acquisition_ACT17773499018825369_43_3ecbplus_0_6_6']
INFO:root:epoch 0 topic 1/1 - merge event clusters with score 0.8069151878356934 clusters : ['Acquisition_ACT17773499018825369_43_6ecbplus_0_1_1'] ['move_ACT18185002852018286_44_6ecbplus_3_2_2', 'MOVED IN_Singleton_ACT_50_36_7ecb_36_7ecb_1_2_3', 'move_ACT17773499018825369_43_5ecbplus_2_17_17', 'Acquisition_ACT17773499018825369_43_3ecbplus_0_6_6', 'acquisition_ACT17773499018825369_43_15ecbplus_16_12_12']
INFO:root:epoch 0 topic 1/1 - merge event clusters with score 0.8105475107828776 clusters : ['acquisition_ACT17774320253942795_43_8ecb_0_3_3'] ['move_ACT18185002852018286_44_6ecbplus_3_2_2', 'MOVED IN_Singleton_ACT_50_36_7ecb_36_7ecb_1_2_3', 'move_ACT17773499018825369_43_5ecbplus_2_17_17', 'Acquisition_ACT17773499018825369_43_3ecbplus_0_6_6', 'acquisition_ACT17773499018825369_43_15ecbplus_16_12_12', 'Acquisition_ACT17773499018825369_43_6ecbplus_0_1_1']
INFO:root:epoch 0 topic 1/1 - merge event clusters with score 0.8343368257795062 clusters : ['acquisition_ACT17773499018825369_43_9ecbplus_2_4_4'] ['move_ACT18185002852018286_44_6ecbplus_3_2_2', 'MOVED IN_Singleton_ACT_50_36_7ecb_36_7ecb_1_2_3', 'move_ACT17773499018825369_43_5ecbplus_2_17_17', 'Acquisition_ACT17773499018825369_43_3ecbplus_0_6_6', 'acquisition_ACT17773499018825369_43_15ecbplus_16_12_12', 'Acquisition_ACT17773499018825369_43_6ecbplus_0_1_1', 'acquisition_ACT17774320253942795_43_8ecb_0_3_3']
INFO:root:epoch 0 topic 1/1 - merge event clusters with score 0.8466701507568359 clusters : ['acquisition_ACT18185002852018286_44_8ecbplus_4_5_5'] ['move_ACT18185002852018286_44_6ecbplus_3_2_2', 'MOVED IN_Singleton_ACT_50_36_7ecb_36_7ecb_1_2_3', 'move_ACT17773499018825369_43_5ecbplus_2_17_17', 'Acquisition_ACT17773499018825369_43_3ecbplus_0_6_6', 'acquisition_ACT17773499018825369_43_15ecbplus_16_12_12', 'Acquisition_ACT17773499018825369_43_6ecbplus_0_1_1', 'acquisition_ACT17774320253942795_43_8ecb_0_3_3', 'acquisition_ACT17773499018825369_43_9ecbplus_2_4_4']
INFO:root:epoch 0 topic 1/1 - merge event clusters with score 0.8475639555189345 clusters : ['acquisition_ACT17774320253942795_43_3ecb_4_1_1'] ['move_ACT18185002852018286_44_6ecbplus_3_2_2', 'MOVED IN_Singleton_ACT_50_36_7ecb_36_7ecb_1_2_3', 'move_ACT17773499018825369_43_5ecbplus_2_17_17', 'Acquisition_ACT17773499018825369_43_3ecbplus_0_6_6', 'acquisition_ACT17773499018825369_43_15ecbplus_16_12_12', 'Acquisition_ACT17773499018825369_43_6ecbplus_0_1_1', 'acquisition_ACT17774320253942795_43_8ecb_0_3_3', 'acquisition_ACT17773499018825369_43_9ecbplus_2_4_4', 'acquisition_ACT18185002852018286_44_8ecbplus_4_5_5']
INFO:root:epoch 0 topic 1/1 - merge event clusters with score 0.8607443809509278 clusters : ['merger_ACT17774320253942795_43_7ecb_12_1_1'] ['move_ACT18185002852018286_44_6ecbplus_3_2_2', 'MOVED IN_Singleton_ACT_50_36_7ecb_36_7ecb_1_2_3', 'move_ACT17773499018825369_43_5ecbplus_2_17_17', 'Acquisition_ACT17773499018825369_43_3ecbplus_0_6_6', 'acquisition_ACT17773499018825369_43_15ecbplus_16_12_12', 'Acquisition_ACT17773499018825369_43_6ecbplus_0_1_1', 'acquisition_ACT17774320253942795_43_8ecb_0_3_3', 'acquisition_ACT17773499018825369_43_9ecbplus_2_4_4', 'acquisition_ACT18185002852018286_44_8ecbplus_4_5_5', 'acquisition_ACT17774320253942795_43_3ecb_4_1_1']
INFO:root:epoch 0 topic 1/1 - merge event clusters with score 0.867819525978782 clusters : ['acquisition_ACT18185002852018286_44_6ecbplus_4_4_4'] ['move_ACT18185002852018286_44_6ecbplus_3_2_2', 'MOVED IN_Singleton_ACT_50_36_7ecb_36_7ecb_1_2_3', 'move_ACT17773499018825369_43_5ecbplus_2_17_17', 'Acquisition_ACT17773499018825369_43_3ecbplus_0_6_6', 'acquisition_ACT17773499018825369_43_15ecbplus_16_12_12', 'Acquisition_ACT17773499018825369_43_6ecbplus_0_1_1', 'acquisition_ACT17774320253942795_43_8ecb_0_3_3', 'acquisition_ACT17773499018825369_43_9ecbplus_2_4_4', 'acquisition_ACT18185002852018286_44_8ecbplus_4_5_5', 'acquisition_ACT17774320253942795_43_3ecb_4_1_1', 'merger_ACT17774320253942795_43_7ecb_12_1_1']
INFO:root:epoch 0 topic 1/1 - merge event clusters with score 0.8757242361704508 clusters : ['acquisition_ACT17774320253942795_43_5ecb_3_1_1'] ['move_ACT18185002852018286_44_6ecbplus_3_2_2', 'MOVED IN_Singleton_ACT_50_36_7ecb_36_7ecb_1_2_3', 'move_ACT17773499018825369_43_5ecbplus_2_17_17', 'Acquisition_ACT17773499018825369_43_3ecbplus_0_6_6', 'acquisition_ACT17773499018825369_43_15ecbplus_16_12_12', 'Acquisition_ACT17773499018825369_43_6ecbplus_0_1_1', 'acquisition_ACT17774320253942795_43_8ecb_0_3_3', 'acquisition_ACT17773499018825369_43_9ecbplus_2_4_4', 'acquisition_ACT18185002852018286_44_8ecbplus_4_5_5', 'acquisition_ACT17774320253942795_43_3ecb_4_1_1', 'merger_ACT17774320253942795_43_7ecb_12_1_1', 'acquisition_ACT18185002852018286_44_6ecbplus_4_4_4']
INFO:root:epoch 0 topic 1/1 - merge event clusters with score 0.8799629211425781 clusters : ['purchase_ACT17774320253942795_43_5ecb_12_1_1'] ['move_ACT18185002852018286_44_6ecbplus_3_2_2', 'MOVED IN_Singleton_ACT_50_36_7ecb_36_7ecb_1_2_3', 'move_ACT17773499018825369_43_5ecbplus_2_17_17', 'Acquisition_ACT17773499018825369_43_3ecbplus_0_6_6', 'acquisition_ACT17773499018825369_43_15ecbplus_16_12_12', 'Acquisition_ACT17773499018825369_43_6ecbplus_0_1_1', 'acquisition_ACT17774320253942795_43_8ecb_0_3_3', 'acquisition_ACT17773499018825369_43_9ecbplus_2_4_4', 'acquisition_ACT18185002852018286_44_8ecbplus_4_5_5', 'acquisition_ACT17774320253942795_43_3ecb_4_1_1', 'merger_ACT17774320253942795_43_7ecb_12_1_1', 'acquisition_ACT18185002852018286_44_6ecbplus_4_4_4', 'acquisition_ACT17774320253942795_43_5ecb_3_1_1']
INFO:root:epoch 0 topic 1/1 - merge event clusters with score 0.8819991520472935 clusters : ['acquisition_ACT17773499018825369_43_8ecbplus_1_14_14'] ['move_ACT18185002852018286_44_6ecbplus_3_2_2', 'MOVED IN_Singleton_ACT_50_36_7ecb_36_7ecb_1_2_3', 'move_ACT17773499018825369_43_5ecbplus_2_17_17', 'Acquisition_ACT17773499018825369_43_3ecbplus_0_6_6', 'acquisition_ACT17773499018825369_43_15ecbplus_16_12_12', 'Acquisition_ACT17773499018825369_43_6ecbplus_0_1_1', 'acquisition_ACT17774320253942795_43_8ecb_0_3_3', 'acquisition_ACT17773499018825369_43_9ecbplus_2_4_4', 'acquisition_ACT18185002852018286_44_8ecbplus_4_5_5', 'acquisition_ACT17774320253942795_43_3ecb_4_1_1', 'merger_ACT17774320253942795_43_7ecb_12_1_1', 'acquisition_ACT18185002852018286_44_6ecbplus_4_4_4', 'acquisition_ACT17774320253942795_43_5ecb_3_1_1', 'purchase_ACT17774320253942795_43_5ecb_12_1_1']
INFO:root:epoch 0 topic 1/1 - merge event clusters with score 0.885550053914388 clusters : ['Acquisition_ACT18185002852018286_44_2ecbplus_0_7_7'] ['move_ACT18185002852018286_44_6ecbplus_3_2_2', 'MOVED IN_Singleton_ACT_50_36_7ecb_36_7ecb_1_2_3', 'move_ACT17773499018825369_43_5ecbplus_2_17_17', 'Acquisition_ACT17773499018825369_43_3ecbplus_0_6_6', 'acquisition_ACT17773499018825369_43_15ecbplus_16_12_12', 'Acquisition_ACT17773499018825369_43_6ecbplus_0_1_1', 'acquisition_ACT17774320253942795_43_8ecb_0_3_3', 'acquisition_ACT17773499018825369_43_9ecbplus_2_4_4', 'acquisition_ACT18185002852018286_44_8ecbplus_4_5_5', 'acquisition_ACT17774320253942795_43_3ecb_4_1_1', 'merger_ACT17774320253942795_43_7ecb_12_1_1', 'acquisition_ACT18185002852018286_44_6ecbplus_4_4_4', 'acquisition_ACT17774320253942795_43_5ecb_3_1_1', 'purchase_ACT17774320253942795_43_5ecb_12_1_1', 'acquisition_ACT17773499018825369_43_8ecbplus_1_14_14']
INFO:root:epoch 0 topic 1/1 - merge event clusters with score 0.8899716138839722 clusters : ['acquisition_ACT17773499018825369_43_9ecbplus_5_7_7'] ['move_ACT18185002852018286_44_6ecbplus_3_2_2', 'MOVED IN_Singleton_ACT_50_36_7ecb_36_7ecb_1_2_3', 'move_ACT17773499018825369_43_5ecbplus_2_17_17', 'Acquisition_ACT17773499018825369_43_3ecbplus_0_6_6', 'acquisition_ACT17773499018825369_43_15ecbplus_16_12_12', 'Acquisition_ACT17773499018825369_43_6ecbplus_0_1_1', 'acquisition_ACT17774320253942795_43_8ecb_0_3_3', 'acquisition_ACT17773499018825369_43_9ecbplus_2_4_4', 'acquisition_ACT18185002852018286_44_8ecbplus_4_5_5', 'acquisition_ACT17774320253942795_43_3ecb_4_1_1', 'merger_ACT17774320253942795_43_7ecb_12_1_1', 'acquisition_ACT18185002852018286_44_6ecbplus_4_4_4', 'acquisition_ACT17774320253942795_43_5ecb_3_1_1', 'purchase_ACT17774320253942795_43_5ecb_12_1_1', 'acquisition_ACT17773499018825369_43_8ecbplus_1_14_14', 'Acquisition_ACT18185002852018286_44_2ecbplus_0_7_7']
INFO:root:epoch 0 topic 1/1 - merge event clusters with score 0.8873117110308479 clusters : ['acquisition_ACT18222897859726438_44_7ecb_0_8_8'] ['move_ACT18185002852018286_44_6ecbplus_3_2_2', 'MOVED IN_Singleton_ACT_50_36_7ecb_36_7ecb_1_2_3', 'move_ACT17773499018825369_43_5ecbplus_2_17_17', 'Acquisition_ACT17773499018825369_43_3ecbplus_0_6_6', 'acquisition_ACT17773499018825369_43_15ecbplus_16_12_12', 'Acquisition_ACT17773499018825369_43_6ecbplus_0_1_1', 'acquisition_ACT17774320253942795_43_8ecb_0_3_3', 'acquisition_ACT17773499018825369_43_9ecbplus_2_4_4', 'acquisition_ACT18185002852018286_44_8ecbplus_4_5_5', 'acquisition_ACT17774320253942795_43_3ecb_4_1_1', 'merger_ACT17774320253942795_43_7ecb_12_1_1', 'acquisition_ACT18185002852018286_44_6ecbplus_4_4_4', 'acquisition_ACT17774320253942795_43_5ecb_3_1_1', 'purchase_ACT17774320253942795_43_5ecb_12_1_1', 'acquisition_ACT17773499018825369_43_8ecbplus_1_14_14', 'Acquisition_ACT18185002852018286_44_2ecbplus_0_7_7', 'acquisition_ACT17773499018825369_43_9ecbplus_5_7_7']
INFO:root:epoch 0 topic 1/1 - merge event clusters with score 0.8836700121561686 clusters : ['acquisition_ACT18185002852018286_44_8ecbplus_2_15_15'] ['move_ACT18185002852018286_44_6ecbplus_3_2_2', 'MOVED IN_Singleton_ACT_50_36_7ecb_36_7ecb_1_2_3', 'move_ACT17773499018825369_43_5ecbplus_2_17_17', 'Acquisition_ACT17773499018825369_43_3ecbplus_0_6_6', 'acquisition_ACT17773499018825369_43_15ecbplus_16_12_12', 'Acquisition_ACT17773499018825369_43_6ecbplus_0_1_1', 'acquisition_ACT17774320253942795_43_8ecb_0_3_3', 'acquisition_ACT17773499018825369_43_9ecbplus_2_4_4', 'acquisition_ACT18185002852018286_44_8ecbplus_4_5_5', 'acquisition_ACT17774320253942795_43_3ecb_4_1_1', 'merger_ACT17774320253942795_43_7ecb_12_1_1', 'acquisition_ACT18185002852018286_44_6ecbplus_4_4_4', 'acquisition_ACT17774320253942795_43_5ecb_3_1_1', 'purchase_ACT17774320253942795_43_5ecb_12_1_1', 'acquisition_ACT17773499018825369_43_8ecbplus_1_14_14', 'Acquisition_ACT18185002852018286_44_2ecbplus_0_7_7', 'acquisition_ACT17773499018825369_43_9ecbplus_5_7_7', 'acquisition_ACT18222897859726438_44_7ecb_0_8_8']
INFO:root:epoch 0 topic 1/1 - merge event clusters with score 0.8766739493922183 clusters : ['merger_ACT17774320253942795_43_7ecb_5_6_6'] ['move_ACT18185002852018286_44_6ecbplus_3_2_2', 'MOVED IN_Singleton_ACT_50_36_7ecb_36_7ecb_1_2_3', 'move_ACT17773499018825369_43_5ecbplus_2_17_17', 'Acquisition_ACT17773499018825369_43_3ecbplus_0_6_6', 'acquisition_ACT17773499018825369_43_15ecbplus_16_12_12', 'Acquisition_ACT17773499018825369_43_6ecbplus_0_1_1', 'acquisition_ACT17774320253942795_43_8ecb_0_3_3', 'acquisition_ACT17773499018825369_43_9ecbplus_2_4_4', 'acquisition_ACT18185002852018286_44_8ecbplus_4_5_5', 'acquisition_ACT17774320253942795_43_3ecb_4_1_1', 'merger_ACT17774320253942795_43_7ecb_12_1_1', 'acquisition_ACT18185002852018286_44_6ecbplus_4_4_4', 'acquisition_ACT17774320253942795_43_5ecb_3_1_1', 'purchase_ACT17774320253942795_43_5ecb_12_1_1', 'acquisition_ACT17773499018825369_43_8ecbplus_1_14_14', 'Acquisition_ACT18185002852018286_44_2ecbplus_0_7_7', 'acquisition_ACT17773499018825369_43_9ecbplus_5_7_7', 'acquisition_ACT18222897859726438_44_7ecb_0_8_8', 'acquisition_ACT18185002852018286_44_8ecbplus_2_15_15']
INFO:root:epoch 0 topic 1/1 - merge event clusters with score 0.8689369201660156 clusters : ['acquisition_ACT18185002852018286_44_6ecbplus_2_1_1'] ['move_ACT18185002852018286_44_6ecbplus_3_2_2', 'MOVED IN_Singleton_ACT_50_36_7ecb_36_7ecb_1_2_3', 'move_ACT17773499018825369_43_5ecbplus_2_17_17', 'Acquisition_ACT17773499018825369_43_3ecbplus_0_6_6', 'acquisition_ACT17773499018825369_43_15ecbplus_16_12_12', 'Acquisition_ACT17773499018825369_43_6ecbplus_0_1_1', 'acquisition_ACT17774320253942795_43_8ecb_0_3_3', 'acquisition_ACT17773499018825369_43_9ecbplus_2_4_4', 'acquisition_ACT18185002852018286_44_8ecbplus_4_5_5', 'acquisition_ACT17774320253942795_43_3ecb_4_1_1', 'merger_ACT17774320253942795_43_7ecb_12_1_1', 'acquisition_ACT18185002852018286_44_6ecbplus_4_4_4', 'acquisition_ACT17774320253942795_43_5ecb_3_1_1', 'purchase_ACT17774320253942795_43_5ecb_12_1_1', 'acquisition_ACT17773499018825369_43_8ecbplus_1_14_14', 'Acquisition_ACT18185002852018286_44_2ecbplus_0_7_7', 'acquisition_ACT17773499018825369_43_9ecbplus_5_7_7', 'acquisition_ACT18222897859726438_44_7ecb_0_8_8', 'acquisition_ACT18185002852018286_44_8ecbplus_2_15_15', 'merger_ACT17774320253942795_43_7ecb_5_6_6']
INFO:root:epoch 0 topic 1/1 - merge event clusters with score 0.8742426009405226 clusters : ['acquisition_ACT18222897859726438_44_6ecb_6_11_11'] ['move_ACT18185002852018286_44_6ecbplus_3_2_2', 'MOVED IN_Singleton_ACT_50_36_7ecb_36_7ecb_1_2_3', 'move_ACT17773499018825369_43_5ecbplus_2_17_17', 'Acquisition_ACT17773499018825369_43_3ecbplus_0_6_6', 'acquisition_ACT17773499018825369_43_15ecbplus_16_12_12', 'Acquisition_ACT17773499018825369_43_6ecbplus_0_1_1', 'acquisition_ACT17774320253942795_43_8ecb_0_3_3', 'acquisition_ACT17773499018825369_43_9ecbplus_2_4_4', 'acquisition_ACT18185002852018286_44_8ecbplus_4_5_5', 'acquisition_ACT17774320253942795_43_3ecb_4_1_1', 'merger_ACT17774320253942795_43_7ecb_12_1_1', 'acquisition_ACT18185002852018286_44_6ecbplus_4_4_4', 'acquisition_ACT17774320253942795_43_5ecb_3_1_1', 'purchase_ACT17774320253942795_43_5ecb_12_1_1', 'acquisition_ACT17773499018825369_43_8ecbplus_1_14_14', 'Acquisition_ACT18185002852018286_44_2ecbplus_0_7_7', 'acquisition_ACT17773499018825369_43_9ecbplus_5_7_7', 'acquisition_ACT18222897859726438_44_7ecb_0_8_8', 'acquisition_ACT18185002852018286_44_8ecbplus_2_15_15', 'merger_ACT17774320253942795_43_7ecb_5_6_6', 'acquisition_ACT18185002852018286_44_6ecbplus_2_1_1']
INFO:root:epoch 0 topic 1/1 - merge event clusters with score 0.8763535239479758 clusters : ['acquisition_ACT17774320253942795_43_3ecb_12_17_17'] ['move_ACT18185002852018286_44_6ecbplus_3_2_2', 'MOVED IN_Singleton_ACT_50_36_7ecb_36_7ecb_1_2_3', 'move_ACT17773499018825369_43_5ecbplus_2_17_17', 'Acquisition_ACT17773499018825369_43_3ecbplus_0_6_6', 'acquisition_ACT17773499018825369_43_15ecbplus_16_12_12', 'Acquisition_ACT17773499018825369_43_6ecbplus_0_1_1', 'acquisition_ACT17774320253942795_43_8ecb_0_3_3', 'acquisition_ACT17773499018825369_43_9ecbplus_2_4_4', 'acquisition_ACT18185002852018286_44_8ecbplus_4_5_5', 'acquisition_ACT17774320253942795_43_3ecb_4_1_1', 'merger_ACT17774320253942795_43_7ecb_12_1_1', 'acquisition_ACT18185002852018286_44_6ecbplus_4_4_4', 'acquisition_ACT17774320253942795_43_5ecb_3_1_1', 'purchase_ACT17774320253942795_43_5ecb_12_1_1', 'acquisition_ACT17773499018825369_43_8ecbplus_1_14_14', 'Acquisition_ACT18185002852018286_44_2ecbplus_0_7_7', 'acquisition_ACT17773499018825369_43_9ecbplus_5_7_7', 'acquisition_ACT18222897859726438_44_7ecb_0_8_8', 'acquisition_ACT18185002852018286_44_8ecbplus_2_15_15', 'merger_ACT17774320253942795_43_7ecb_5_6_6', 'acquisition_ACT18185002852018286_44_6ecbplus_2_1_1', 'acquisition_ACT18222897859726438_44_6ecb_6_11_11']
INFO:root:epoch 0 topic 1/1 - merge event clusters with score 0.8709087371826172 clusters : ['acquisition_ACT18222897859726438_44_2ecb_10_12_12'] ['move_ACT18185002852018286_44_6ecbplus_3_2_2', 'MOVED IN_Singleton_ACT_50_36_7ecb_36_7ecb_1_2_3', 'move_ACT17773499018825369_43_5ecbplus_2_17_17', 'Acquisition_ACT17773499018825369_43_3ecbplus_0_6_6', 'acquisition_ACT17773499018825369_43_15ecbplus_16_12_12', 'Acquisition_ACT17773499018825369_43_6ecbplus_0_1_1', 'acquisition_ACT17774320253942795_43_8ecb_0_3_3', 'acquisition_ACT17773499018825369_43_9ecbplus_2_4_4', 'acquisition_ACT18185002852018286_44_8ecbplus_4_5_5', 'acquisition_ACT17774320253942795_43_3ecb_4_1_1', 'merger_ACT17774320253942795_43_7ecb_12_1_1', 'acquisition_ACT18185002852018286_44_6ecbplus_4_4_4', 'acquisition_ACT17774320253942795_43_5ecb_3_1_1', 'purchase_ACT17774320253942795_43_5ecb_12_1_1', 'acquisition_ACT17773499018825369_43_8ecbplus_1_14_14', 'Acquisition_ACT18185002852018286_44_2ecbplus_0_7_7', 'acquisition_ACT17773499018825369_43_9ecbplus_5_7_7', 'acquisition_ACT18222897859726438_44_7ecb_0_8_8', 'acquisition_ACT18185002852018286_44_8ecbplus_2_15_15', 'merger_ACT17774320253942795_43_7ecb_5_6_6', 'acquisition_ACT18185002852018286_44_6ecbplus_2_1_1', 'acquisition_ACT18222897859726438_44_6ecb_6_11_11', 'acquisition_ACT17774320253942795_43_3ecb_12_17_17']
INFO:root:epoch 0 topic 1/1 - merge event clusters with score 0.8731093406677246 clusters : ['acquisition_ACT17774320253942795_43_1ecb_1_18_18'] ['move_ACT18185002852018286_44_6ecbplus_3_2_2', 'MOVED IN_Singleton_ACT_50_36_7ecb_36_7ecb_1_2_3', 'move_ACT17773499018825369_43_5ecbplus_2_17_17', 'Acquisition_ACT17773499018825369_43_3ecbplus_0_6_6', 'acquisition_ACT17773499018825369_43_15ecbplus_16_12_12', 'Acquisition_ACT17773499018825369_43_6ecbplus_0_1_1', 'acquisition_ACT17774320253942795_43_8ecb_0_3_3', 'acquisition_ACT17773499018825369_43_9ecbplus_2_4_4', 'acquisition_ACT18185002852018286_44_8ecbplus_4_5_5', 'acquisition_ACT17774320253942795_43_3ecb_4_1_1', 'merger_ACT17774320253942795_43_7ecb_12_1_1', 'acquisition_ACT18185002852018286_44_6ecbplus_4_4_4', 'acquisition_ACT17774320253942795_43_5ecb_3_1_1', 'purchase_ACT17774320253942795_43_5ecb_12_1_1', 'acquisition_ACT17773499018825369_43_8ecbplus_1_14_14', 'Acquisition_ACT18185002852018286_44_2ecbplus_0_7_7', 'acquisition_ACT17773499018825369_43_9ecbplus_5_7_7', 'acquisition_ACT18222897859726438_44_7ecb_0_8_8', 'acquisition_ACT18185002852018286_44_8ecbplus_2_15_15', 'merger_ACT17774320253942795_43_7ecb_5_6_6', 'acquisition_ACT18185002852018286_44_6ecbplus_2_1_1', 'acquisition_ACT18222897859726438_44_6ecb_6_11_11', 'acquisition_ACT17774320253942795_43_3ecb_12_17_17', 'acquisition_ACT18222897859726438_44_2ecb_10_12_12']
INFO:root:epoch 0 topic 1/1 - merge event clusters with score 0.8746090698242187 clusters : ['acquisition_ACT18222897859726438_44_7ecb_1_10_10'] ['move_ACT18185002852018286_44_6ecbplus_3_2_2', 'MOVED IN_Singleton_ACT_50_36_7ecb_36_7ecb_1_2_3', 'move_ACT17773499018825369_43_5ecbplus_2_17_17', 'Acquisition_ACT17773499018825369_43_3ecbplus_0_6_6', 'acquisition_ACT17773499018825369_43_15ecbplus_16_12_12', 'Acquisition_ACT17773499018825369_43_6ecbplus_0_1_1', 'acquisition_ACT17774320253942795_43_8ecb_0_3_3', 'acquisition_ACT17773499018825369_43_9ecbplus_2_4_4', 'acquisition_ACT18185002852018286_44_8ecbplus_4_5_5', 'acquisition_ACT17774320253942795_43_3ecb_4_1_1', 'merger_ACT17774320253942795_43_7ecb_12_1_1', 'acquisition_ACT18185002852018286_44_6ecbplus_4_4_4', 'acquisition_ACT17774320253942795_43_5ecb_3_1_1', 'purchase_ACT17774320253942795_43_5ecb_12_1_1', 'acquisition_ACT17773499018825369_43_8ecbplus_1_14_14', 'Acquisition_ACT18185002852018286_44_2ecbplus_0_7_7', 'acquisition_ACT17773499018825369_43_9ecbplus_5_7_7', 'acquisition_ACT18222897859726438_44_7ecb_0_8_8', 'acquisition_ACT18185002852018286_44_8ecbplus_2_15_15', 'merger_ACT17774320253942795_43_7ecb_5_6_6', 'acquisition_ACT18185002852018286_44_6ecbplus_2_1_1', 'acquisition_ACT18222897859726438_44_6ecb_6_11_11', 'acquisition_ACT17774320253942795_43_3ecb_12_17_17', 'acquisition_ACT18222897859726438_44_2ecb_10_12_12', 'acquisition_ACT17774320253942795_43_1ecb_1_18_18']
INFO:root:epoch 0 topic 1/1 - merge event clusters with score 0.860339091374324 clusters : ['merger_ACT17774320253942795_43_1ecb_19_1_1'] ['move_ACT18185002852018286_44_6ecbplus_3_2_2', 'MOVED IN_Singleton_ACT_50_36_7ecb_36_7ecb_1_2_3', 'move_ACT17773499018825369_43_5ecbplus_2_17_17', 'Acquisition_ACT17773499018825369_43_3ecbplus_0_6_6', 'acquisition_ACT17773499018825369_43_15ecbplus_16_12_12', 'Acquisition_ACT17773499018825369_43_6ecbplus_0_1_1', 'acquisition_ACT17774320253942795_43_8ecb_0_3_3', 'acquisition_ACT17773499018825369_43_9ecbplus_2_4_4', 'acquisition_ACT18185002852018286_44_8ecbplus_4_5_5', 'acquisition_ACT17774320253942795_43_3ecb_4_1_1', 'merger_ACT17774320253942795_43_7ecb_12_1_1', 'acquisition_ACT18185002852018286_44_6ecbplus_4_4_4', 'acquisition_ACT17774320253942795_43_5ecb_3_1_1', 'purchase_ACT17774320253942795_43_5ecb_12_1_1', 'acquisition_ACT17773499018825369_43_8ecbplus_1_14_14', 'Acquisition_ACT18185002852018286_44_2ecbplus_0_7_7', 'acquisition_ACT17773499018825369_43_9ecbplus_5_7_7', 'acquisition_ACT18222897859726438_44_7ecb_0_8_8', 'acquisition_ACT18185002852018286_44_8ecbplus_2_15_15', 'merger_ACT17774320253942795_43_7ecb_5_6_6', 'acquisition_ACT18185002852018286_44_6ecbplus_2_1_1', 'acquisition_ACT18222897859726438_44_6ecb_6_11_11', 'acquisition_ACT17774320253942795_43_3ecb_12_17_17', 'acquisition_ACT18222897859726438_44_2ecb_10_12_12', 'acquisition_ACT17774320253942795_43_1ecb_1_18_18', 'acquisition_ACT18222897859726438_44_7ecb_1_10_10']
INFO:root:epoch 0 topic 1/1 - merge event clusters with score 0.8609027156123409 clusters : ['acquisition_ACT18222897859726438_44_7ecb_2_24_24'] ['move_ACT18185002852018286_44_6ecbplus_3_2_2', 'MOVED IN_Singleton_ACT_50_36_7ecb_36_7ecb_1_2_3', 'move_ACT17773499018825369_43_5ecbplus_2_17_17', 'Acquisition_ACT17773499018825369_43_3ecbplus_0_6_6', 'acquisition_ACT17773499018825369_43_15ecbplus_16_12_12', 'Acquisition_ACT17773499018825369_43_6ecbplus_0_1_1', 'acquisition_ACT17774320253942795_43_8ecb_0_3_3', 'acquisition_ACT17773499018825369_43_9ecbplus_2_4_4', 'acquisition_ACT18185002852018286_44_8ecbplus_4_5_5', 'acquisition_ACT17774320253942795_43_3ecb_4_1_1', 'merger_ACT17774320253942795_43_7ecb_12_1_1', 'acquisition_ACT18185002852018286_44_6ecbplus_4_4_4', 'acquisition_ACT17774320253942795_43_5ecb_3_1_1', 'purchase_ACT17774320253942795_43_5ecb_12_1_1', 'acquisition_ACT17773499018825369_43_8ecbplus_1_14_14', 'Acquisition_ACT18185002852018286_44_2ecbplus_0_7_7', 'acquisition_ACT17773499018825369_43_9ecbplus_5_7_7', 'acquisition_ACT18222897859726438_44_7ecb_0_8_8', 'acquisition_ACT18185002852018286_44_8ecbplus_2_15_15', 'merger_ACT17774320253942795_43_7ecb_5_6_6', 'acquisition_ACT18185002852018286_44_6ecbplus_2_1_1', 'acquisition_ACT18222897859726438_44_6ecb_6_11_11', 'acquisition_ACT17774320253942795_43_3ecb_12_17_17', 'acquisition_ACT18222897859726438_44_2ecb_10_12_12', 'acquisition_ACT17774320253942795_43_1ecb_1_18_18', 'acquisition_ACT18222897859726438_44_7ecb_1_10_10', 'merger_ACT17774320253942795_43_1ecb_19_1_1']
INFO:root:epoch 0 topic 1/1 - merge event clusters with score 0.8619789396013532 clusters : ['acquisition_ACT18185002852018286_44_11ecbplus_0_5_5'] ['move_ACT18185002852018286_44_6ecbplus_3_2_2', 'MOVED IN_Singleton_ACT_50_36_7ecb_36_7ecb_1_2_3', 'move_ACT17773499018825369_43_5ecbplus_2_17_17', 'Acquisition_ACT17773499018825369_43_3ecbplus_0_6_6', 'acquisition_ACT17773499018825369_43_15ecbplus_16_12_12', 'Acquisition_ACT17773499018825369_43_6ecbplus_0_1_1', 'acquisition_ACT17774320253942795_43_8ecb_0_3_3', 'acquisition_ACT17773499018825369_43_9ecbplus_2_4_4', 'acquisition_ACT18185002852018286_44_8ecbplus_4_5_5', 'acquisition_ACT17774320253942795_43_3ecb_4_1_1', 'merger_ACT17774320253942795_43_7ecb_12_1_1', 'acquisition_ACT18185002852018286_44_6ecbplus_4_4_4', 'acquisition_ACT17774320253942795_43_5ecb_3_1_1', 'purchase_ACT17774320253942795_43_5ecb_12_1_1', 'acquisition_ACT17773499018825369_43_8ecbplus_1_14_14', 'Acquisition_ACT18185002852018286_44_2ecbplus_0_7_7', 'acquisition_ACT17773499018825369_43_9ecbplus_5_7_7', 'acquisition_ACT18222897859726438_44_7ecb_0_8_8', 'acquisition_ACT18185002852018286_44_8ecbplus_2_15_15', 'merger_ACT17774320253942795_43_7ecb_5_6_6', 'acquisition_ACT18185002852018286_44_6ecbplus_2_1_1', 'acquisition_ACT18222897859726438_44_6ecb_6_11_11', 'acquisition_ACT17774320253942795_43_3ecb_12_17_17', 'acquisition_ACT18222897859726438_44_2ecb_10_12_12', 'acquisition_ACT17774320253942795_43_1ecb_1_18_18', 'acquisition_ACT18222897859726438_44_7ecb_1_10_10', 'merger_ACT17774320253942795_43_1ecb_19_1_1', 'acquisition_ACT18222897859726438_44_7ecb_2_24_24']
INFO:root:epoch 0 topic 1/1 - merge event clusters with score 0.8640326138200431 clusters : ['purchase_ACT18222897859726438_44_2ecb_7_20_20'] ['move_ACT18185002852018286_44_6ecbplus_3_2_2', 'MOVED IN_Singleton_ACT_50_36_7ecb_36_7ecb_1_2_3', 'move_ACT17773499018825369_43_5ecbplus_2_17_17', 'Acquisition_ACT17773499018825369_43_3ecbplus_0_6_6', 'acquisition_ACT17773499018825369_43_15ecbplus_16_12_12', 'Acquisition_ACT17773499018825369_43_6ecbplus_0_1_1', 'acquisition_ACT17774320253942795_43_8ecb_0_3_3', 'acquisition_ACT17773499018825369_43_9ecbplus_2_4_4', 'acquisition_ACT18185002852018286_44_8ecbplus_4_5_5', 'acquisition_ACT17774320253942795_43_3ecb_4_1_1', 'merger_ACT17774320253942795_43_7ecb_12_1_1', 'acquisition_ACT18185002852018286_44_6ecbplus_4_4_4', 'acquisition_ACT17774320253942795_43_5ecb_3_1_1', 'purchase_ACT17774320253942795_43_5ecb_12_1_1', 'acquisition_ACT17773499018825369_43_8ecbplus_1_14_14', 'Acquisition_ACT18185002852018286_44_2ecbplus_0_7_7', 'acquisition_ACT17773499018825369_43_9ecbplus_5_7_7', 'acquisition_ACT18222897859726438_44_7ecb_0_8_8', 'acquisition_ACT18185002852018286_44_8ecbplus_2_15_15', 'merger_ACT17774320253942795_43_7ecb_5_6_6', 'acquisition_ACT18185002852018286_44_6ecbplus_2_1_1', 'acquisition_ACT18222897859726438_44_6ecb_6_11_11', 'acquisition_ACT17774320253942795_43_3ecb_12_17_17', 'acquisition_ACT18222897859726438_44_2ecb_10_12_12', 'acquisition_ACT17774320253942795_43_1ecb_1_18_18', 'acquisition_ACT18222897859726438_44_7ecb_1_10_10', 'merger_ACT17774320253942795_43_1ecb_19_1_1', 'acquisition_ACT18222897859726438_44_7ecb_2_24_24', 'acquisition_ACT18185002852018286_44_11ecbplus_0_5_5']
INFO:root:epoch 0 topic 1/1 - merge event clusters with score 0.8555826822916667 clusters : ['acquisition_ACT18222897859726438_44_1ecb_2_16_16'] ['move_ACT18185002852018286_44_6ecbplus_3_2_2', 'MOVED IN_Singleton_ACT_50_36_7ecb_36_7ecb_1_2_3', 'move_ACT17773499018825369_43_5ecbplus_2_17_17', 'Acquisition_ACT17773499018825369_43_3ecbplus_0_6_6', 'acquisition_ACT17773499018825369_43_15ecbplus_16_12_12', 'Acquisition_ACT17773499018825369_43_6ecbplus_0_1_1', 'acquisition_ACT17774320253942795_43_8ecb_0_3_3', 'acquisition_ACT17773499018825369_43_9ecbplus_2_4_4', 'acquisition_ACT18185002852018286_44_8ecbplus_4_5_5', 'acquisition_ACT17774320253942795_43_3ecb_4_1_1', 'merger_ACT17774320253942795_43_7ecb_12_1_1', 'acquisition_ACT18185002852018286_44_6ecbplus_4_4_4', 'acquisition_ACT17774320253942795_43_5ecb_3_1_1', 'purchase_ACT17774320253942795_43_5ecb_12_1_1', 'acquisition_ACT17773499018825369_43_8ecbplus_1_14_14', 'Acquisition_ACT18185002852018286_44_2ecbplus_0_7_7', 'acquisition_ACT17773499018825369_43_9ecbplus_5_7_7', 'acquisition_ACT18222897859726438_44_7ecb_0_8_8', 'acquisition_ACT18185002852018286_44_8ecbplus_2_15_15', 'merger_ACT17774320253942795_43_7ecb_5_6_6', 'acquisition_ACT18185002852018286_44_6ecbplus_2_1_1', 'acquisition_ACT18222897859726438_44_6ecb_6_11_11', 'acquisition_ACT17774320253942795_43_3ecb_12_17_17', 'acquisition_ACT18222897859726438_44_2ecb_10_12_12', 'acquisition_ACT17774320253942795_43_1ecb_1_18_18', 'acquisition_ACT18222897859726438_44_7ecb_1_10_10', 'merger_ACT17774320253942795_43_1ecb_19_1_1', 'acquisition_ACT18222897859726438_44_7ecb_2_24_24', 'acquisition_ACT18185002852018286_44_11ecbplus_0_5_5', 'purchase_ACT18222897859726438_44_2ecb_7_20_20']
INFO:root:epoch 0 topic 1/1 - merge event clusters with score 0.8503175550891507 clusters : ['acquisition_ACT17774320253942795_43_5ecb_2_11_11'] ['move_ACT18185002852018286_44_6ecbplus_3_2_2', 'MOVED IN_Singleton_ACT_50_36_7ecb_36_7ecb_1_2_3', 'move_ACT17773499018825369_43_5ecbplus_2_17_17', 'Acquisition_ACT17773499018825369_43_3ecbplus_0_6_6', 'acquisition_ACT17773499018825369_43_15ecbplus_16_12_12', 'Acquisition_ACT17773499018825369_43_6ecbplus_0_1_1', 'acquisition_ACT17774320253942795_43_8ecb_0_3_3', 'acquisition_ACT17773499018825369_43_9ecbplus_2_4_4', 'acquisition_ACT18185002852018286_44_8ecbplus_4_5_5', 'acquisition_ACT17774320253942795_43_3ecb_4_1_1', 'merger_ACT17774320253942795_43_7ecb_12_1_1', 'acquisition_ACT18185002852018286_44_6ecbplus_4_4_4', 'acquisition_ACT17774320253942795_43_5ecb_3_1_1', 'purchase_ACT17774320253942795_43_5ecb_12_1_1', 'acquisition_ACT17773499018825369_43_8ecbplus_1_14_14', 'Acquisition_ACT18185002852018286_44_2ecbplus_0_7_7', 'acquisition_ACT17773499018825369_43_9ecbplus_5_7_7', 'acquisition_ACT18222897859726438_44_7ecb_0_8_8', 'acquisition_ACT18185002852018286_44_8ecbplus_2_15_15', 'merger_ACT17774320253942795_43_7ecb_5_6_6', 'acquisition_ACT18185002852018286_44_6ecbplus_2_1_1', 'acquisition_ACT18222897859726438_44_6ecb_6_11_11', 'acquisition_ACT17774320253942795_43_3ecb_12_17_17', 'acquisition_ACT18222897859726438_44_2ecb_10_12_12', 'acquisition_ACT17774320253942795_43_1ecb_1_18_18', 'acquisition_ACT18222897859726438_44_7ecb_1_10_10', 'merger_ACT17774320253942795_43_1ecb_19_1_1', 'acquisition_ACT18222897859726438_44_7ecb_2_24_24', 'acquisition_ACT18185002852018286_44_11ecbplus_0_5_5', 'purchase_ACT18222897859726438_44_2ecb_7_20_20', 'acquisition_ACT18222897859726438_44_1ecb_2_16_16']
INFO:root:epoch 0 topic 1/1 - merge event clusters with score 0.8201342821121216 clusters : ['merger_ACT17774320253942795_43_3ecb_5_10_10'] ['move_ACT18185002852018286_44_6ecbplus_3_2_2', 'MOVED IN_Singleton_ACT_50_36_7ecb_36_7ecb_1_2_3', 'move_ACT17773499018825369_43_5ecbplus_2_17_17', 'Acquisition_ACT17773499018825369_43_3ecbplus_0_6_6', 'acquisition_ACT17773499018825369_43_15ecbplus_16_12_12', 'Acquisition_ACT17773499018825369_43_6ecbplus_0_1_1', 'acquisition_ACT17774320253942795_43_8ecb_0_3_3', 'acquisition_ACT17773499018825369_43_9ecbplus_2_4_4', 'acquisition_ACT18185002852018286_44_8ecbplus_4_5_5', 'acquisition_ACT17774320253942795_43_3ecb_4_1_1', 'merger_ACT17774320253942795_43_7ecb_12_1_1', 'acquisition_ACT18185002852018286_44_6ecbplus_4_4_4', 'acquisition_ACT17774320253942795_43_5ecb_3_1_1', 'purchase_ACT17774320253942795_43_5ecb_12_1_1', 'acquisition_ACT17773499018825369_43_8ecbplus_1_14_14', 'Acquisition_ACT18185002852018286_44_2ecbplus_0_7_7', 'acquisition_ACT17773499018825369_43_9ecbplus_5_7_7', 'acquisition_ACT18222897859726438_44_7ecb_0_8_8', 'acquisition_ACT18185002852018286_44_8ecbplus_2_15_15', 'merger_ACT17774320253942795_43_7ecb_5_6_6', 'acquisition_ACT18185002852018286_44_6ecbplus_2_1_1', 'acquisition_ACT18222897859726438_44_6ecb_6_11_11', 'acquisition_ACT17774320253942795_43_3ecb_12_17_17', 'acquisition_ACT18222897859726438_44_2ecb_10_12_12', 'acquisition_ACT17774320253942795_43_1ecb_1_18_18', 'acquisition_ACT18222897859726438_44_7ecb_1_10_10', 'merger_ACT17774320253942795_43_1ecb_19_1_1', 'acquisition_ACT18222897859726438_44_7ecb_2_24_24', 'acquisition_ACT18185002852018286_44_11ecbplus_0_5_5', 'purchase_ACT18222897859726438_44_2ecb_7_20_20', 'acquisition_ACT18222897859726438_44_1ecb_2_16_16', 'acquisition_ACT17774320253942795_43_5ecb_2_11_11']
INFO:root:epoch 0 topic 1/1 - merge event clusters with score 0.8170663660222833 clusters : ['transaction_ACT18229866560177907_44_2ecbplus_4_4_4'] ['move_ACT18185002852018286_44_6ecbplus_3_2_2', 'MOVED IN_Singleton_ACT_50_36_7ecb_36_7ecb_1_2_3', 'move_ACT17773499018825369_43_5ecbplus_2_17_17', 'Acquisition_ACT17773499018825369_43_3ecbplus_0_6_6', 'acquisition_ACT17773499018825369_43_15ecbplus_16_12_12', 'Acquisition_ACT17773499018825369_43_6ecbplus_0_1_1', 'acquisition_ACT17774320253942795_43_8ecb_0_3_3', 'acquisition_ACT17773499018825369_43_9ecbplus_2_4_4', 'acquisition_ACT18185002852018286_44_8ecbplus_4_5_5', 'acquisition_ACT17774320253942795_43_3ecb_4_1_1', 'merger_ACT17774320253942795_43_7ecb_12_1_1', 'acquisition_ACT18185002852018286_44_6ecbplus_4_4_4', 'acquisition_ACT17774320253942795_43_5ecb_3_1_1', 'purchase_ACT17774320253942795_43_5ecb_12_1_1', 'acquisition_ACT17773499018825369_43_8ecbplus_1_14_14', 'Acquisition_ACT18185002852018286_44_2ecbplus_0_7_7', 'acquisition_ACT17773499018825369_43_9ecbplus_5_7_7', 'acquisition_ACT18222897859726438_44_7ecb_0_8_8', 'acquisition_ACT18185002852018286_44_8ecbplus_2_15_15', 'merger_ACT17774320253942795_43_7ecb_5_6_6', 'acquisition_ACT18185002852018286_44_6ecbplus_2_1_1', 'acquisition_ACT18222897859726438_44_6ecb_6_11_11', 'acquisition_ACT17774320253942795_43_3ecb_12_17_17', 'acquisition_ACT18222897859726438_44_2ecb_10_12_12', 'acquisition_ACT17774320253942795_43_1ecb_1_18_18', 'acquisition_ACT18222897859726438_44_7ecb_1_10_10', 'merger_ACT17774320253942795_43_1ecb_19_1_1', 'acquisition_ACT18222897859726438_44_7ecb_2_24_24', 'acquisition_ACT18185002852018286_44_11ecbplus_0_5_5', 'purchase_ACT18222897859726438_44_2ecb_7_20_20', 'acquisition_ACT18222897859726438_44_1ecb_2_16_16', 'acquisition_ACT17774320253942795_43_5ecb_2_11_11', 'merger_ACT17774320253942795_43_3ecb_5_10_10']
INFO:root:epoch 0 topic 1/1 - merge event clusters with score 0.8214953366447898 clusters : ['transaction_ACT18222897859726438_44_1ecb_12_7_7'] ['move_ACT18185002852018286_44_6ecbplus_3_2_2', 'MOVED IN_Singleton_ACT_50_36_7ecb_36_7ecb_1_2_3', 'move_ACT17773499018825369_43_5ecbplus_2_17_17', 'Acquisition_ACT17773499018825369_43_3ecbplus_0_6_6', 'acquisition_ACT17773499018825369_43_15ecbplus_16_12_12', 'Acquisition_ACT17773499018825369_43_6ecbplus_0_1_1', 'acquisition_ACT17774320253942795_43_8ecb_0_3_3', 'acquisition_ACT17773499018825369_43_9ecbplus_2_4_4', 'acquisition_ACT18185002852018286_44_8ecbplus_4_5_5', 'acquisition_ACT17774320253942795_43_3ecb_4_1_1', 'merger_ACT17774320253942795_43_7ecb_12_1_1', 'acquisition_ACT18185002852018286_44_6ecbplus_4_4_4', 'acquisition_ACT17774320253942795_43_5ecb_3_1_1', 'purchase_ACT17774320253942795_43_5ecb_12_1_1', 'acquisition_ACT17773499018825369_43_8ecbplus_1_14_14', 'Acquisition_ACT18185002852018286_44_2ecbplus_0_7_7', 'acquisition_ACT17773499018825369_43_9ecbplus_5_7_7', 'acquisition_ACT18222897859726438_44_7ecb_0_8_8', 'acquisition_ACT18185002852018286_44_8ecbplus_2_15_15', 'merger_ACT17774320253942795_43_7ecb_5_6_6', 'acquisition_ACT18185002852018286_44_6ecbplus_2_1_1', 'acquisition_ACT18222897859726438_44_6ecb_6_11_11', 'acquisition_ACT17774320253942795_43_3ecb_12_17_17', 'acquisition_ACT18222897859726438_44_2ecb_10_12_12', 'acquisition_ACT17774320253942795_43_1ecb_1_18_18', 'acquisition_ACT18222897859726438_44_7ecb_1_10_10', 'merger_ACT17774320253942795_43_1ecb_19_1_1', 'acquisition_ACT18222897859726438_44_7ecb_2_24_24', 'acquisition_ACT18185002852018286_44_11ecbplus_0_5_5', 'purchase_ACT18222897859726438_44_2ecb_7_20_20', 'acquisition_ACT18222897859726438_44_1ecb_2_16_16', 'acquisition_ACT17774320253942795_43_5ecb_2_11_11', 'merger_ACT17774320253942795_43_3ecb_5_10_10', 'transaction_ACT18229866560177907_44_2ecbplus_4_4_4']
INFO:root:epoch 0 topic 1/1 - merge event clusters with score 0.8209396362304687 clusters : ['transaction_ACT18229866560177907_44_10ecbplus_3_6_6'] ['move_ACT18185002852018286_44_6ecbplus_3_2_2', 'MOVED IN_Singleton_ACT_50_36_7ecb_36_7ecb_1_2_3', 'move_ACT17773499018825369_43_5ecbplus_2_17_17', 'Acquisition_ACT17773499018825369_43_3ecbplus_0_6_6', 'acquisition_ACT17773499018825369_43_15ecbplus_16_12_12', 'Acquisition_ACT17773499018825369_43_6ecbplus_0_1_1', 'acquisition_ACT17774320253942795_43_8ecb_0_3_3', 'acquisition_ACT17773499018825369_43_9ecbplus_2_4_4', 'acquisition_ACT18185002852018286_44_8ecbplus_4_5_5', 'acquisition_ACT17774320253942795_43_3ecb_4_1_1', 'merger_ACT17774320253942795_43_7ecb_12_1_1', 'acquisition_ACT18185002852018286_44_6ecbplus_4_4_4', 'acquisition_ACT17774320253942795_43_5ecb_3_1_1', 'purchase_ACT17774320253942795_43_5ecb_12_1_1', 'acquisition_ACT17773499018825369_43_8ecbplus_1_14_14', 'Acquisition_ACT18185002852018286_44_2ecbplus_0_7_7', 'acquisition_ACT17773499018825369_43_9ecbplus_5_7_7', 'acquisition_ACT18222897859726438_44_7ecb_0_8_8', 'acquisition_ACT18185002852018286_44_8ecbplus_2_15_15', 'merger_ACT17774320253942795_43_7ecb_5_6_6', 'acquisition_ACT18185002852018286_44_6ecbplus_2_1_1', 'acquisition_ACT18222897859726438_44_6ecb_6_11_11', 'acquisition_ACT17774320253942795_43_3ecb_12_17_17', 'acquisition_ACT18222897859726438_44_2ecb_10_12_12', 'acquisition_ACT17774320253942795_43_1ecb_1_18_18', 'acquisition_ACT18222897859726438_44_7ecb_1_10_10', 'merger_ACT17774320253942795_43_1ecb_19_1_1', 'acquisition_ACT18222897859726438_44_7ecb_2_24_24', 'acquisition_ACT18185002852018286_44_11ecbplus_0_5_5', 'purchase_ACT18222897859726438_44_2ecb_7_20_20', 'acquisition_ACT18222897859726438_44_1ecb_2_16_16', 'acquisition_ACT17774320253942795_43_5ecb_2_11_11', 'merger_ACT17774320253942795_43_3ecb_5_10_10', 'transaction_ACT18229866560177907_44_2ecbplus_4_4_4', 'transaction_ACT18222897859726438_44_1ecb_12_7_7']
INFO:root:epoch 0 topic 1/1 - merge event clusters with score 0.7988462448120117 clusters : ['merger_ACT17774320253942795_43_3ecb_6_6_6'] ['move_ACT18185002852018286_44_6ecbplus_3_2_2', 'MOVED IN_Singleton_ACT_50_36_7ecb_36_7ecb_1_2_3', 'move_ACT17773499018825369_43_5ecbplus_2_17_17', 'Acquisition_ACT17773499018825369_43_3ecbplus_0_6_6', 'acquisition_ACT17773499018825369_43_15ecbplus_16_12_12', 'Acquisition_ACT17773499018825369_43_6ecbplus_0_1_1', 'acquisition_ACT17774320253942795_43_8ecb_0_3_3', 'acquisition_ACT17773499018825369_43_9ecbplus_2_4_4', 'acquisition_ACT18185002852018286_44_8ecbplus_4_5_5', 'acquisition_ACT17774320253942795_43_3ecb_4_1_1', 'merger_ACT17774320253942795_43_7ecb_12_1_1', 'acquisition_ACT18185002852018286_44_6ecbplus_4_4_4', 'acquisition_ACT17774320253942795_43_5ecb_3_1_1', 'purchase_ACT17774320253942795_43_5ecb_12_1_1', 'acquisition_ACT17773499018825369_43_8ecbplus_1_14_14', 'Acquisition_ACT18185002852018286_44_2ecbplus_0_7_7', 'acquisition_ACT17773499018825369_43_9ecbplus_5_7_7', 'acquisition_ACT18222897859726438_44_7ecb_0_8_8', 'acquisition_ACT18185002852018286_44_8ecbplus_2_15_15', 'merger_ACT17774320253942795_43_7ecb_5_6_6', 'acquisition_ACT18185002852018286_44_6ecbplus_2_1_1', 'acquisition_ACT18222897859726438_44_6ecb_6_11_11', 'acquisition_ACT17774320253942795_43_3ecb_12_17_17', 'acquisition_ACT18222897859726438_44_2ecb_10_12_12', 'acquisition_ACT17774320253942795_43_1ecb_1_18_18', 'acquisition_ACT18222897859726438_44_7ecb_1_10_10', 'merger_ACT17774320253942795_43_1ecb_19_1_1', 'acquisition_ACT18222897859726438_44_7ecb_2_24_24', 'acquisition_ACT18185002852018286_44_11ecbplus_0_5_5', 'purchase_ACT18222897859726438_44_2ecb_7_20_20', 'acquisition_ACT18222897859726438_44_1ecb_2_16_16', 'acquisition_ACT17774320253942795_43_5ecb_2_11_11', 'merger_ACT17774320253942795_43_3ecb_5_10_10', 'transaction_ACT18229866560177907_44_2ecbplus_4_4_4', 'transaction_ACT18222897859726438_44_1ecb_12_7_7', 'transaction_ACT18229866560177907_44_10ecbplus_3_6_6']
INFO:root:epoch 0 topic 1/1 - merge event clusters with score 0.8003467353614601 clusters : ['merger_ACT17774320253942795_43_8ecb_8_15_15'] ['move_ACT18185002852018286_44_6ecbplus_3_2_2', 'MOVED IN_Singleton_ACT_50_36_7ecb_36_7ecb_1_2_3', 'move_ACT17773499018825369_43_5ecbplus_2_17_17', 'Acquisition_ACT17773499018825369_43_3ecbplus_0_6_6', 'acquisition_ACT17773499018825369_43_15ecbplus_16_12_12', 'Acquisition_ACT17773499018825369_43_6ecbplus_0_1_1', 'acquisition_ACT17774320253942795_43_8ecb_0_3_3', 'acquisition_ACT17773499018825369_43_9ecbplus_2_4_4', 'acquisition_ACT18185002852018286_44_8ecbplus_4_5_5', 'acquisition_ACT17774320253942795_43_3ecb_4_1_1', 'merger_ACT17774320253942795_43_7ecb_12_1_1', 'acquisition_ACT18185002852018286_44_6ecbplus_4_4_4', 'acquisition_ACT17774320253942795_43_5ecb_3_1_1', 'purchase_ACT17774320253942795_43_5ecb_12_1_1', 'acquisition_ACT17773499018825369_43_8ecbplus_1_14_14', 'Acquisition_ACT18185002852018286_44_2ecbplus_0_7_7', 'acquisition_ACT17773499018825369_43_9ecbplus_5_7_7', 'acquisition_ACT18222897859726438_44_7ecb_0_8_8', 'acquisition_ACT18185002852018286_44_8ecbplus_2_15_15', 'merger_ACT17774320253942795_43_7ecb_5_6_6', 'acquisition_ACT18185002852018286_44_6ecbplus_2_1_1', 'acquisition_ACT18222897859726438_44_6ecb_6_11_11', 'acquisition_ACT17774320253942795_43_3ecb_12_17_17', 'acquisition_ACT18222897859726438_44_2ecb_10_12_12', 'acquisition_ACT17774320253942795_43_1ecb_1_18_18', 'acquisition_ACT18222897859726438_44_7ecb_1_10_10', 'merger_ACT17774320253942795_43_1ecb_19_1_1', 'acquisition_ACT18222897859726438_44_7ecb_2_24_24', 'acquisition_ACT18185002852018286_44_11ecbplus_0_5_5', 'purchase_ACT18222897859726438_44_2ecb_7_20_20', 'acquisition_ACT18222897859726438_44_1ecb_2_16_16', 'acquisition_ACT17774320253942795_43_5ecb_2_11_11', 'merger_ACT17774320253942795_43_3ecb_5_10_10', 'transaction_ACT18229866560177907_44_2ecbplus_4_4_4', 'transaction_ACT18222897859726438_44_1ecb_12_7_7', 'transaction_ACT18229866560177907_44_10ecbplus_3_6_6', 'merger_ACT17774320253942795_43_3ecb_6_6_6']
INFO:root:epoch 0 topic 1/1 - merge event clusters with score 0.8013502924065841 clusters : ['transaction_ACT18222908848679496_44_5ecb_7_22_22'] ['move_ACT18185002852018286_44_6ecbplus_3_2_2', 'MOVED IN_Singleton_ACT_50_36_7ecb_36_7ecb_1_2_3', 'move_ACT17773499018825369_43_5ecbplus_2_17_17', 'Acquisition_ACT17773499018825369_43_3ecbplus_0_6_6', 'acquisition_ACT17773499018825369_43_15ecbplus_16_12_12', 'Acquisition_ACT17773499018825369_43_6ecbplus_0_1_1', 'acquisition_ACT17774320253942795_43_8ecb_0_3_3', 'acquisition_ACT17773499018825369_43_9ecbplus_2_4_4', 'acquisition_ACT18185002852018286_44_8ecbplus_4_5_5', 'acquisition_ACT17774320253942795_43_3ecb_4_1_1', 'merger_ACT17774320253942795_43_7ecb_12_1_1', 'acquisition_ACT18185002852018286_44_6ecbplus_4_4_4', 'acquisition_ACT17774320253942795_43_5ecb_3_1_1', 'purchase_ACT17774320253942795_43_5ecb_12_1_1', 'acquisition_ACT17773499018825369_43_8ecbplus_1_14_14', 'Acquisition_ACT18185002852018286_44_2ecbplus_0_7_7', 'acquisition_ACT17773499018825369_43_9ecbplus_5_7_7', 'acquisition_ACT18222897859726438_44_7ecb_0_8_8', 'acquisition_ACT18185002852018286_44_8ecbplus_2_15_15', 'merger_ACT17774320253942795_43_7ecb_5_6_6', 'acquisition_ACT18185002852018286_44_6ecbplus_2_1_1', 'acquisition_ACT18222897859726438_44_6ecb_6_11_11', 'acquisition_ACT17774320253942795_43_3ecb_12_17_17', 'acquisition_ACT18222897859726438_44_2ecb_10_12_12', 'acquisition_ACT17774320253942795_43_1ecb_1_18_18', 'acquisition_ACT18222897859726438_44_7ecb_1_10_10', 'merger_ACT17774320253942795_43_1ecb_19_1_1', 'acquisition_ACT18222897859726438_44_7ecb_2_24_24', 'acquisition_ACT18185002852018286_44_11ecbplus_0_5_5', 'purchase_ACT18222897859726438_44_2ecb_7_20_20', 'acquisition_ACT18222897859726438_44_1ecb_2_16_16', 'acquisition_ACT17774320253942795_43_5ecb_2_11_11', 'merger_ACT17774320253942795_43_3ecb_5_10_10', 'transaction_ACT18229866560177907_44_2ecbplus_4_4_4', 'transaction_ACT18222897859726438_44_1ecb_12_7_7', 'transaction_ACT18229866560177907_44_10ecbplus_3_6_6', 'merger_ACT17774320253942795_43_3ecb_6_6_6', 'merger_ACT17774320253942795_43_8ecb_8_15_15']
INFO:root:epoch 0 topic 1/1 - merge event clusters with score 0.8021684304261819 clusters : ['transaction_ACT18222908848679496_44_5ecb_4_15_15'] ['move_ACT18185002852018286_44_6ecbplus_3_2_2', 'MOVED IN_Singleton_ACT_50_36_7ecb_36_7ecb_1_2_3', 'move_ACT17773499018825369_43_5ecbplus_2_17_17', 'Acquisition_ACT17773499018825369_43_3ecbplus_0_6_6', 'acquisition_ACT17773499018825369_43_15ecbplus_16_12_12', 'Acquisition_ACT17773499018825369_43_6ecbplus_0_1_1', 'acquisition_ACT17774320253942795_43_8ecb_0_3_3', 'acquisition_ACT17773499018825369_43_9ecbplus_2_4_4', 'acquisition_ACT18185002852018286_44_8ecbplus_4_5_5', 'acquisition_ACT17774320253942795_43_3ecb_4_1_1', 'merger_ACT17774320253942795_43_7ecb_12_1_1', 'acquisition_ACT18185002852018286_44_6ecbplus_4_4_4', 'acquisition_ACT17774320253942795_43_5ecb_3_1_1', 'purchase_ACT17774320253942795_43_5ecb_12_1_1', 'acquisition_ACT17773499018825369_43_8ecbplus_1_14_14', 'Acquisition_ACT18185002852018286_44_2ecbplus_0_7_7', 'acquisition_ACT17773499018825369_43_9ecbplus_5_7_7', 'acquisition_ACT18222897859726438_44_7ecb_0_8_8', 'acquisition_ACT18185002852018286_44_8ecbplus_2_15_15', 'merger_ACT17774320253942795_43_7ecb_5_6_6', 'acquisition_ACT18185002852018286_44_6ecbplus_2_1_1', 'acquisition_ACT18222897859726438_44_6ecb_6_11_11', 'acquisition_ACT17774320253942795_43_3ecb_12_17_17', 'acquisition_ACT18222897859726438_44_2ecb_10_12_12', 'acquisition_ACT17774320253942795_43_1ecb_1_18_18', 'acquisition_ACT18222897859726438_44_7ecb_1_10_10', 'merger_ACT17774320253942795_43_1ecb_19_1_1', 'acquisition_ACT18222897859726438_44_7ecb_2_24_24', 'acquisition_ACT18185002852018286_44_11ecbplus_0_5_5', 'purchase_ACT18222897859726438_44_2ecb_7_20_20', 'acquisition_ACT18222897859726438_44_1ecb_2_16_16', 'acquisition_ACT17774320253942795_43_5ecb_2_11_11', 'merger_ACT17774320253942795_43_3ecb_5_10_10', 'transaction_ACT18229866560177907_44_2ecbplus_4_4_4', 'transaction_ACT18222897859726438_44_1ecb_12_7_7', 'transaction_ACT18229866560177907_44_10ecbplus_3_6_6', 'merger_ACT17774320253942795_43_3ecb_6_6_6', 'merger_ACT17774320253942795_43_8ecb_8_15_15', 'transaction_ACT18222908848679496_44_5ecb_7_22_22']
INFO:root:epoch 0 topic 1/1 - merge event clusters with score 0.7939239978790283 clusters : ['purchase_ACT17774320253942795_43_3ecb_2_2_2'] ['move_ACT18185002852018286_44_6ecbplus_3_2_2', 'MOVED IN_Singleton_ACT_50_36_7ecb_36_7ecb_1_2_3', 'move_ACT17773499018825369_43_5ecbplus_2_17_17', 'Acquisition_ACT17773499018825369_43_3ecbplus_0_6_6', 'acquisition_ACT17773499018825369_43_15ecbplus_16_12_12', 'Acquisition_ACT17773499018825369_43_6ecbplus_0_1_1', 'acquisition_ACT17774320253942795_43_8ecb_0_3_3', 'acquisition_ACT17773499018825369_43_9ecbplus_2_4_4', 'acquisition_ACT18185002852018286_44_8ecbplus_4_5_5', 'acquisition_ACT17774320253942795_43_3ecb_4_1_1', 'merger_ACT17774320253942795_43_7ecb_12_1_1', 'acquisition_ACT18185002852018286_44_6ecbplus_4_4_4', 'acquisition_ACT17774320253942795_43_5ecb_3_1_1', 'purchase_ACT17774320253942795_43_5ecb_12_1_1', 'acquisition_ACT17773499018825369_43_8ecbplus_1_14_14', 'Acquisition_ACT18185002852018286_44_2ecbplus_0_7_7', 'acquisition_ACT17773499018825369_43_9ecbplus_5_7_7', 'acquisition_ACT18222897859726438_44_7ecb_0_8_8', 'acquisition_ACT18185002852018286_44_8ecbplus_2_15_15', 'merger_ACT17774320253942795_43_7ecb_5_6_6', 'acquisition_ACT18185002852018286_44_6ecbplus_2_1_1', 'acquisition_ACT18222897859726438_44_6ecb_6_11_11', 'acquisition_ACT17774320253942795_43_3ecb_12_17_17', 'acquisition_ACT18222897859726438_44_2ecb_10_12_12', 'acquisition_ACT17774320253942795_43_1ecb_1_18_18', 'acquisition_ACT18222897859726438_44_7ecb_1_10_10', 'merger_ACT17774320253942795_43_1ecb_19_1_1', 'acquisition_ACT18222897859726438_44_7ecb_2_24_24', 'acquisition_ACT18185002852018286_44_11ecbplus_0_5_5', 'purchase_ACT18222897859726438_44_2ecb_7_20_20', 'acquisition_ACT18222897859726438_44_1ecb_2_16_16', 'acquisition_ACT17774320253942795_43_5ecb_2_11_11', 'merger_ACT17774320253942795_43_3ecb_5_10_10', 'transaction_ACT18229866560177907_44_2ecbplus_4_4_4', 'transaction_ACT18222897859726438_44_1ecb_12_7_7', 'transaction_ACT18229866560177907_44_10ecbplus_3_6_6', 'merger_ACT17774320253942795_43_3ecb_6_6_6', 'merger_ACT17774320253942795_43_8ecb_8_15_15', 'transaction_ACT18222908848679496_44_5ecb_7_22_22', 'transaction_ACT18222908848679496_44_5ecb_4_15_15']
INFO:root:epoch 0 topic 1/1 - merge event clusters with score 0.7882948154356422 clusters : ['takeover_ACT17774320253942795_43_2ecb_1_3_3'] ['move_ACT18185002852018286_44_6ecbplus_3_2_2', 'MOVED IN_Singleton_ACT_50_36_7ecb_36_7ecb_1_2_3', 'move_ACT17773499018825369_43_5ecbplus_2_17_17', 'Acquisition_ACT17773499018825369_43_3ecbplus_0_6_6', 'acquisition_ACT17773499018825369_43_15ecbplus_16_12_12', 'Acquisition_ACT17773499018825369_43_6ecbplus_0_1_1', 'acquisition_ACT17774320253942795_43_8ecb_0_3_3', 'acquisition_ACT17773499018825369_43_9ecbplus_2_4_4', 'acquisition_ACT18185002852018286_44_8ecbplus_4_5_5', 'acquisition_ACT17774320253942795_43_3ecb_4_1_1', 'merger_ACT17774320253942795_43_7ecb_12_1_1', 'acquisition_ACT18185002852018286_44_6ecbplus_4_4_4', 'acquisition_ACT17774320253942795_43_5ecb_3_1_1', 'purchase_ACT17774320253942795_43_5ecb_12_1_1', 'acquisition_ACT17773499018825369_43_8ecbplus_1_14_14', 'Acquisition_ACT18185002852018286_44_2ecbplus_0_7_7', 'acquisition_ACT17773499018825369_43_9ecbplus_5_7_7', 'acquisition_ACT18222897859726438_44_7ecb_0_8_8', 'acquisition_ACT18185002852018286_44_8ecbplus_2_15_15', 'merger_ACT17774320253942795_43_7ecb_5_6_6', 'acquisition_ACT18185002852018286_44_6ecbplus_2_1_1', 'acquisition_ACT18222897859726438_44_6ecb_6_11_11', 'acquisition_ACT17774320253942795_43_3ecb_12_17_17', 'acquisition_ACT18222897859726438_44_2ecb_10_12_12', 'acquisition_ACT17774320253942795_43_1ecb_1_18_18', 'acquisition_ACT18222897859726438_44_7ecb_1_10_10', 'merger_ACT17774320253942795_43_1ecb_19_1_1', 'acquisition_ACT18222897859726438_44_7ecb_2_24_24', 'acquisition_ACT18185002852018286_44_11ecbplus_0_5_5', 'purchase_ACT18222897859726438_44_2ecb_7_20_20', 'acquisition_ACT18222897859726438_44_1ecb_2_16_16', 'acquisition_ACT17774320253942795_43_5ecb_2_11_11', 'merger_ACT17774320253942795_43_3ecb_5_10_10', 'transaction_ACT18229866560177907_44_2ecbplus_4_4_4', 'transaction_ACT18222897859726438_44_1ecb_12_7_7', 'transaction_ACT18229866560177907_44_10ecbplus_3_6_6', 'merger_ACT17774320253942795_43_3ecb_6_6_6', 'merger_ACT17774320253942795_43_8ecb_8_15_15', 'transaction_ACT18222908848679496_44_5ecb_7_22_22', 'transaction_ACT18222908848679496_44_5ecb_4_15_15', 'purchase_ACT17774320253942795_43_3ecb_2_2_2']
INFO:root:epoch 0 topic 1/1 - merge event clusters with score 0.7792996906098866 clusters : ['merger_ACT18222897859726438_44_1ecb_6_7_7'] ['move_ACT18185002852018286_44_6ecbplus_3_2_2', 'MOVED IN_Singleton_ACT_50_36_7ecb_36_7ecb_1_2_3', 'move_ACT17773499018825369_43_5ecbplus_2_17_17', 'Acquisition_ACT17773499018825369_43_3ecbplus_0_6_6', 'acquisition_ACT17773499018825369_43_15ecbplus_16_12_12', 'Acquisition_ACT17773499018825369_43_6ecbplus_0_1_1', 'acquisition_ACT17774320253942795_43_8ecb_0_3_3', 'acquisition_ACT17773499018825369_43_9ecbplus_2_4_4', 'acquisition_ACT18185002852018286_44_8ecbplus_4_5_5', 'acquisition_ACT17774320253942795_43_3ecb_4_1_1', 'merger_ACT17774320253942795_43_7ecb_12_1_1', 'acquisition_ACT18185002852018286_44_6ecbplus_4_4_4', 'acquisition_ACT17774320253942795_43_5ecb_3_1_1', 'purchase_ACT17774320253942795_43_5ecb_12_1_1', 'acquisition_ACT17773499018825369_43_8ecbplus_1_14_14', 'Acquisition_ACT18185002852018286_44_2ecbplus_0_7_7', 'acquisition_ACT17773499018825369_43_9ecbplus_5_7_7', 'acquisition_ACT18222897859726438_44_7ecb_0_8_8', 'acquisition_ACT18185002852018286_44_8ecbplus_2_15_15', 'merger_ACT17774320253942795_43_7ecb_5_6_6', 'acquisition_ACT18185002852018286_44_6ecbplus_2_1_1', 'acquisition_ACT18222897859726438_44_6ecb_6_11_11', 'acquisition_ACT17774320253942795_43_3ecb_12_17_17', 'acquisition_ACT18222897859726438_44_2ecb_10_12_12', 'acquisition_ACT17774320253942795_43_1ecb_1_18_18', 'acquisition_ACT18222897859726438_44_7ecb_1_10_10', 'merger_ACT17774320253942795_43_1ecb_19_1_1', 'acquisition_ACT18222897859726438_44_7ecb_2_24_24', 'acquisition_ACT18185002852018286_44_11ecbplus_0_5_5', 'purchase_ACT18222897859726438_44_2ecb_7_20_20', 'acquisition_ACT18222897859726438_44_1ecb_2_16_16', 'acquisition_ACT17774320253942795_43_5ecb_2_11_11', 'merger_ACT17774320253942795_43_3ecb_5_10_10', 'transaction_ACT18229866560177907_44_2ecbplus_4_4_4', 'transaction_ACT18222897859726438_44_1ecb_12_7_7', 'transaction_ACT18229866560177907_44_10ecbplus_3_6_6', 'merger_ACT17774320253942795_43_3ecb_6_6_6', 'merger_ACT17774320253942795_43_8ecb_8_15_15', 'transaction_ACT18222908848679496_44_5ecb_7_22_22', 'transaction_ACT18222908848679496_44_5ecb_4_15_15', 'purchase_ACT17774320253942795_43_3ecb_2_2_2', 'takeover_ACT17774320253942795_43_2ecb_1_3_3']
INFO:root:epoch 0 topic 1/1 - merge event clusters with score 0.7776462643645531 clusters : ['takeover_ACT17774320253942795_43_2ecb_2_7_7'] ['move_ACT18185002852018286_44_6ecbplus_3_2_2', 'MOVED IN_Singleton_ACT_50_36_7ecb_36_7ecb_1_2_3', 'move_ACT17773499018825369_43_5ecbplus_2_17_17', 'Acquisition_ACT17773499018825369_43_3ecbplus_0_6_6', 'acquisition_ACT17773499018825369_43_15ecbplus_16_12_12', 'Acquisition_ACT17773499018825369_43_6ecbplus_0_1_1', 'acquisition_ACT17774320253942795_43_8ecb_0_3_3', 'acquisition_ACT17773499018825369_43_9ecbplus_2_4_4', 'acquisition_ACT18185002852018286_44_8ecbplus_4_5_5', 'acquisition_ACT17774320253942795_43_3ecb_4_1_1', 'merger_ACT17774320253942795_43_7ecb_12_1_1', 'acquisition_ACT18185002852018286_44_6ecbplus_4_4_4', 'acquisition_ACT17774320253942795_43_5ecb_3_1_1', 'purchase_ACT17774320253942795_43_5ecb_12_1_1', 'acquisition_ACT17773499018825369_43_8ecbplus_1_14_14', 'Acquisition_ACT18185002852018286_44_2ecbplus_0_7_7', 'acquisition_ACT17773499018825369_43_9ecbplus_5_7_7', 'acquisition_ACT18222897859726438_44_7ecb_0_8_8', 'acquisition_ACT18185002852018286_44_8ecbplus_2_15_15', 'merger_ACT17774320253942795_43_7ecb_5_6_6', 'acquisition_ACT18185002852018286_44_6ecbplus_2_1_1', 'acquisition_ACT18222897859726438_44_6ecb_6_11_11', 'acquisition_ACT17774320253942795_43_3ecb_12_17_17', 'acquisition_ACT18222897859726438_44_2ecb_10_12_12', 'acquisition_ACT17774320253942795_43_1ecb_1_18_18', 'acquisition_ACT18222897859726438_44_7ecb_1_10_10', 'merger_ACT17774320253942795_43_1ecb_19_1_1', 'acquisition_ACT18222897859726438_44_7ecb_2_24_24', 'acquisition_ACT18185002852018286_44_11ecbplus_0_5_5', 'purchase_ACT18222897859726438_44_2ecb_7_20_20', 'acquisition_ACT18222897859726438_44_1ecb_2_16_16', 'acquisition_ACT17774320253942795_43_5ecb_2_11_11', 'merger_ACT17774320253942795_43_3ecb_5_10_10', 'transaction_ACT18229866560177907_44_2ecbplus_4_4_4', 'transaction_ACT18222897859726438_44_1ecb_12_7_7', 'transaction_ACT18229866560177907_44_10ecbplus_3_6_6', 'merger_ACT17774320253942795_43_3ecb_6_6_6', 'merger_ACT17774320253942795_43_8ecb_8_15_15', 'transaction_ACT18222908848679496_44_5ecb_7_22_22', 'transaction_ACT18222908848679496_44_5ecb_4_15_15', 'purchase_ACT17774320253942795_43_3ecb_2_2_2', 'takeover_ACT17774320253942795_43_2ecb_1_3_3', 'merger_ACT18222897859726438_44_1ecb_6_7_7']
INFO:root:epoch 0 topic 1/1 - merge event clusters with score 0.7692125493829901 clusters : ['purchase_ACT17774320253942795_43_3ecb_25_3_3'] ['move_ACT18185002852018286_44_6ecbplus_3_2_2', 'MOVED IN_Singleton_ACT_50_36_7ecb_36_7ecb_1_2_3', 'move_ACT17773499018825369_43_5ecbplus_2_17_17', 'Acquisition_ACT17773499018825369_43_3ecbplus_0_6_6', 'acquisition_ACT17773499018825369_43_15ecbplus_16_12_12', 'Acquisition_ACT17773499018825369_43_6ecbplus_0_1_1', 'acquisition_ACT17774320253942795_43_8ecb_0_3_3', 'acquisition_ACT17773499018825369_43_9ecbplus_2_4_4', 'acquisition_ACT18185002852018286_44_8ecbplus_4_5_5', 'acquisition_ACT17774320253942795_43_3ecb_4_1_1', 'merger_ACT17774320253942795_43_7ecb_12_1_1', 'acquisition_ACT18185002852018286_44_6ecbplus_4_4_4', 'acquisition_ACT17774320253942795_43_5ecb_3_1_1', 'purchase_ACT17774320253942795_43_5ecb_12_1_1', 'acquisition_ACT17773499018825369_43_8ecbplus_1_14_14', 'Acquisition_ACT18185002852018286_44_2ecbplus_0_7_7', 'acquisition_ACT17773499018825369_43_9ecbplus_5_7_7', 'acquisition_ACT18222897859726438_44_7ecb_0_8_8', 'acquisition_ACT18185002852018286_44_8ecbplus_2_15_15', 'merger_ACT17774320253942795_43_7ecb_5_6_6', 'acquisition_ACT18185002852018286_44_6ecbplus_2_1_1', 'acquisition_ACT18222897859726438_44_6ecb_6_11_11', 'acquisition_ACT17774320253942795_43_3ecb_12_17_17', 'acquisition_ACT18222897859726438_44_2ecb_10_12_12', 'acquisition_ACT17774320253942795_43_1ecb_1_18_18', 'acquisition_ACT18222897859726438_44_7ecb_1_10_10', 'merger_ACT17774320253942795_43_1ecb_19_1_1', 'acquisition_ACT18222897859726438_44_7ecb_2_24_24', 'acquisition_ACT18185002852018286_44_11ecbplus_0_5_5', 'purchase_ACT18222897859726438_44_2ecb_7_20_20', 'acquisition_ACT18222897859726438_44_1ecb_2_16_16', 'acquisition_ACT17774320253942795_43_5ecb_2_11_11', 'merger_ACT17774320253942795_43_3ecb_5_10_10', 'transaction_ACT18229866560177907_44_2ecbplus_4_4_4', 'transaction_ACT18222897859726438_44_1ecb_12_7_7', 'transaction_ACT18229866560177907_44_10ecbplus_3_6_6', 'merger_ACT17774320253942795_43_3ecb_6_6_6', 'merger_ACT17774320253942795_43_8ecb_8_15_15', 'transaction_ACT18222908848679496_44_5ecb_7_22_22', 'transaction_ACT18222908848679496_44_5ecb_4_15_15', 'purchase_ACT17774320253942795_43_3ecb_2_2_2', 'takeover_ACT17774320253942795_43_2ecb_1_3_3', 'merger_ACT18222897859726438_44_1ecb_6_7_7', 'takeover_ACT17774320253942795_43_2ecb_2_7_7']
INFO:root:epoch 0 topic 1/1 - merge event clusters with score 0.7680532667371962 clusters : ['purchase_ACT17774320253942795_43_7ecb_2_17_17'] ['move_ACT18185002852018286_44_6ecbplus_3_2_2', 'MOVED IN_Singleton_ACT_50_36_7ecb_36_7ecb_1_2_3', 'move_ACT17773499018825369_43_5ecbplus_2_17_17', 'Acquisition_ACT17773499018825369_43_3ecbplus_0_6_6', 'acquisition_ACT17773499018825369_43_15ecbplus_16_12_12', 'Acquisition_ACT17773499018825369_43_6ecbplus_0_1_1', 'acquisition_ACT17774320253942795_43_8ecb_0_3_3', 'acquisition_ACT17773499018825369_43_9ecbplus_2_4_4', 'acquisition_ACT18185002852018286_44_8ecbplus_4_5_5', 'acquisition_ACT17774320253942795_43_3ecb_4_1_1', 'merger_ACT17774320253942795_43_7ecb_12_1_1', 'acquisition_ACT18185002852018286_44_6ecbplus_4_4_4', 'acquisition_ACT17774320253942795_43_5ecb_3_1_1', 'purchase_ACT17774320253942795_43_5ecb_12_1_1', 'acquisition_ACT17773499018825369_43_8ecbplus_1_14_14', 'Acquisition_ACT18185002852018286_44_2ecbplus_0_7_7', 'acquisition_ACT17773499018825369_43_9ecbplus_5_7_7', 'acquisition_ACT18222897859726438_44_7ecb_0_8_8', 'acquisition_ACT18185002852018286_44_8ecbplus_2_15_15', 'merger_ACT17774320253942795_43_7ecb_5_6_6', 'acquisition_ACT18185002852018286_44_6ecbplus_2_1_1', 'acquisition_ACT18222897859726438_44_6ecb_6_11_11', 'acquisition_ACT17774320253942795_43_3ecb_12_17_17', 'acquisition_ACT18222897859726438_44_2ecb_10_12_12', 'acquisition_ACT17774320253942795_43_1ecb_1_18_18', 'acquisition_ACT18222897859726438_44_7ecb_1_10_10', 'merger_ACT17774320253942795_43_1ecb_19_1_1', 'acquisition_ACT18222897859726438_44_7ecb_2_24_24', 'acquisition_ACT18185002852018286_44_11ecbplus_0_5_5', 'purchase_ACT18222897859726438_44_2ecb_7_20_20', 'acquisition_ACT18222897859726438_44_1ecb_2_16_16', 'acquisition_ACT17774320253942795_43_5ecb_2_11_11', 'merger_ACT17774320253942795_43_3ecb_5_10_10', 'transaction_ACT18229866560177907_44_2ecbplus_4_4_4', 'transaction_ACT18222897859726438_44_1ecb_12_7_7', 'transaction_ACT18229866560177907_44_10ecbplus_3_6_6', 'merger_ACT17774320253942795_43_3ecb_6_6_6', 'merger_ACT17774320253942795_43_8ecb_8_15_15', 'transaction_ACT18222908848679496_44_5ecb_7_22_22', 'transaction_ACT18222908848679496_44_5ecb_4_15_15', 'purchase_ACT17774320253942795_43_3ecb_2_2_2', 'takeover_ACT17774320253942795_43_2ecb_1_3_3', 'merger_ACT18222897859726438_44_1ecb_6_7_7', 'takeover_ACT17774320253942795_43_2ecb_2_7_7', 'purchase_ACT17774320253942795_43_3ecb_25_3_3']
INFO:root:epoch 0 topic 1/1 - merge event clusters with score 0.7644364730171536 clusters : ['deal_ACT18222897859726438_44_3ecb_7_4_4'] ['move_ACT18185002852018286_44_6ecbplus_3_2_2', 'MOVED IN_Singleton_ACT_50_36_7ecb_36_7ecb_1_2_3', 'move_ACT17773499018825369_43_5ecbplus_2_17_17', 'Acquisition_ACT17773499018825369_43_3ecbplus_0_6_6', 'acquisition_ACT17773499018825369_43_15ecbplus_16_12_12', 'Acquisition_ACT17773499018825369_43_6ecbplus_0_1_1', 'acquisition_ACT17774320253942795_43_8ecb_0_3_3', 'acquisition_ACT17773499018825369_43_9ecbplus_2_4_4', 'acquisition_ACT18185002852018286_44_8ecbplus_4_5_5', 'acquisition_ACT17774320253942795_43_3ecb_4_1_1', 'merger_ACT17774320253942795_43_7ecb_12_1_1', 'acquisition_ACT18185002852018286_44_6ecbplus_4_4_4', 'acquisition_ACT17774320253942795_43_5ecb_3_1_1', 'purchase_ACT17774320253942795_43_5ecb_12_1_1', 'acquisition_ACT17773499018825369_43_8ecbplus_1_14_14', 'Acquisition_ACT18185002852018286_44_2ecbplus_0_7_7', 'acquisition_ACT17773499018825369_43_9ecbplus_5_7_7', 'acquisition_ACT18222897859726438_44_7ecb_0_8_8', 'acquisition_ACT18185002852018286_44_8ecbplus_2_15_15', 'merger_ACT17774320253942795_43_7ecb_5_6_6', 'acquisition_ACT18185002852018286_44_6ecbplus_2_1_1', 'acquisition_ACT18222897859726438_44_6ecb_6_11_11', 'acquisition_ACT17774320253942795_43_3ecb_12_17_17', 'acquisition_ACT18222897859726438_44_2ecb_10_12_12', 'acquisition_ACT17774320253942795_43_1ecb_1_18_18', 'acquisition_ACT18222897859726438_44_7ecb_1_10_10', 'merger_ACT17774320253942795_43_1ecb_19_1_1', 'acquisition_ACT18222897859726438_44_7ecb_2_24_24', 'acquisition_ACT18185002852018286_44_11ecbplus_0_5_5', 'purchase_ACT18222897859726438_44_2ecb_7_20_20', 'acquisition_ACT18222897859726438_44_1ecb_2_16_16', 'acquisition_ACT17774320253942795_43_5ecb_2_11_11', 'merger_ACT17774320253942795_43_3ecb_5_10_10', 'transaction_ACT18229866560177907_44_2ecbplus_4_4_4', 'transaction_ACT18222897859726438_44_1ecb_12_7_7', 'transaction_ACT18229866560177907_44_10ecbplus_3_6_6', 'merger_ACT17774320253942795_43_3ecb_6_6_6', 'merger_ACT17774320253942795_43_8ecb_8_15_15', 'transaction_ACT18222908848679496_44_5ecb_7_22_22', 'transaction_ACT18222908848679496_44_5ecb_4_15_15', 'purchase_ACT17774320253942795_43_3ecb_2_2_2', 'takeover_ACT17774320253942795_43_2ecb_1_3_3', 'merger_ACT18222897859726438_44_1ecb_6_7_7', 'takeover_ACT17774320253942795_43_2ecb_2_7_7', 'purchase_ACT17774320253942795_43_3ecb_25_3_3', 'purchase_ACT17774320253942795_43_7ecb_2_17_17']
INFO:root:epoch 0 topic 1/1 - merge event clusters with score 0.7557211530969498 clusters : ['merger_ACT18222897859726438_44_4ecb_1_4_4'] ['move_ACT18185002852018286_44_6ecbplus_3_2_2', 'MOVED IN_Singleton_ACT_50_36_7ecb_36_7ecb_1_2_3', 'move_ACT17773499018825369_43_5ecbplus_2_17_17', 'Acquisition_ACT17773499018825369_43_3ecbplus_0_6_6', 'acquisition_ACT17773499018825369_43_15ecbplus_16_12_12', 'Acquisition_ACT17773499018825369_43_6ecbplus_0_1_1', 'acquisition_ACT17774320253942795_43_8ecb_0_3_3', 'acquisition_ACT17773499018825369_43_9ecbplus_2_4_4', 'acquisition_ACT18185002852018286_44_8ecbplus_4_5_5', 'acquisition_ACT17774320253942795_43_3ecb_4_1_1', 'merger_ACT17774320253942795_43_7ecb_12_1_1', 'acquisition_ACT18185002852018286_44_6ecbplus_4_4_4', 'acquisition_ACT17774320253942795_43_5ecb_3_1_1', 'purchase_ACT17774320253942795_43_5ecb_12_1_1', 'acquisition_ACT17773499018825369_43_8ecbplus_1_14_14', 'Acquisition_ACT18185002852018286_44_2ecbplus_0_7_7', 'acquisition_ACT17773499018825369_43_9ecbplus_5_7_7', 'acquisition_ACT18222897859726438_44_7ecb_0_8_8', 'acquisition_ACT18185002852018286_44_8ecbplus_2_15_15', 'merger_ACT17774320253942795_43_7ecb_5_6_6', 'acquisition_ACT18185002852018286_44_6ecbplus_2_1_1', 'acquisition_ACT18222897859726438_44_6ecb_6_11_11', 'acquisition_ACT17774320253942795_43_3ecb_12_17_17', 'acquisition_ACT18222897859726438_44_2ecb_10_12_12', 'acquisition_ACT17774320253942795_43_1ecb_1_18_18', 'acquisition_ACT18222897859726438_44_7ecb_1_10_10', 'merger_ACT17774320253942795_43_1ecb_19_1_1', 'acquisition_ACT18222897859726438_44_7ecb_2_24_24', 'acquisition_ACT18185002852018286_44_11ecbplus_0_5_5', 'purchase_ACT18222897859726438_44_2ecb_7_20_20', 'acquisition_ACT18222897859726438_44_1ecb_2_16_16', 'acquisition_ACT17774320253942795_43_5ecb_2_11_11', 'merger_ACT17774320253942795_43_3ecb_5_10_10', 'transaction_ACT18229866560177907_44_2ecbplus_4_4_4', 'transaction_ACT18222897859726438_44_1ecb_12_7_7', 'transaction_ACT18229866560177907_44_10ecbplus_3_6_6', 'merger_ACT17774320253942795_43_3ecb_6_6_6', 'merger_ACT17774320253942795_43_8ecb_8_15_15', 'transaction_ACT18222908848679496_44_5ecb_7_22_22', 'transaction_ACT18222908848679496_44_5ecb_4_15_15', 'purchase_ACT17774320253942795_43_3ecb_2_2_2', 'takeover_ACT17774320253942795_43_2ecb_1_3_3', 'merger_ACT18222897859726438_44_1ecb_6_7_7', 'takeover_ACT17774320253942795_43_2ecb_2_7_7', 'purchase_ACT17774320253942795_43_3ecb_25_3_3', 'purchase_ACT17774320253942795_43_7ecb_2_17_17', 'deal_ACT18222897859726438_44_3ecb_7_4_4']
INFO:root:epoch 0 topic 1/1 - merge event clusters with score 0.7544039090474447 clusters : ['purchase_ACT18222897859726438_44_3ecb_6_2_2'] ['move_ACT18185002852018286_44_6ecbplus_3_2_2', 'MOVED IN_Singleton_ACT_50_36_7ecb_36_7ecb_1_2_3', 'move_ACT17773499018825369_43_5ecbplus_2_17_17', 'Acquisition_ACT17773499018825369_43_3ecbplus_0_6_6', 'acquisition_ACT17773499018825369_43_15ecbplus_16_12_12', 'Acquisition_ACT17773499018825369_43_6ecbplus_0_1_1', 'acquisition_ACT17774320253942795_43_8ecb_0_3_3', 'acquisition_ACT17773499018825369_43_9ecbplus_2_4_4', 'acquisition_ACT18185002852018286_44_8ecbplus_4_5_5', 'acquisition_ACT17774320253942795_43_3ecb_4_1_1', 'merger_ACT17774320253942795_43_7ecb_12_1_1', 'acquisition_ACT18185002852018286_44_6ecbplus_4_4_4', 'acquisition_ACT17774320253942795_43_5ecb_3_1_1', 'purchase_ACT17774320253942795_43_5ecb_12_1_1', 'acquisition_ACT17773499018825369_43_8ecbplus_1_14_14', 'Acquisition_ACT18185002852018286_44_2ecbplus_0_7_7', 'acquisition_ACT17773499018825369_43_9ecbplus_5_7_7', 'acquisition_ACT18222897859726438_44_7ecb_0_8_8', 'acquisition_ACT18185002852018286_44_8ecbplus_2_15_15', 'merger_ACT17774320253942795_43_7ecb_5_6_6', 'acquisition_ACT18185002852018286_44_6ecbplus_2_1_1', 'acquisition_ACT18222897859726438_44_6ecb_6_11_11', 'acquisition_ACT17774320253942795_43_3ecb_12_17_17', 'acquisition_ACT18222897859726438_44_2ecb_10_12_12', 'acquisition_ACT17774320253942795_43_1ecb_1_18_18', 'acquisition_ACT18222897859726438_44_7ecb_1_10_10', 'merger_ACT17774320253942795_43_1ecb_19_1_1', 'acquisition_ACT18222897859726438_44_7ecb_2_24_24', 'acquisition_ACT18185002852018286_44_11ecbplus_0_5_5', 'purchase_ACT18222897859726438_44_2ecb_7_20_20', 'acquisition_ACT18222897859726438_44_1ecb_2_16_16', 'acquisition_ACT17774320253942795_43_5ecb_2_11_11', 'merger_ACT17774320253942795_43_3ecb_5_10_10', 'transaction_ACT18229866560177907_44_2ecbplus_4_4_4', 'transaction_ACT18222897859726438_44_1ecb_12_7_7', 'transaction_ACT18229866560177907_44_10ecbplus_3_6_6', 'merger_ACT17774320253942795_43_3ecb_6_6_6', 'merger_ACT17774320253942795_43_8ecb_8_15_15', 'transaction_ACT18222908848679496_44_5ecb_7_22_22', 'transaction_ACT18222908848679496_44_5ecb_4_15_15', 'purchase_ACT17774320253942795_43_3ecb_2_2_2', 'takeover_ACT17774320253942795_43_2ecb_1_3_3', 'merger_ACT18222897859726438_44_1ecb_6_7_7', 'takeover_ACT17774320253942795_43_2ecb_2_7_7', 'purchase_ACT17774320253942795_43_3ecb_25_3_3', 'purchase_ACT17774320253942795_43_7ecb_2_17_17', 'deal_ACT18222897859726438_44_3ecb_7_4_4', 'merger_ACT18222897859726438_44_4ecb_1_4_4']
INFO:root:epoch 0 topic 1/1 - merge event clusters with score 0.7467100960867745 clusters : ['purchase_ACT18222897859726438_44_6ecb_2_14_14'] ['move_ACT18185002852018286_44_6ecbplus_3_2_2', 'MOVED IN_Singleton_ACT_50_36_7ecb_36_7ecb_1_2_3', 'move_ACT17773499018825369_43_5ecbplus_2_17_17', 'Acquisition_ACT17773499018825369_43_3ecbplus_0_6_6', 'acquisition_ACT17773499018825369_43_15ecbplus_16_12_12', 'Acquisition_ACT17773499018825369_43_6ecbplus_0_1_1', 'acquisition_ACT17774320253942795_43_8ecb_0_3_3', 'acquisition_ACT17773499018825369_43_9ecbplus_2_4_4', 'acquisition_ACT18185002852018286_44_8ecbplus_4_5_5', 'acquisition_ACT17774320253942795_43_3ecb_4_1_1', 'merger_ACT17774320253942795_43_7ecb_12_1_1', 'acquisition_ACT18185002852018286_44_6ecbplus_4_4_4', 'acquisition_ACT17774320253942795_43_5ecb_3_1_1', 'purchase_ACT17774320253942795_43_5ecb_12_1_1', 'acquisition_ACT17773499018825369_43_8ecbplus_1_14_14', 'Acquisition_ACT18185002852018286_44_2ecbplus_0_7_7', 'acquisition_ACT17773499018825369_43_9ecbplus_5_7_7', 'acquisition_ACT18222897859726438_44_7ecb_0_8_8', 'acquisition_ACT18185002852018286_44_8ecbplus_2_15_15', 'merger_ACT17774320253942795_43_7ecb_5_6_6', 'acquisition_ACT18185002852018286_44_6ecbplus_2_1_1', 'acquisition_ACT18222897859726438_44_6ecb_6_11_11', 'acquisition_ACT17774320253942795_43_3ecb_12_17_17', 'acquisition_ACT18222897859726438_44_2ecb_10_12_12', 'acquisition_ACT17774320253942795_43_1ecb_1_18_18', 'acquisition_ACT18222897859726438_44_7ecb_1_10_10', 'merger_ACT17774320253942795_43_1ecb_19_1_1', 'acquisition_ACT18222897859726438_44_7ecb_2_24_24', 'acquisition_ACT18185002852018286_44_11ecbplus_0_5_5', 'purchase_ACT18222897859726438_44_2ecb_7_20_20', 'acquisition_ACT18222897859726438_44_1ecb_2_16_16', 'acquisition_ACT17774320253942795_43_5ecb_2_11_11', 'merger_ACT17774320253942795_43_3ecb_5_10_10', 'transaction_ACT18229866560177907_44_2ecbplus_4_4_4', 'transaction_ACT18222897859726438_44_1ecb_12_7_7', 'transaction_ACT18229866560177907_44_10ecbplus_3_6_6', 'merger_ACT17774320253942795_43_3ecb_6_6_6', 'merger_ACT17774320253942795_43_8ecb_8_15_15', 'transaction_ACT18222908848679496_44_5ecb_7_22_22', 'transaction_ACT18222908848679496_44_5ecb_4_15_15', 'purchase_ACT17774320253942795_43_3ecb_2_2_2', 'takeover_ACT17774320253942795_43_2ecb_1_3_3', 'merger_ACT18222897859726438_44_1ecb_6_7_7', 'takeover_ACT17774320253942795_43_2ecb_2_7_7', 'purchase_ACT17774320253942795_43_3ecb_25_3_3', 'purchase_ACT17774320253942795_43_7ecb_2_17_17', 'deal_ACT18222897859726438_44_3ecb_7_4_4', 'merger_ACT18222897859726438_44_4ecb_1_4_4', 'purchase_ACT18222897859726438_44_3ecb_6_2_2']
INFO:root:epoch 0 topic 1/1 - merge event clusters with score 0.7401109337806702 clusters : ['ISSUED_Singleton_ACT_46_36_7ecb_36_7ecb_2_5_5'] ['issued_Singleton_ACT_28_37_11ecbplus_37_11ecbplus_1_18_18']
INFO:root:epoch 0 topic 1/1 - merge event clusters with score 0.7270384216308594 clusters : ['deal_ACT18222897859726438_44_3ecb_3_2_2'] ['move_ACT18185002852018286_44_6ecbplus_3_2_2', 'MOVED IN_Singleton_ACT_50_36_7ecb_36_7ecb_1_2_3', 'move_ACT17773499018825369_43_5ecbplus_2_17_17', 'Acquisition_ACT17773499018825369_43_3ecbplus_0_6_6', 'acquisition_ACT17773499018825369_43_15ecbplus_16_12_12', 'Acquisition_ACT17773499018825369_43_6ecbplus_0_1_1', 'acquisition_ACT17774320253942795_43_8ecb_0_3_3', 'acquisition_ACT17773499018825369_43_9ecbplus_2_4_4', 'acquisition_ACT18185002852018286_44_8ecbplus_4_5_5', 'acquisition_ACT17774320253942795_43_3ecb_4_1_1', 'merger_ACT17774320253942795_43_7ecb_12_1_1', 'acquisition_ACT18185002852018286_44_6ecbplus_4_4_4', 'acquisition_ACT17774320253942795_43_5ecb_3_1_1', 'purchase_ACT17774320253942795_43_5ecb_12_1_1', 'acquisition_ACT17773499018825369_43_8ecbplus_1_14_14', 'Acquisition_ACT18185002852018286_44_2ecbplus_0_7_7', 'acquisition_ACT17773499018825369_43_9ecbplus_5_7_7', 'acquisition_ACT18222897859726438_44_7ecb_0_8_8', 'acquisition_ACT18185002852018286_44_8ecbplus_2_15_15', 'merger_ACT17774320253942795_43_7ecb_5_6_6', 'acquisition_ACT18185002852018286_44_6ecbplus_2_1_1', 'acquisition_ACT18222897859726438_44_6ecb_6_11_11', 'acquisition_ACT17774320253942795_43_3ecb_12_17_17', 'acquisition_ACT18222897859726438_44_2ecb_10_12_12', 'acquisition_ACT17774320253942795_43_1ecb_1_18_18', 'acquisition_ACT18222897859726438_44_7ecb_1_10_10', 'merger_ACT17774320253942795_43_1ecb_19_1_1', 'acquisition_ACT18222897859726438_44_7ecb_2_24_24', 'acquisition_ACT18185002852018286_44_11ecbplus_0_5_5', 'purchase_ACT18222897859726438_44_2ecb_7_20_20', 'acquisition_ACT18222897859726438_44_1ecb_2_16_16', 'acquisition_ACT17774320253942795_43_5ecb_2_11_11', 'merger_ACT17774320253942795_43_3ecb_5_10_10', 'transaction_ACT18229866560177907_44_2ecbplus_4_4_4', 'transaction_ACT18222897859726438_44_1ecb_12_7_7', 'transaction_ACT18229866560177907_44_10ecbplus_3_6_6', 'merger_ACT17774320253942795_43_3ecb_6_6_6', 'merger_ACT17774320253942795_43_8ecb_8_15_15', 'transaction_ACT18222908848679496_44_5ecb_7_22_22', 'transaction_ACT18222908848679496_44_5ecb_4_15_15', 'purchase_ACT17774320253942795_43_3ecb_2_2_2', 'takeover_ACT17774320253942795_43_2ecb_1_3_3', 'merger_ACT18222897859726438_44_1ecb_6_7_7', 'takeover_ACT17774320253942795_43_2ecb_2_7_7', 'purchase_ACT17774320253942795_43_3ecb_25_3_3', 'purchase_ACT17774320253942795_43_7ecb_2_17_17', 'deal_ACT18222897859726438_44_3ecb_7_4_4', 'merger_ACT18222897859726438_44_4ecb_1_4_4', 'purchase_ACT18222897859726438_44_3ecb_6_2_2', 'purchase_ACT18222897859726438_44_6ecb_2_14_14']
INFO:root:epoch 0 topic 1/1 - merge event clusters with score 0.7309096841251149 clusters : ['deal_ACT17774336861337659_43_4ecb_1_1_1'] ['move_ACT18185002852018286_44_6ecbplus_3_2_2', 'MOVED IN_Singleton_ACT_50_36_7ecb_36_7ecb_1_2_3', 'move_ACT17773499018825369_43_5ecbplus_2_17_17', 'Acquisition_ACT17773499018825369_43_3ecbplus_0_6_6', 'acquisition_ACT17773499018825369_43_15ecbplus_16_12_12', 'Acquisition_ACT17773499018825369_43_6ecbplus_0_1_1', 'acquisition_ACT17774320253942795_43_8ecb_0_3_3', 'acquisition_ACT17773499018825369_43_9ecbplus_2_4_4', 'acquisition_ACT18185002852018286_44_8ecbplus_4_5_5', 'acquisition_ACT17774320253942795_43_3ecb_4_1_1', 'merger_ACT17774320253942795_43_7ecb_12_1_1', 'acquisition_ACT18185002852018286_44_6ecbplus_4_4_4', 'acquisition_ACT17774320253942795_43_5ecb_3_1_1', 'purchase_ACT17774320253942795_43_5ecb_12_1_1', 'acquisition_ACT17773499018825369_43_8ecbplus_1_14_14', 'Acquisition_ACT18185002852018286_44_2ecbplus_0_7_7', 'acquisition_ACT17773499018825369_43_9ecbplus_5_7_7', 'acquisition_ACT18222897859726438_44_7ecb_0_8_8', 'acquisition_ACT18185002852018286_44_8ecbplus_2_15_15', 'merger_ACT17774320253942795_43_7ecb_5_6_6', 'acquisition_ACT18185002852018286_44_6ecbplus_2_1_1', 'acquisition_ACT18222897859726438_44_6ecb_6_11_11', 'acquisition_ACT17774320253942795_43_3ecb_12_17_17', 'acquisition_ACT18222897859726438_44_2ecb_10_12_12', 'acquisition_ACT17774320253942795_43_1ecb_1_18_18', 'acquisition_ACT18222897859726438_44_7ecb_1_10_10', 'merger_ACT17774320253942795_43_1ecb_19_1_1', 'acquisition_ACT18222897859726438_44_7ecb_2_24_24', 'acquisition_ACT18185002852018286_44_11ecbplus_0_5_5', 'purchase_ACT18222897859726438_44_2ecb_7_20_20', 'acquisition_ACT18222897859726438_44_1ecb_2_16_16', 'acquisition_ACT17774320253942795_43_5ecb_2_11_11', 'merger_ACT17774320253942795_43_3ecb_5_10_10', 'transaction_ACT18229866560177907_44_2ecbplus_4_4_4', 'transaction_ACT18222897859726438_44_1ecb_12_7_7', 'transaction_ACT18229866560177907_44_10ecbplus_3_6_6', 'merger_ACT17774320253942795_43_3ecb_6_6_6', 'merger_ACT17774320253942795_43_8ecb_8_15_15', 'transaction_ACT18222908848679496_44_5ecb_7_22_22', 'transaction_ACT18222908848679496_44_5ecb_4_15_15', 'purchase_ACT17774320253942795_43_3ecb_2_2_2', 'takeover_ACT17774320253942795_43_2ecb_1_3_3', 'merger_ACT18222897859726438_44_1ecb_6_7_7', 'takeover_ACT17774320253942795_43_2ecb_2_7_7', 'purchase_ACT17774320253942795_43_3ecb_25_3_3', 'purchase_ACT17774320253942795_43_7ecb_2_17_17', 'deal_ACT18222897859726438_44_3ecb_7_4_4', 'merger_ACT18222897859726438_44_4ecb_1_4_4', 'purchase_ACT18222897859726438_44_3ecb_6_2_2', 'purchase_ACT18222897859726438_44_6ecb_2_14_14', 'deal_ACT18222897859726438_44_3ecb_3_2_2']
INFO:root:epoch 0 topic 1/1 - merge event clusters with score 0.734215076153095 clusters : ['deal_ACT18222908848679496_44_2ecb_10_2_2'] ['move_ACT18185002852018286_44_6ecbplus_3_2_2', 'MOVED IN_Singleton_ACT_50_36_7ecb_36_7ecb_1_2_3', 'move_ACT17773499018825369_43_5ecbplus_2_17_17', 'Acquisition_ACT17773499018825369_43_3ecbplus_0_6_6', 'acquisition_ACT17773499018825369_43_15ecbplus_16_12_12', 'Acquisition_ACT17773499018825369_43_6ecbplus_0_1_1', 'acquisition_ACT17774320253942795_43_8ecb_0_3_3', 'acquisition_ACT17773499018825369_43_9ecbplus_2_4_4', 'acquisition_ACT18185002852018286_44_8ecbplus_4_5_5', 'acquisition_ACT17774320253942795_43_3ecb_4_1_1', 'merger_ACT17774320253942795_43_7ecb_12_1_1', 'acquisition_ACT18185002852018286_44_6ecbplus_4_4_4', 'acquisition_ACT17774320253942795_43_5ecb_3_1_1', 'purchase_ACT17774320253942795_43_5ecb_12_1_1', 'acquisition_ACT17773499018825369_43_8ecbplus_1_14_14', 'Acquisition_ACT18185002852018286_44_2ecbplus_0_7_7', 'acquisition_ACT17773499018825369_43_9ecbplus_5_7_7', 'acquisition_ACT18222897859726438_44_7ecb_0_8_8', 'acquisition_ACT18185002852018286_44_8ecbplus_2_15_15', 'merger_ACT17774320253942795_43_7ecb_5_6_6', 'acquisition_ACT18185002852018286_44_6ecbplus_2_1_1', 'acquisition_ACT18222897859726438_44_6ecb_6_11_11', 'acquisition_ACT17774320253942795_43_3ecb_12_17_17', 'acquisition_ACT18222897859726438_44_2ecb_10_12_12', 'acquisition_ACT17774320253942795_43_1ecb_1_18_18', 'acquisition_ACT18222897859726438_44_7ecb_1_10_10', 'merger_ACT17774320253942795_43_1ecb_19_1_1', 'acquisition_ACT18222897859726438_44_7ecb_2_24_24', 'acquisition_ACT18185002852018286_44_11ecbplus_0_5_5', 'purchase_ACT18222897859726438_44_2ecb_7_20_20', 'acquisition_ACT18222897859726438_44_1ecb_2_16_16', 'acquisition_ACT17774320253942795_43_5ecb_2_11_11', 'merger_ACT17774320253942795_43_3ecb_5_10_10', 'transaction_ACT18229866560177907_44_2ecbplus_4_4_4', 'transaction_ACT18222897859726438_44_1ecb_12_7_7', 'transaction_ACT18229866560177907_44_10ecbplus_3_6_6', 'merger_ACT17774320253942795_43_3ecb_6_6_6', 'merger_ACT17774320253942795_43_8ecb_8_15_15', 'transaction_ACT18222908848679496_44_5ecb_7_22_22', 'transaction_ACT18222908848679496_44_5ecb_4_15_15', 'purchase_ACT17774320253942795_43_3ecb_2_2_2', 'takeover_ACT17774320253942795_43_2ecb_1_3_3', 'merger_ACT18222897859726438_44_1ecb_6_7_7', 'takeover_ACT17774320253942795_43_2ecb_2_7_7', 'purchase_ACT17774320253942795_43_3ecb_25_3_3', 'purchase_ACT17774320253942795_43_7ecb_2_17_17', 'deal_ACT18222897859726438_44_3ecb_7_4_4', 'merger_ACT18222897859726438_44_4ecb_1_4_4', 'purchase_ACT18222897859726438_44_3ecb_6_2_2', 'purchase_ACT18222897859726438_44_6ecb_2_14_14', 'deal_ACT18222897859726438_44_3ecb_3_2_2', 'deal_ACT17774336861337659_43_4ecb_1_1_1']
INFO:root:epoch 0 topic 1/1 - merge event clusters with score 0.7322552519024543 clusters : ['deal_ACT18222908848679496_44_7ecb_3_7_7'] ['move_ACT18185002852018286_44_6ecbplus_3_2_2', 'MOVED IN_Singleton_ACT_50_36_7ecb_36_7ecb_1_2_3', 'move_ACT17773499018825369_43_5ecbplus_2_17_17', 'Acquisition_ACT17773499018825369_43_3ecbplus_0_6_6', 'acquisition_ACT17773499018825369_43_15ecbplus_16_12_12', 'Acquisition_ACT17773499018825369_43_6ecbplus_0_1_1', 'acquisition_ACT17774320253942795_43_8ecb_0_3_3', 'acquisition_ACT17773499018825369_43_9ecbplus_2_4_4', 'acquisition_ACT18185002852018286_44_8ecbplus_4_5_5', 'acquisition_ACT17774320253942795_43_3ecb_4_1_1', 'merger_ACT17774320253942795_43_7ecb_12_1_1', 'acquisition_ACT18185002852018286_44_6ecbplus_4_4_4', 'acquisition_ACT17774320253942795_43_5ecb_3_1_1', 'purchase_ACT17774320253942795_43_5ecb_12_1_1', 'acquisition_ACT17773499018825369_43_8ecbplus_1_14_14', 'Acquisition_ACT18185002852018286_44_2ecbplus_0_7_7', 'acquisition_ACT17773499018825369_43_9ecbplus_5_7_7', 'acquisition_ACT18222897859726438_44_7ecb_0_8_8', 'acquisition_ACT18185002852018286_44_8ecbplus_2_15_15', 'merger_ACT17774320253942795_43_7ecb_5_6_6', 'acquisition_ACT18185002852018286_44_6ecbplus_2_1_1', 'acquisition_ACT18222897859726438_44_6ecb_6_11_11', 'acquisition_ACT17774320253942795_43_3ecb_12_17_17', 'acquisition_ACT18222897859726438_44_2ecb_10_12_12', 'acquisition_ACT17774320253942795_43_1ecb_1_18_18', 'acquisition_ACT18222897859726438_44_7ecb_1_10_10', 'merger_ACT17774320253942795_43_1ecb_19_1_1', 'acquisition_ACT18222897859726438_44_7ecb_2_24_24', 'acquisition_ACT18185002852018286_44_11ecbplus_0_5_5', 'purchase_ACT18222897859726438_44_2ecb_7_20_20', 'acquisition_ACT18222897859726438_44_1ecb_2_16_16', 'acquisition_ACT17774320253942795_43_5ecb_2_11_11', 'merger_ACT17774320253942795_43_3ecb_5_10_10', 'transaction_ACT18229866560177907_44_2ecbplus_4_4_4', 'transaction_ACT18222897859726438_44_1ecb_12_7_7', 'transaction_ACT18229866560177907_44_10ecbplus_3_6_6', 'merger_ACT17774320253942795_43_3ecb_6_6_6', 'merger_ACT17774320253942795_43_8ecb_8_15_15', 'transaction_ACT18222908848679496_44_5ecb_7_22_22', 'transaction_ACT18222908848679496_44_5ecb_4_15_15', 'purchase_ACT17774320253942795_43_3ecb_2_2_2', 'takeover_ACT17774320253942795_43_2ecb_1_3_3', 'merger_ACT18222897859726438_44_1ecb_6_7_7', 'takeover_ACT17774320253942795_43_2ecb_2_7_7', 'purchase_ACT17774320253942795_43_3ecb_25_3_3', 'purchase_ACT17774320253942795_43_7ecb_2_17_17', 'deal_ACT18222897859726438_44_3ecb_7_4_4', 'merger_ACT18222897859726438_44_4ecb_1_4_4', 'purchase_ACT18222897859726438_44_3ecb_6_2_2', 'purchase_ACT18222897859726438_44_6ecb_2_14_14', 'deal_ACT18222897859726438_44_3ecb_3_2_2', 'deal_ACT17774336861337659_43_4ecb_1_1_1', 'deal_ACT18222908848679496_44_2ecb_10_2_2']
INFO:root:epoch 0 topic 1/1 - merge event clusters with score 0.7198915128354673 clusters : ['deal_ACT17774336861337659_43_2ecb_2_8_8'] ['move_ACT18185002852018286_44_6ecbplus_3_2_2', 'MOVED IN_Singleton_ACT_50_36_7ecb_36_7ecb_1_2_3', 'move_ACT17773499018825369_43_5ecbplus_2_17_17', 'Acquisition_ACT17773499018825369_43_3ecbplus_0_6_6', 'acquisition_ACT17773499018825369_43_15ecbplus_16_12_12', 'Acquisition_ACT17773499018825369_43_6ecbplus_0_1_1', 'acquisition_ACT17774320253942795_43_8ecb_0_3_3', 'acquisition_ACT17773499018825369_43_9ecbplus_2_4_4', 'acquisition_ACT18185002852018286_44_8ecbplus_4_5_5', 'acquisition_ACT17774320253942795_43_3ecb_4_1_1', 'merger_ACT17774320253942795_43_7ecb_12_1_1', 'acquisition_ACT18185002852018286_44_6ecbplus_4_4_4', 'acquisition_ACT17774320253942795_43_5ecb_3_1_1', 'purchase_ACT17774320253942795_43_5ecb_12_1_1', 'acquisition_ACT17773499018825369_43_8ecbplus_1_14_14', 'Acquisition_ACT18185002852018286_44_2ecbplus_0_7_7', 'acquisition_ACT17773499018825369_43_9ecbplus_5_7_7', 'acquisition_ACT18222897859726438_44_7ecb_0_8_8', 'acquisition_ACT18185002852018286_44_8ecbplus_2_15_15', 'merger_ACT17774320253942795_43_7ecb_5_6_6', 'acquisition_ACT18185002852018286_44_6ecbplus_2_1_1', 'acquisition_ACT18222897859726438_44_6ecb_6_11_11', 'acquisition_ACT17774320253942795_43_3ecb_12_17_17', 'acquisition_ACT18222897859726438_44_2ecb_10_12_12', 'acquisition_ACT17774320253942795_43_1ecb_1_18_18', 'acquisition_ACT18222897859726438_44_7ecb_1_10_10', 'merger_ACT17774320253942795_43_1ecb_19_1_1', 'acquisition_ACT18222897859726438_44_7ecb_2_24_24', 'acquisition_ACT18185002852018286_44_11ecbplus_0_5_5', 'purchase_ACT18222897859726438_44_2ecb_7_20_20', 'acquisition_ACT18222897859726438_44_1ecb_2_16_16', 'acquisition_ACT17774320253942795_43_5ecb_2_11_11', 'merger_ACT17774320253942795_43_3ecb_5_10_10', 'transaction_ACT18229866560177907_44_2ecbplus_4_4_4', 'transaction_ACT18222897859726438_44_1ecb_12_7_7', 'transaction_ACT18229866560177907_44_10ecbplus_3_6_6', 'merger_ACT17774320253942795_43_3ecb_6_6_6', 'merger_ACT17774320253942795_43_8ecb_8_15_15', 'transaction_ACT18222908848679496_44_5ecb_7_22_22', 'transaction_ACT18222908848679496_44_5ecb_4_15_15', 'purchase_ACT17774320253942795_43_3ecb_2_2_2', 'takeover_ACT17774320253942795_43_2ecb_1_3_3', 'merger_ACT18222897859726438_44_1ecb_6_7_7', 'takeover_ACT17774320253942795_43_2ecb_2_7_7', 'purchase_ACT17774320253942795_43_3ecb_25_3_3', 'purchase_ACT17774320253942795_43_7ecb_2_17_17', 'deal_ACT18222897859726438_44_3ecb_7_4_4', 'merger_ACT18222897859726438_44_4ecb_1_4_4', 'purchase_ACT18222897859726438_44_3ecb_6_2_2', 'purchase_ACT18222897859726438_44_6ecb_2_14_14', 'deal_ACT18222897859726438_44_3ecb_3_2_2', 'deal_ACT17774336861337659_43_4ecb_1_1_1', 'deal_ACT18222908848679496_44_2ecb_10_2_2', 'deal_ACT18222908848679496_44_7ecb_3_7_7']
INFO:root:epoch 0 topic 1/1 - merge event clusters with score 0.724224853515625 clusters : ['deal_ACT18222908848679496_44_5ecb_10_2_2'] ['move_ACT18185002852018286_44_6ecbplus_3_2_2', 'MOVED IN_Singleton_ACT_50_36_7ecb_36_7ecb_1_2_3', 'move_ACT17773499018825369_43_5ecbplus_2_17_17', 'Acquisition_ACT17773499018825369_43_3ecbplus_0_6_6', 'acquisition_ACT17773499018825369_43_15ecbplus_16_12_12', 'Acquisition_ACT17773499018825369_43_6ecbplus_0_1_1', 'acquisition_ACT17774320253942795_43_8ecb_0_3_3', 'acquisition_ACT17773499018825369_43_9ecbplus_2_4_4', 'acquisition_ACT18185002852018286_44_8ecbplus_4_5_5', 'acquisition_ACT17774320253942795_43_3ecb_4_1_1', 'merger_ACT17774320253942795_43_7ecb_12_1_1', 'acquisition_ACT18185002852018286_44_6ecbplus_4_4_4', 'acquisition_ACT17774320253942795_43_5ecb_3_1_1', 'purchase_ACT17774320253942795_43_5ecb_12_1_1', 'acquisition_ACT17773499018825369_43_8ecbplus_1_14_14', 'Acquisition_ACT18185002852018286_44_2ecbplus_0_7_7', 'acquisition_ACT17773499018825369_43_9ecbplus_5_7_7', 'acquisition_ACT18222897859726438_44_7ecb_0_8_8', 'acquisition_ACT18185002852018286_44_8ecbplus_2_15_15', 'merger_ACT17774320253942795_43_7ecb_5_6_6', 'acquisition_ACT18185002852018286_44_6ecbplus_2_1_1', 'acquisition_ACT18222897859726438_44_6ecb_6_11_11', 'acquisition_ACT17774320253942795_43_3ecb_12_17_17', 'acquisition_ACT18222897859726438_44_2ecb_10_12_12', 'acquisition_ACT17774320253942795_43_1ecb_1_18_18', 'acquisition_ACT18222897859726438_44_7ecb_1_10_10', 'merger_ACT17774320253942795_43_1ecb_19_1_1', 'acquisition_ACT18222897859726438_44_7ecb_2_24_24', 'acquisition_ACT18185002852018286_44_11ecbplus_0_5_5', 'purchase_ACT18222897859726438_44_2ecb_7_20_20', 'acquisition_ACT18222897859726438_44_1ecb_2_16_16', 'acquisition_ACT17774320253942795_43_5ecb_2_11_11', 'merger_ACT17774320253942795_43_3ecb_5_10_10', 'transaction_ACT18229866560177907_44_2ecbplus_4_4_4', 'transaction_ACT18222897859726438_44_1ecb_12_7_7', 'transaction_ACT18229866560177907_44_10ecbplus_3_6_6', 'merger_ACT17774320253942795_43_3ecb_6_6_6', 'merger_ACT17774320253942795_43_8ecb_8_15_15', 'transaction_ACT18222908848679496_44_5ecb_7_22_22', 'transaction_ACT18222908848679496_44_5ecb_4_15_15', 'purchase_ACT17774320253942795_43_3ecb_2_2_2', 'takeover_ACT17774320253942795_43_2ecb_1_3_3', 'merger_ACT18222897859726438_44_1ecb_6_7_7', 'takeover_ACT17774320253942795_43_2ecb_2_7_7', 'purchase_ACT17774320253942795_43_3ecb_25_3_3', 'purchase_ACT17774320253942795_43_7ecb_2_17_17', 'deal_ACT18222897859726438_44_3ecb_7_4_4', 'merger_ACT18222897859726438_44_4ecb_1_4_4', 'purchase_ACT18222897859726438_44_3ecb_6_2_2', 'purchase_ACT18222897859726438_44_6ecb_2_14_14', 'deal_ACT18222897859726438_44_3ecb_3_2_2', 'deal_ACT17774336861337659_43_4ecb_1_1_1', 'deal_ACT18222908848679496_44_2ecb_10_2_2', 'deal_ACT18222908848679496_44_7ecb_3_7_7', 'deal_ACT17774336861337659_43_2ecb_2_8_8']
INFO:root:epoch 0 topic 1/1 - merge event clusters with score 0.7210454940795898 clusters : ['deal_ACT18222908848679496_44_6ecb_7_2_2'] ['move_ACT18185002852018286_44_6ecbplus_3_2_2', 'MOVED IN_Singleton_ACT_50_36_7ecb_36_7ecb_1_2_3', 'move_ACT17773499018825369_43_5ecbplus_2_17_17', 'Acquisition_ACT17773499018825369_43_3ecbplus_0_6_6', 'acquisition_ACT17773499018825369_43_15ecbplus_16_12_12', 'Acquisition_ACT17773499018825369_43_6ecbplus_0_1_1', 'acquisition_ACT17774320253942795_43_8ecb_0_3_3', 'acquisition_ACT17773499018825369_43_9ecbplus_2_4_4', 'acquisition_ACT18185002852018286_44_8ecbplus_4_5_5', 'acquisition_ACT17774320253942795_43_3ecb_4_1_1', 'merger_ACT17774320253942795_43_7ecb_12_1_1', 'acquisition_ACT18185002852018286_44_6ecbplus_4_4_4', 'acquisition_ACT17774320253942795_43_5ecb_3_1_1', 'purchase_ACT17774320253942795_43_5ecb_12_1_1', 'acquisition_ACT17773499018825369_43_8ecbplus_1_14_14', 'Acquisition_ACT18185002852018286_44_2ecbplus_0_7_7', 'acquisition_ACT17773499018825369_43_9ecbplus_5_7_7', 'acquisition_ACT18222897859726438_44_7ecb_0_8_8', 'acquisition_ACT18185002852018286_44_8ecbplus_2_15_15', 'merger_ACT17774320253942795_43_7ecb_5_6_6', 'acquisition_ACT18185002852018286_44_6ecbplus_2_1_1', 'acquisition_ACT18222897859726438_44_6ecb_6_11_11', 'acquisition_ACT17774320253942795_43_3ecb_12_17_17', 'acquisition_ACT18222897859726438_44_2ecb_10_12_12', 'acquisition_ACT17774320253942795_43_1ecb_1_18_18', 'acquisition_ACT18222897859726438_44_7ecb_1_10_10', 'merger_ACT17774320253942795_43_1ecb_19_1_1', 'acquisition_ACT18222897859726438_44_7ecb_2_24_24', 'acquisition_ACT18185002852018286_44_11ecbplus_0_5_5', 'purchase_ACT18222897859726438_44_2ecb_7_20_20', 'acquisition_ACT18222897859726438_44_1ecb_2_16_16', 'acquisition_ACT17774320253942795_43_5ecb_2_11_11', 'merger_ACT17774320253942795_43_3ecb_5_10_10', 'transaction_ACT18229866560177907_44_2ecbplus_4_4_4', 'transaction_ACT18222897859726438_44_1ecb_12_7_7', 'transaction_ACT18229866560177907_44_10ecbplus_3_6_6', 'merger_ACT17774320253942795_43_3ecb_6_6_6', 'merger_ACT17774320253942795_43_8ecb_8_15_15', 'transaction_ACT18222908848679496_44_5ecb_7_22_22', 'transaction_ACT18222908848679496_44_5ecb_4_15_15', 'purchase_ACT17774320253942795_43_3ecb_2_2_2', 'takeover_ACT17774320253942795_43_2ecb_1_3_3', 'merger_ACT18222897859726438_44_1ecb_6_7_7', 'takeover_ACT17774320253942795_43_2ecb_2_7_7', 'purchase_ACT17774320253942795_43_3ecb_25_3_3', 'purchase_ACT17774320253942795_43_7ecb_2_17_17', 'deal_ACT18222897859726438_44_3ecb_7_4_4', 'merger_ACT18222897859726438_44_4ecb_1_4_4', 'purchase_ACT18222897859726438_44_3ecb_6_2_2', 'purchase_ACT18222897859726438_44_6ecb_2_14_14', 'deal_ACT18222897859726438_44_3ecb_3_2_2', 'deal_ACT17774336861337659_43_4ecb_1_1_1', 'deal_ACT18222908848679496_44_2ecb_10_2_2', 'deal_ACT18222908848679496_44_7ecb_3_7_7', 'deal_ACT17774336861337659_43_2ecb_2_8_8', 'deal_ACT18222908848679496_44_5ecb_10_2_2']
INFO:root:epoch 0 topic 1/1 - merge event clusters with score 0.7052825793885348 clusters : ['deal_ACT18222908848679496_44_4ecb_3_1_1'] ['move_ACT18185002852018286_44_6ecbplus_3_2_2', 'MOVED IN_Singleton_ACT_50_36_7ecb_36_7ecb_1_2_3', 'move_ACT17773499018825369_43_5ecbplus_2_17_17', 'Acquisition_ACT17773499018825369_43_3ecbplus_0_6_6', 'acquisition_ACT17773499018825369_43_15ecbplus_16_12_12', 'Acquisition_ACT17773499018825369_43_6ecbplus_0_1_1', 'acquisition_ACT17774320253942795_43_8ecb_0_3_3', 'acquisition_ACT17773499018825369_43_9ecbplus_2_4_4', 'acquisition_ACT18185002852018286_44_8ecbplus_4_5_5', 'acquisition_ACT17774320253942795_43_3ecb_4_1_1', 'merger_ACT17774320253942795_43_7ecb_12_1_1', 'acquisition_ACT18185002852018286_44_6ecbplus_4_4_4', 'acquisition_ACT17774320253942795_43_5ecb_3_1_1', 'purchase_ACT17774320253942795_43_5ecb_12_1_1', 'acquisition_ACT17773499018825369_43_8ecbplus_1_14_14', 'Acquisition_ACT18185002852018286_44_2ecbplus_0_7_7', 'acquisition_ACT17773499018825369_43_9ecbplus_5_7_7', 'acquisition_ACT18222897859726438_44_7ecb_0_8_8', 'acquisition_ACT18185002852018286_44_8ecbplus_2_15_15', 'merger_ACT17774320253942795_43_7ecb_5_6_6', 'acquisition_ACT18185002852018286_44_6ecbplus_2_1_1', 'acquisition_ACT18222897859726438_44_6ecb_6_11_11', 'acquisition_ACT17774320253942795_43_3ecb_12_17_17', 'acquisition_ACT18222897859726438_44_2ecb_10_12_12', 'acquisition_ACT17774320253942795_43_1ecb_1_18_18', 'acquisition_ACT18222897859726438_44_7ecb_1_10_10', 'merger_ACT17774320253942795_43_1ecb_19_1_1', 'acquisition_ACT18222897859726438_44_7ecb_2_24_24', 'acquisition_ACT18185002852018286_44_11ecbplus_0_5_5', 'purchase_ACT18222897859726438_44_2ecb_7_20_20', 'acquisition_ACT18222897859726438_44_1ecb_2_16_16', 'acquisition_ACT17774320253942795_43_5ecb_2_11_11', 'merger_ACT17774320253942795_43_3ecb_5_10_10', 'transaction_ACT18229866560177907_44_2ecbplus_4_4_4', 'transaction_ACT18222897859726438_44_1ecb_12_7_7', 'transaction_ACT18229866560177907_44_10ecbplus_3_6_6', 'merger_ACT17774320253942795_43_3ecb_6_6_6', 'merger_ACT17774320253942795_43_8ecb_8_15_15', 'transaction_ACT18222908848679496_44_5ecb_7_22_22', 'transaction_ACT18222908848679496_44_5ecb_4_15_15', 'purchase_ACT17774320253942795_43_3ecb_2_2_2', 'takeover_ACT17774320253942795_43_2ecb_1_3_3', 'merger_ACT18222897859726438_44_1ecb_6_7_7', 'takeover_ACT17774320253942795_43_2ecb_2_7_7', 'purchase_ACT17774320253942795_43_3ecb_25_3_3', 'purchase_ACT17774320253942795_43_7ecb_2_17_17', 'deal_ACT18222897859726438_44_3ecb_7_4_4', 'merger_ACT18222897859726438_44_4ecb_1_4_4', 'purchase_ACT18222897859726438_44_3ecb_6_2_2', 'purchase_ACT18222897859726438_44_6ecb_2_14_14', 'deal_ACT18222897859726438_44_3ecb_3_2_2', 'deal_ACT17774336861337659_43_4ecb_1_1_1', 'deal_ACT18222908848679496_44_2ecb_10_2_2', 'deal_ACT18222908848679496_44_7ecb_3_7_7', 'deal_ACT17774336861337659_43_2ecb_2_8_8', 'deal_ACT18222908848679496_44_5ecb_10_2_2', 'deal_ACT18222908848679496_44_6ecb_7_2_2']
INFO:root:epoch 0 topic 1/1 - merge event clusters with score 0.6993721271383351 clusters : ['deal_ACT17774320253942795_43_6ecb_5_10_10'] ['move_ACT18185002852018286_44_6ecbplus_3_2_2', 'MOVED IN_Singleton_ACT_50_36_7ecb_36_7ecb_1_2_3', 'move_ACT17773499018825369_43_5ecbplus_2_17_17', 'Acquisition_ACT17773499018825369_43_3ecbplus_0_6_6', 'acquisition_ACT17773499018825369_43_15ecbplus_16_12_12', 'Acquisition_ACT17773499018825369_43_6ecbplus_0_1_1', 'acquisition_ACT17774320253942795_43_8ecb_0_3_3', 'acquisition_ACT17773499018825369_43_9ecbplus_2_4_4', 'acquisition_ACT18185002852018286_44_8ecbplus_4_5_5', 'acquisition_ACT17774320253942795_43_3ecb_4_1_1', 'merger_ACT17774320253942795_43_7ecb_12_1_1', 'acquisition_ACT18185002852018286_44_6ecbplus_4_4_4', 'acquisition_ACT17774320253942795_43_5ecb_3_1_1', 'purchase_ACT17774320253942795_43_5ecb_12_1_1', 'acquisition_ACT17773499018825369_43_8ecbplus_1_14_14', 'Acquisition_ACT18185002852018286_44_2ecbplus_0_7_7', 'acquisition_ACT17773499018825369_43_9ecbplus_5_7_7', 'acquisition_ACT18222897859726438_44_7ecb_0_8_8', 'acquisition_ACT18185002852018286_44_8ecbplus_2_15_15', 'merger_ACT17774320253942795_43_7ecb_5_6_6', 'acquisition_ACT18185002852018286_44_6ecbplus_2_1_1', 'acquisition_ACT18222897859726438_44_6ecb_6_11_11', 'acquisition_ACT17774320253942795_43_3ecb_12_17_17', 'acquisition_ACT18222897859726438_44_2ecb_10_12_12', 'acquisition_ACT17774320253942795_43_1ecb_1_18_18', 'acquisition_ACT18222897859726438_44_7ecb_1_10_10', 'merger_ACT17774320253942795_43_1ecb_19_1_1', 'acquisition_ACT18222897859726438_44_7ecb_2_24_24', 'acquisition_ACT18185002852018286_44_11ecbplus_0_5_5', 'purchase_ACT18222897859726438_44_2ecb_7_20_20', 'acquisition_ACT18222897859726438_44_1ecb_2_16_16', 'acquisition_ACT17774320253942795_43_5ecb_2_11_11', 'merger_ACT17774320253942795_43_3ecb_5_10_10', 'transaction_ACT18229866560177907_44_2ecbplus_4_4_4', 'transaction_ACT18222897859726438_44_1ecb_12_7_7', 'transaction_ACT18229866560177907_44_10ecbplus_3_6_6', 'merger_ACT17774320253942795_43_3ecb_6_6_6', 'merger_ACT17774320253942795_43_8ecb_8_15_15', 'transaction_ACT18222908848679496_44_5ecb_7_22_22', 'transaction_ACT18222908848679496_44_5ecb_4_15_15', 'purchase_ACT17774320253942795_43_3ecb_2_2_2', 'takeover_ACT17774320253942795_43_2ecb_1_3_3', 'merger_ACT18222897859726438_44_1ecb_6_7_7', 'takeover_ACT17774320253942795_43_2ecb_2_7_7', 'purchase_ACT17774320253942795_43_3ecb_25_3_3', 'purchase_ACT17774320253942795_43_7ecb_2_17_17', 'deal_ACT18222897859726438_44_3ecb_7_4_4', 'merger_ACT18222897859726438_44_4ecb_1_4_4', 'purchase_ACT18222897859726438_44_3ecb_6_2_2', 'purchase_ACT18222897859726438_44_6ecb_2_14_14', 'deal_ACT18222897859726438_44_3ecb_3_2_2', 'deal_ACT17774336861337659_43_4ecb_1_1_1', 'deal_ACT18222908848679496_44_2ecb_10_2_2', 'deal_ACT18222908848679496_44_7ecb_3_7_7', 'deal_ACT17774336861337659_43_2ecb_2_8_8', 'deal_ACT18222908848679496_44_5ecb_10_2_2', 'deal_ACT18222908848679496_44_6ecb_7_2_2', 'deal_ACT18222908848679496_44_4ecb_3_1_1']
INFO:root:epoch 0 topic 1/1 - merge event clusters with score 0.6965294530836202 clusters : ['deal_ACT18229866560177907_44_12ecbplus_2_23_23'] ['move_ACT18185002852018286_44_6ecbplus_3_2_2', 'MOVED IN_Singleton_ACT_50_36_7ecb_36_7ecb_1_2_3', 'move_ACT17773499018825369_43_5ecbplus_2_17_17', 'Acquisition_ACT17773499018825369_43_3ecbplus_0_6_6', 'acquisition_ACT17773499018825369_43_15ecbplus_16_12_12', 'Acquisition_ACT17773499018825369_43_6ecbplus_0_1_1', 'acquisition_ACT17774320253942795_43_8ecb_0_3_3', 'acquisition_ACT17773499018825369_43_9ecbplus_2_4_4', 'acquisition_ACT18185002852018286_44_8ecbplus_4_5_5', 'acquisition_ACT17774320253942795_43_3ecb_4_1_1', 'merger_ACT17774320253942795_43_7ecb_12_1_1', 'acquisition_ACT18185002852018286_44_6ecbplus_4_4_4', 'acquisition_ACT17774320253942795_43_5ecb_3_1_1', 'purchase_ACT17774320253942795_43_5ecb_12_1_1', 'acquisition_ACT17773499018825369_43_8ecbplus_1_14_14', 'Acquisition_ACT18185002852018286_44_2ecbplus_0_7_7', 'acquisition_ACT17773499018825369_43_9ecbplus_5_7_7', 'acquisition_ACT18222897859726438_44_7ecb_0_8_8', 'acquisition_ACT18185002852018286_44_8ecbplus_2_15_15', 'merger_ACT17774320253942795_43_7ecb_5_6_6', 'acquisition_ACT18185002852018286_44_6ecbplus_2_1_1', 'acquisition_ACT18222897859726438_44_6ecb_6_11_11', 'acquisition_ACT17774320253942795_43_3ecb_12_17_17', 'acquisition_ACT18222897859726438_44_2ecb_10_12_12', 'acquisition_ACT17774320253942795_43_1ecb_1_18_18', 'acquisition_ACT18222897859726438_44_7ecb_1_10_10', 'merger_ACT17774320253942795_43_1ecb_19_1_1', 'acquisition_ACT18222897859726438_44_7ecb_2_24_24', 'acquisition_ACT18185002852018286_44_11ecbplus_0_5_5', 'purchase_ACT18222897859726438_44_2ecb_7_20_20', 'acquisition_ACT18222897859726438_44_1ecb_2_16_16', 'acquisition_ACT17774320253942795_43_5ecb_2_11_11', 'merger_ACT17774320253942795_43_3ecb_5_10_10', 'transaction_ACT18229866560177907_44_2ecbplus_4_4_4', 'transaction_ACT18222897859726438_44_1ecb_12_7_7', 'transaction_ACT18229866560177907_44_10ecbplus_3_6_6', 'merger_ACT17774320253942795_43_3ecb_6_6_6', 'merger_ACT17774320253942795_43_8ecb_8_15_15', 'transaction_ACT18222908848679496_44_5ecb_7_22_22', 'transaction_ACT18222908848679496_44_5ecb_4_15_15', 'purchase_ACT17774320253942795_43_3ecb_2_2_2', 'takeover_ACT17774320253942795_43_2ecb_1_3_3', 'merger_ACT18222897859726438_44_1ecb_6_7_7', 'takeover_ACT17774320253942795_43_2ecb_2_7_7', 'purchase_ACT17774320253942795_43_3ecb_25_3_3', 'purchase_ACT17774320253942795_43_7ecb_2_17_17', 'deal_ACT18222897859726438_44_3ecb_7_4_4', 'merger_ACT18222897859726438_44_4ecb_1_4_4', 'purchase_ACT18222897859726438_44_3ecb_6_2_2', 'purchase_ACT18222897859726438_44_6ecb_2_14_14', 'deal_ACT18222897859726438_44_3ecb_3_2_2', 'deal_ACT17774336861337659_43_4ecb_1_1_1', 'deal_ACT18222908848679496_44_2ecb_10_2_2', 'deal_ACT18222908848679496_44_7ecb_3_7_7', 'deal_ACT17774336861337659_43_2ecb_2_8_8', 'deal_ACT18222908848679496_44_5ecb_10_2_2', 'deal_ACT18222908848679496_44_6ecb_7_2_2', 'deal_ACT18222908848679496_44_4ecb_3_1_1', 'deal_ACT17774320253942795_43_6ecb_5_10_10']
INFO:root:epoch 0 topic 1/1 - merge event clusters with score 0.6906455159187317 clusters : ['said_Singleton_ACT_49_36_3ecb_36_3ecb_16_26_26'] ['said_ACT18096225619383879_41_11ecbplus_2_36_36']
INFO:root:epoch 0 topic 1/1 - merge event clusters with score 0.6833987553914388 clusters : ['Business_ACT18182652973066989_43_3ecbplus_0_3_3'] ['move_ACT18185002852018286_44_6ecbplus_3_2_2', 'MOVED IN_Singleton_ACT_50_36_7ecb_36_7ecb_1_2_3', 'move_ACT17773499018825369_43_5ecbplus_2_17_17', 'Acquisition_ACT17773499018825369_43_3ecbplus_0_6_6', 'acquisition_ACT17773499018825369_43_15ecbplus_16_12_12', 'Acquisition_ACT17773499018825369_43_6ecbplus_0_1_1', 'acquisition_ACT17774320253942795_43_8ecb_0_3_3', 'acquisition_ACT17773499018825369_43_9ecbplus_2_4_4', 'acquisition_ACT18185002852018286_44_8ecbplus_4_5_5', 'acquisition_ACT17774320253942795_43_3ecb_4_1_1', 'merger_ACT17774320253942795_43_7ecb_12_1_1', 'acquisition_ACT18185002852018286_44_6ecbplus_4_4_4', 'acquisition_ACT17774320253942795_43_5ecb_3_1_1', 'purchase_ACT17774320253942795_43_5ecb_12_1_1', 'acquisition_ACT17773499018825369_43_8ecbplus_1_14_14', 'Acquisition_ACT18185002852018286_44_2ecbplus_0_7_7', 'acquisition_ACT17773499018825369_43_9ecbplus_5_7_7', 'acquisition_ACT18222897859726438_44_7ecb_0_8_8', 'acquisition_ACT18185002852018286_44_8ecbplus_2_15_15', 'merger_ACT17774320253942795_43_7ecb_5_6_6', 'acquisition_ACT18185002852018286_44_6ecbplus_2_1_1', 'acquisition_ACT18222897859726438_44_6ecb_6_11_11', 'acquisition_ACT17774320253942795_43_3ecb_12_17_17', 'acquisition_ACT18222897859726438_44_2ecb_10_12_12', 'acquisition_ACT17774320253942795_43_1ecb_1_18_18', 'acquisition_ACT18222897859726438_44_7ecb_1_10_10', 'merger_ACT17774320253942795_43_1ecb_19_1_1', 'acquisition_ACT18222897859726438_44_7ecb_2_24_24', 'acquisition_ACT18185002852018286_44_11ecbplus_0_5_5', 'purchase_ACT18222897859726438_44_2ecb_7_20_20', 'acquisition_ACT18222897859726438_44_1ecb_2_16_16', 'acquisition_ACT17774320253942795_43_5ecb_2_11_11', 'merger_ACT17774320253942795_43_3ecb_5_10_10', 'transaction_ACT18229866560177907_44_2ecbplus_4_4_4', 'transaction_ACT18222897859726438_44_1ecb_12_7_7', 'transaction_ACT18229866560177907_44_10ecbplus_3_6_6', 'merger_ACT17774320253942795_43_3ecb_6_6_6', 'merger_ACT17774320253942795_43_8ecb_8_15_15', 'transaction_ACT18222908848679496_44_5ecb_7_22_22', 'transaction_ACT18222908848679496_44_5ecb_4_15_15', 'purchase_ACT17774320253942795_43_3ecb_2_2_2', 'takeover_ACT17774320253942795_43_2ecb_1_3_3', 'merger_ACT18222897859726438_44_1ecb_6_7_7', 'takeover_ACT17774320253942795_43_2ecb_2_7_7', 'purchase_ACT17774320253942795_43_3ecb_25_3_3', 'purchase_ACT17774320253942795_43_7ecb_2_17_17', 'deal_ACT18222897859726438_44_3ecb_7_4_4', 'merger_ACT18222897859726438_44_4ecb_1_4_4', 'purchase_ACT18222897859726438_44_3ecb_6_2_2', 'purchase_ACT18222897859726438_44_6ecb_2_14_14', 'deal_ACT18222897859726438_44_3ecb_3_2_2', 'deal_ACT17774336861337659_43_4ecb_1_1_1', 'deal_ACT18222908848679496_44_2ecb_10_2_2', 'deal_ACT18222908848679496_44_7ecb_3_7_7', 'deal_ACT17774336861337659_43_2ecb_2_8_8', 'deal_ACT18222908848679496_44_5ecb_10_2_2', 'deal_ACT18222908848679496_44_6ecb_7_2_2', 'deal_ACT18222908848679496_44_4ecb_3_1_1', 'deal_ACT17774320253942795_43_6ecb_5_10_10', 'deal_ACT18229866560177907_44_12ecbplus_2_23_23']
INFO:root:epoch 0 topic 1/1 - merge event clusters with score 0.6765620747550589 clusters : ['deal_ACT17774320253942795_43_5ecb_6_28_28'] ['move_ACT18185002852018286_44_6ecbplus_3_2_2', 'MOVED IN_Singleton_ACT_50_36_7ecb_36_7ecb_1_2_3', 'move_ACT17773499018825369_43_5ecbplus_2_17_17', 'Acquisition_ACT17773499018825369_43_3ecbplus_0_6_6', 'acquisition_ACT17773499018825369_43_15ecbplus_16_12_12', 'Acquisition_ACT17773499018825369_43_6ecbplus_0_1_1', 'acquisition_ACT17774320253942795_43_8ecb_0_3_3', 'acquisition_ACT17773499018825369_43_9ecbplus_2_4_4', 'acquisition_ACT18185002852018286_44_8ecbplus_4_5_5', 'acquisition_ACT17774320253942795_43_3ecb_4_1_1', 'merger_ACT17774320253942795_43_7ecb_12_1_1', 'acquisition_ACT18185002852018286_44_6ecbplus_4_4_4', 'acquisition_ACT17774320253942795_43_5ecb_3_1_1', 'purchase_ACT17774320253942795_43_5ecb_12_1_1', 'acquisition_ACT17773499018825369_43_8ecbplus_1_14_14', 'Acquisition_ACT18185002852018286_44_2ecbplus_0_7_7', 'acquisition_ACT17773499018825369_43_9ecbplus_5_7_7', 'acquisition_ACT18222897859726438_44_7ecb_0_8_8', 'acquisition_ACT18185002852018286_44_8ecbplus_2_15_15', 'merger_ACT17774320253942795_43_7ecb_5_6_6', 'acquisition_ACT18185002852018286_44_6ecbplus_2_1_1', 'acquisition_ACT18222897859726438_44_6ecb_6_11_11', 'acquisition_ACT17774320253942795_43_3ecb_12_17_17', 'acquisition_ACT18222897859726438_44_2ecb_10_12_12', 'acquisition_ACT17774320253942795_43_1ecb_1_18_18', 'acquisition_ACT18222897859726438_44_7ecb_1_10_10', 'merger_ACT17774320253942795_43_1ecb_19_1_1', 'acquisition_ACT18222897859726438_44_7ecb_2_24_24', 'acquisition_ACT18185002852018286_44_11ecbplus_0_5_5', 'purchase_ACT18222897859726438_44_2ecb_7_20_20', 'acquisition_ACT18222897859726438_44_1ecb_2_16_16', 'acquisition_ACT17774320253942795_43_5ecb_2_11_11', 'merger_ACT17774320253942795_43_3ecb_5_10_10', 'transaction_ACT18229866560177907_44_2ecbplus_4_4_4', 'transaction_ACT18222897859726438_44_1ecb_12_7_7', 'transaction_ACT18229866560177907_44_10ecbplus_3_6_6', 'merger_ACT17774320253942795_43_3ecb_6_6_6', 'merger_ACT17774320253942795_43_8ecb_8_15_15', 'transaction_ACT18222908848679496_44_5ecb_7_22_22', 'transaction_ACT18222908848679496_44_5ecb_4_15_15', 'purchase_ACT17774320253942795_43_3ecb_2_2_2', 'takeover_ACT17774320253942795_43_2ecb_1_3_3', 'merger_ACT18222897859726438_44_1ecb_6_7_7', 'takeover_ACT17774320253942795_43_2ecb_2_7_7', 'purchase_ACT17774320253942795_43_3ecb_25_3_3', 'purchase_ACT17774320253942795_43_7ecb_2_17_17', 'deal_ACT18222897859726438_44_3ecb_7_4_4', 'merger_ACT18222897859726438_44_4ecb_1_4_4', 'purchase_ACT18222897859726438_44_3ecb_6_2_2', 'purchase_ACT18222897859726438_44_6ecb_2_14_14', 'deal_ACT18222897859726438_44_3ecb_3_2_2', 'deal_ACT17774336861337659_43_4ecb_1_1_1', 'deal_ACT18222908848679496_44_2ecb_10_2_2', 'deal_ACT18222908848679496_44_7ecb_3_7_7', 'deal_ACT17774336861337659_43_2ecb_2_8_8', 'deal_ACT18222908848679496_44_5ecb_10_2_2', 'deal_ACT18222908848679496_44_6ecb_7_2_2', 'deal_ACT18222908848679496_44_4ecb_3_1_1', 'deal_ACT17774320253942795_43_6ecb_5_10_10', 'deal_ACT18229866560177907_44_12ecbplus_2_23_23', 'Business_ACT18182652973066989_43_3ecbplus_0_3_3']
INFO:root:epoch 0 topic 1/1 - merge event clusters with score 0.6743256353562878 clusters : ['Deal_ACT18229866560177907_44_12ecbplus_1_4_4'] ['move_ACT18185002852018286_44_6ecbplus_3_2_2', 'MOVED IN_Singleton_ACT_50_36_7ecb_36_7ecb_1_2_3', 'move_ACT17773499018825369_43_5ecbplus_2_17_17', 'Acquisition_ACT17773499018825369_43_3ecbplus_0_6_6', 'acquisition_ACT17773499018825369_43_15ecbplus_16_12_12', 'Acquisition_ACT17773499018825369_43_6ecbplus_0_1_1', 'acquisition_ACT17774320253942795_43_8ecb_0_3_3', 'acquisition_ACT17773499018825369_43_9ecbplus_2_4_4', 'acquisition_ACT18185002852018286_44_8ecbplus_4_5_5', 'acquisition_ACT17774320253942795_43_3ecb_4_1_1', 'merger_ACT17774320253942795_43_7ecb_12_1_1', 'acquisition_ACT18185002852018286_44_6ecbplus_4_4_4', 'acquisition_ACT17774320253942795_43_5ecb_3_1_1', 'purchase_ACT17774320253942795_43_5ecb_12_1_1', 'acquisition_ACT17773499018825369_43_8ecbplus_1_14_14', 'Acquisition_ACT18185002852018286_44_2ecbplus_0_7_7', 'acquisition_ACT17773499018825369_43_9ecbplus_5_7_7', 'acquisition_ACT18222897859726438_44_7ecb_0_8_8', 'acquisition_ACT18185002852018286_44_8ecbplus_2_15_15', 'merger_ACT17774320253942795_43_7ecb_5_6_6', 'acquisition_ACT18185002852018286_44_6ecbplus_2_1_1', 'acquisition_ACT18222897859726438_44_6ecb_6_11_11', 'acquisition_ACT17774320253942795_43_3ecb_12_17_17', 'acquisition_ACT18222897859726438_44_2ecb_10_12_12', 'acquisition_ACT17774320253942795_43_1ecb_1_18_18', 'acquisition_ACT18222897859726438_44_7ecb_1_10_10', 'merger_ACT17774320253942795_43_1ecb_19_1_1', 'acquisition_ACT18222897859726438_44_7ecb_2_24_24', 'acquisition_ACT18185002852018286_44_11ecbplus_0_5_5', 'purchase_ACT18222897859726438_44_2ecb_7_20_20', 'acquisition_ACT18222897859726438_44_1ecb_2_16_16', 'acquisition_ACT17774320253942795_43_5ecb_2_11_11', 'merger_ACT17774320253942795_43_3ecb_5_10_10', 'transaction_ACT18229866560177907_44_2ecbplus_4_4_4', 'transaction_ACT18222897859726438_44_1ecb_12_7_7', 'transaction_ACT18229866560177907_44_10ecbplus_3_6_6', 'merger_ACT17774320253942795_43_3ecb_6_6_6', 'merger_ACT17774320253942795_43_8ecb_8_15_15', 'transaction_ACT18222908848679496_44_5ecb_7_22_22', 'transaction_ACT18222908848679496_44_5ecb_4_15_15', 'purchase_ACT17774320253942795_43_3ecb_2_2_2', 'takeover_ACT17774320253942795_43_2ecb_1_3_3', 'merger_ACT18222897859726438_44_1ecb_6_7_7', 'takeover_ACT17774320253942795_43_2ecb_2_7_7', 'purchase_ACT17774320253942795_43_3ecb_25_3_3', 'purchase_ACT17774320253942795_43_7ecb_2_17_17', 'deal_ACT18222897859726438_44_3ecb_7_4_4', 'merger_ACT18222897859726438_44_4ecb_1_4_4', 'purchase_ACT18222897859726438_44_3ecb_6_2_2', 'purchase_ACT18222897859726438_44_6ecb_2_14_14', 'deal_ACT18222897859726438_44_3ecb_3_2_2', 'deal_ACT17774336861337659_43_4ecb_1_1_1', 'deal_ACT18222908848679496_44_2ecb_10_2_2', 'deal_ACT18222908848679496_44_7ecb_3_7_7', 'deal_ACT17774336861337659_43_2ecb_2_8_8', 'deal_ACT18222908848679496_44_5ecb_10_2_2', 'deal_ACT18222908848679496_44_6ecb_7_2_2', 'deal_ACT18222908848679496_44_4ecb_3_1_1', 'deal_ACT17774320253942795_43_6ecb_5_10_10', 'deal_ACT18229866560177907_44_12ecbplus_2_23_23', 'Business_ACT18182652973066989_43_3ecbplus_0_3_3', 'deal_ACT17774320253942795_43_5ecb_6_28_28']
INFO:root:epoch 0 topic 1/1 - merge event clusters with score 0.6791443597702753 clusters : ['deal_ACT17774320253942795_43_6ecb_1_61_61'] ['move_ACT18185002852018286_44_6ecbplus_3_2_2', 'MOVED IN_Singleton_ACT_50_36_7ecb_36_7ecb_1_2_3', 'move_ACT17773499018825369_43_5ecbplus_2_17_17', 'Acquisition_ACT17773499018825369_43_3ecbplus_0_6_6', 'acquisition_ACT17773499018825369_43_15ecbplus_16_12_12', 'Acquisition_ACT17773499018825369_43_6ecbplus_0_1_1', 'acquisition_ACT17774320253942795_43_8ecb_0_3_3', 'acquisition_ACT17773499018825369_43_9ecbplus_2_4_4', 'acquisition_ACT18185002852018286_44_8ecbplus_4_5_5', 'acquisition_ACT17774320253942795_43_3ecb_4_1_1', 'merger_ACT17774320253942795_43_7ecb_12_1_1', 'acquisition_ACT18185002852018286_44_6ecbplus_4_4_4', 'acquisition_ACT17774320253942795_43_5ecb_3_1_1', 'purchase_ACT17774320253942795_43_5ecb_12_1_1', 'acquisition_ACT17773499018825369_43_8ecbplus_1_14_14', 'Acquisition_ACT18185002852018286_44_2ecbplus_0_7_7', 'acquisition_ACT17773499018825369_43_9ecbplus_5_7_7', 'acquisition_ACT18222897859726438_44_7ecb_0_8_8', 'acquisition_ACT18185002852018286_44_8ecbplus_2_15_15', 'merger_ACT17774320253942795_43_7ecb_5_6_6', 'acquisition_ACT18185002852018286_44_6ecbplus_2_1_1', 'acquisition_ACT18222897859726438_44_6ecb_6_11_11', 'acquisition_ACT17774320253942795_43_3ecb_12_17_17', 'acquisition_ACT18222897859726438_44_2ecb_10_12_12', 'acquisition_ACT17774320253942795_43_1ecb_1_18_18', 'acquisition_ACT18222897859726438_44_7ecb_1_10_10', 'merger_ACT17774320253942795_43_1ecb_19_1_1', 'acquisition_ACT18222897859726438_44_7ecb_2_24_24', 'acquisition_ACT18185002852018286_44_11ecbplus_0_5_5', 'purchase_ACT18222897859726438_44_2ecb_7_20_20', 'acquisition_ACT18222897859726438_44_1ecb_2_16_16', 'acquisition_ACT17774320253942795_43_5ecb_2_11_11', 'merger_ACT17774320253942795_43_3ecb_5_10_10', 'transaction_ACT18229866560177907_44_2ecbplus_4_4_4', 'transaction_ACT18222897859726438_44_1ecb_12_7_7', 'transaction_ACT18229866560177907_44_10ecbplus_3_6_6', 'merger_ACT17774320253942795_43_3ecb_6_6_6', 'merger_ACT17774320253942795_43_8ecb_8_15_15', 'transaction_ACT18222908848679496_44_5ecb_7_22_22', 'transaction_ACT18222908848679496_44_5ecb_4_15_15', 'purchase_ACT17774320253942795_43_3ecb_2_2_2', 'takeover_ACT17774320253942795_43_2ecb_1_3_3', 'merger_ACT18222897859726438_44_1ecb_6_7_7', 'takeover_ACT17774320253942795_43_2ecb_2_7_7', 'purchase_ACT17774320253942795_43_3ecb_25_3_3', 'purchase_ACT17774320253942795_43_7ecb_2_17_17', 'deal_ACT18222897859726438_44_3ecb_7_4_4', 'merger_ACT18222897859726438_44_4ecb_1_4_4', 'purchase_ACT18222897859726438_44_3ecb_6_2_2', 'purchase_ACT18222897859726438_44_6ecb_2_14_14', 'deal_ACT18222897859726438_44_3ecb_3_2_2', 'deal_ACT17774336861337659_43_4ecb_1_1_1', 'deal_ACT18222908848679496_44_2ecb_10_2_2', 'deal_ACT18222908848679496_44_7ecb_3_7_7', 'deal_ACT17774336861337659_43_2ecb_2_8_8', 'deal_ACT18222908848679496_44_5ecb_10_2_2', 'deal_ACT18222908848679496_44_6ecb_7_2_2', 'deal_ACT18222908848679496_44_4ecb_3_1_1', 'deal_ACT17774320253942795_43_6ecb_5_10_10', 'deal_ACT18229866560177907_44_12ecbplus_2_23_23', 'Business_ACT18182652973066989_43_3ecbplus_0_3_3', 'deal_ACT17774320253942795_43_5ecb_6_28_28', 'Deal_ACT18229866560177907_44_12ecbplus_1_4_4']
INFO:root:epoch 0 topic 1/1 - merge event clusters with score 0.6637114882469177 clusters : ['deal_ACT18222908848679496_44_2ecb_0_13_13'] ['move_ACT18185002852018286_44_6ecbplus_3_2_2', 'MOVED IN_Singleton_ACT_50_36_7ecb_36_7ecb_1_2_3', 'move_ACT17773499018825369_43_5ecbplus_2_17_17', 'Acquisition_ACT17773499018825369_43_3ecbplus_0_6_6', 'acquisition_ACT17773499018825369_43_15ecbplus_16_12_12', 'Acquisition_ACT17773499018825369_43_6ecbplus_0_1_1', 'acquisition_ACT17774320253942795_43_8ecb_0_3_3', 'acquisition_ACT17773499018825369_43_9ecbplus_2_4_4', 'acquisition_ACT18185002852018286_44_8ecbplus_4_5_5', 'acquisition_ACT17774320253942795_43_3ecb_4_1_1', 'merger_ACT17774320253942795_43_7ecb_12_1_1', 'acquisition_ACT18185002852018286_44_6ecbplus_4_4_4', 'acquisition_ACT17774320253942795_43_5ecb_3_1_1', 'purchase_ACT17774320253942795_43_5ecb_12_1_1', 'acquisition_ACT17773499018825369_43_8ecbplus_1_14_14', 'Acquisition_ACT18185002852018286_44_2ecbplus_0_7_7', 'acquisition_ACT17773499018825369_43_9ecbplus_5_7_7', 'acquisition_ACT18222897859726438_44_7ecb_0_8_8', 'acquisition_ACT18185002852018286_44_8ecbplus_2_15_15', 'merger_ACT17774320253942795_43_7ecb_5_6_6', 'acquisition_ACT18185002852018286_44_6ecbplus_2_1_1', 'acquisition_ACT18222897859726438_44_6ecb_6_11_11', 'acquisition_ACT17774320253942795_43_3ecb_12_17_17', 'acquisition_ACT18222897859726438_44_2ecb_10_12_12', 'acquisition_ACT17774320253942795_43_1ecb_1_18_18', 'acquisition_ACT18222897859726438_44_7ecb_1_10_10', 'merger_ACT17774320253942795_43_1ecb_19_1_1', 'acquisition_ACT18222897859726438_44_7ecb_2_24_24', 'acquisition_ACT18185002852018286_44_11ecbplus_0_5_5', 'purchase_ACT18222897859726438_44_2ecb_7_20_20', 'acquisition_ACT18222897859726438_44_1ecb_2_16_16', 'acquisition_ACT17774320253942795_43_5ecb_2_11_11', 'merger_ACT17774320253942795_43_3ecb_5_10_10', 'transaction_ACT18229866560177907_44_2ecbplus_4_4_4', 'transaction_ACT18222897859726438_44_1ecb_12_7_7', 'transaction_ACT18229866560177907_44_10ecbplus_3_6_6', 'merger_ACT17774320253942795_43_3ecb_6_6_6', 'merger_ACT17774320253942795_43_8ecb_8_15_15', 'transaction_ACT18222908848679496_44_5ecb_7_22_22', 'transaction_ACT18222908848679496_44_5ecb_4_15_15', 'purchase_ACT17774320253942795_43_3ecb_2_2_2', 'takeover_ACT17774320253942795_43_2ecb_1_3_3', 'merger_ACT18222897859726438_44_1ecb_6_7_7', 'takeover_ACT17774320253942795_43_2ecb_2_7_7', 'purchase_ACT17774320253942795_43_3ecb_25_3_3', 'purchase_ACT17774320253942795_43_7ecb_2_17_17', 'deal_ACT18222897859726438_44_3ecb_7_4_4', 'merger_ACT18222897859726438_44_4ecb_1_4_4', 'purchase_ACT18222897859726438_44_3ecb_6_2_2', 'purchase_ACT18222897859726438_44_6ecb_2_14_14', 'deal_ACT18222897859726438_44_3ecb_3_2_2', 'deal_ACT17774336861337659_43_4ecb_1_1_1', 'deal_ACT18222908848679496_44_2ecb_10_2_2', 'deal_ACT18222908848679496_44_7ecb_3_7_7', 'deal_ACT17774336861337659_43_2ecb_2_8_8', 'deal_ACT18222908848679496_44_5ecb_10_2_2', 'deal_ACT18222908848679496_44_6ecb_7_2_2', 'deal_ACT18222908848679496_44_4ecb_3_1_1', 'deal_ACT17774320253942795_43_6ecb_5_10_10', 'deal_ACT18229866560177907_44_12ecbplus_2_23_23', 'Business_ACT18182652973066989_43_3ecbplus_0_3_3', 'deal_ACT17774320253942795_43_5ecb_6_28_28', 'Deal_ACT18229866560177907_44_12ecbplus_1_4_4', 'deal_ACT17774320253942795_43_6ecb_1_61_61']
INFO:root:epoch 0 topic 1/1 - merge event clusters with score 0.6661950331467849 clusters : ['deal_ACT17774320253942795_43_6ecb_4_10_10'] ['move_ACT18185002852018286_44_6ecbplus_3_2_2', 'MOVED IN_Singleton_ACT_50_36_7ecb_36_7ecb_1_2_3', 'move_ACT17773499018825369_43_5ecbplus_2_17_17', 'Acquisition_ACT17773499018825369_43_3ecbplus_0_6_6', 'acquisition_ACT17773499018825369_43_15ecbplus_16_12_12', 'Acquisition_ACT17773499018825369_43_6ecbplus_0_1_1', 'acquisition_ACT17774320253942795_43_8ecb_0_3_3', 'acquisition_ACT17773499018825369_43_9ecbplus_2_4_4', 'acquisition_ACT18185002852018286_44_8ecbplus_4_5_5', 'acquisition_ACT17774320253942795_43_3ecb_4_1_1', 'merger_ACT17774320253942795_43_7ecb_12_1_1', 'acquisition_ACT18185002852018286_44_6ecbplus_4_4_4', 'acquisition_ACT17774320253942795_43_5ecb_3_1_1', 'purchase_ACT17774320253942795_43_5ecb_12_1_1', 'acquisition_ACT17773499018825369_43_8ecbplus_1_14_14', 'Acquisition_ACT18185002852018286_44_2ecbplus_0_7_7', 'acquisition_ACT17773499018825369_43_9ecbplus_5_7_7', 'acquisition_ACT18222897859726438_44_7ecb_0_8_8', 'acquisition_ACT18185002852018286_44_8ecbplus_2_15_15', 'merger_ACT17774320253942795_43_7ecb_5_6_6', 'acquisition_ACT18185002852018286_44_6ecbplus_2_1_1', 'acquisition_ACT18222897859726438_44_6ecb_6_11_11', 'acquisition_ACT17774320253942795_43_3ecb_12_17_17', 'acquisition_ACT18222897859726438_44_2ecb_10_12_12', 'acquisition_ACT17774320253942795_43_1ecb_1_18_18', 'acquisition_ACT18222897859726438_44_7ecb_1_10_10', 'merger_ACT17774320253942795_43_1ecb_19_1_1', 'acquisition_ACT18222897859726438_44_7ecb_2_24_24', 'acquisition_ACT18185002852018286_44_11ecbplus_0_5_5', 'purchase_ACT18222897859726438_44_2ecb_7_20_20', 'acquisition_ACT18222897859726438_44_1ecb_2_16_16', 'acquisition_ACT17774320253942795_43_5ecb_2_11_11', 'merger_ACT17774320253942795_43_3ecb_5_10_10', 'transaction_ACT18229866560177907_44_2ecbplus_4_4_4', 'transaction_ACT18222897859726438_44_1ecb_12_7_7', 'transaction_ACT18229866560177907_44_10ecbplus_3_6_6', 'merger_ACT17774320253942795_43_3ecb_6_6_6', 'merger_ACT17774320253942795_43_8ecb_8_15_15', 'transaction_ACT18222908848679496_44_5ecb_7_22_22', 'transaction_ACT18222908848679496_44_5ecb_4_15_15', 'purchase_ACT17774320253942795_43_3ecb_2_2_2', 'takeover_ACT17774320253942795_43_2ecb_1_3_3', 'merger_ACT18222897859726438_44_1ecb_6_7_7', 'takeover_ACT17774320253942795_43_2ecb_2_7_7', 'purchase_ACT17774320253942795_43_3ecb_25_3_3', 'purchase_ACT17774320253942795_43_7ecb_2_17_17', 'deal_ACT18222897859726438_44_3ecb_7_4_4', 'merger_ACT18222897859726438_44_4ecb_1_4_4', 'purchase_ACT18222897859726438_44_3ecb_6_2_2', 'purchase_ACT18222897859726438_44_6ecb_2_14_14', 'deal_ACT18222897859726438_44_3ecb_3_2_2', 'deal_ACT17774336861337659_43_4ecb_1_1_1', 'deal_ACT18222908848679496_44_2ecb_10_2_2', 'deal_ACT18222908848679496_44_7ecb_3_7_7', 'deal_ACT17774336861337659_43_2ecb_2_8_8', 'deal_ACT18222908848679496_44_5ecb_10_2_2', 'deal_ACT18222908848679496_44_6ecb_7_2_2', 'deal_ACT18222908848679496_44_4ecb_3_1_1', 'deal_ACT17774320253942795_43_6ecb_5_10_10', 'deal_ACT18229866560177907_44_12ecbplus_2_23_23', 'Business_ACT18182652973066989_43_3ecbplus_0_3_3', 'deal_ACT17774320253942795_43_5ecb_6_28_28', 'Deal_ACT18229866560177907_44_12ecbplus_1_4_4', 'deal_ACT17774320253942795_43_6ecb_1_61_61', 'deal_ACT18222908848679496_44_2ecb_0_13_13']
INFO:root:epoch 0 topic 1/1 - merge event clusters with score 0.6615465915564335 clusters : ['deal_ACT17774320253942795_43_1ecb_9_31_31'] ['move_ACT18185002852018286_44_6ecbplus_3_2_2', 'MOVED IN_Singleton_ACT_50_36_7ecb_36_7ecb_1_2_3', 'move_ACT17773499018825369_43_5ecbplus_2_17_17', 'Acquisition_ACT17773499018825369_43_3ecbplus_0_6_6', 'acquisition_ACT17773499018825369_43_15ecbplus_16_12_12', 'Acquisition_ACT17773499018825369_43_6ecbplus_0_1_1', 'acquisition_ACT17774320253942795_43_8ecb_0_3_3', 'acquisition_ACT17773499018825369_43_9ecbplus_2_4_4', 'acquisition_ACT18185002852018286_44_8ecbplus_4_5_5', 'acquisition_ACT17774320253942795_43_3ecb_4_1_1', 'merger_ACT17774320253942795_43_7ecb_12_1_1', 'acquisition_ACT18185002852018286_44_6ecbplus_4_4_4', 'acquisition_ACT17774320253942795_43_5ecb_3_1_1', 'purchase_ACT17774320253942795_43_5ecb_12_1_1', 'acquisition_ACT17773499018825369_43_8ecbplus_1_14_14', 'Acquisition_ACT18185002852018286_44_2ecbplus_0_7_7', 'acquisition_ACT17773499018825369_43_9ecbplus_5_7_7', 'acquisition_ACT18222897859726438_44_7ecb_0_8_8', 'acquisition_ACT18185002852018286_44_8ecbplus_2_15_15', 'merger_ACT17774320253942795_43_7ecb_5_6_6', 'acquisition_ACT18185002852018286_44_6ecbplus_2_1_1', 'acquisition_ACT18222897859726438_44_6ecb_6_11_11', 'acquisition_ACT17774320253942795_43_3ecb_12_17_17', 'acquisition_ACT18222897859726438_44_2ecb_10_12_12', 'acquisition_ACT17774320253942795_43_1ecb_1_18_18', 'acquisition_ACT18222897859726438_44_7ecb_1_10_10', 'merger_ACT17774320253942795_43_1ecb_19_1_1', 'acquisition_ACT18222897859726438_44_7ecb_2_24_24', 'acquisition_ACT18185002852018286_44_11ecbplus_0_5_5', 'purchase_ACT18222897859726438_44_2ecb_7_20_20', 'acquisition_ACT18222897859726438_44_1ecb_2_16_16', 'acquisition_ACT17774320253942795_43_5ecb_2_11_11', 'merger_ACT17774320253942795_43_3ecb_5_10_10', 'transaction_ACT18229866560177907_44_2ecbplus_4_4_4', 'transaction_ACT18222897859726438_44_1ecb_12_7_7', 'transaction_ACT18229866560177907_44_10ecbplus_3_6_6', 'merger_ACT17774320253942795_43_3ecb_6_6_6', 'merger_ACT17774320253942795_43_8ecb_8_15_15', 'transaction_ACT18222908848679496_44_5ecb_7_22_22', 'transaction_ACT18222908848679496_44_5ecb_4_15_15', 'purchase_ACT17774320253942795_43_3ecb_2_2_2', 'takeover_ACT17774320253942795_43_2ecb_1_3_3', 'merger_ACT18222897859726438_44_1ecb_6_7_7', 'takeover_ACT17774320253942795_43_2ecb_2_7_7', 'purchase_ACT17774320253942795_43_3ecb_25_3_3', 'purchase_ACT17774320253942795_43_7ecb_2_17_17', 'deal_ACT18222897859726438_44_3ecb_7_4_4', 'merger_ACT18222897859726438_44_4ecb_1_4_4', 'purchase_ACT18222897859726438_44_3ecb_6_2_2', 'purchase_ACT18222897859726438_44_6ecb_2_14_14', 'deal_ACT18222897859726438_44_3ecb_3_2_2', 'deal_ACT17774336861337659_43_4ecb_1_1_1', 'deal_ACT18222908848679496_44_2ecb_10_2_2', 'deal_ACT18222908848679496_44_7ecb_3_7_7', 'deal_ACT17774336861337659_43_2ecb_2_8_8', 'deal_ACT18222908848679496_44_5ecb_10_2_2', 'deal_ACT18222908848679496_44_6ecb_7_2_2', 'deal_ACT18222908848679496_44_4ecb_3_1_1', 'deal_ACT17774320253942795_43_6ecb_5_10_10', 'deal_ACT18229866560177907_44_12ecbplus_2_23_23', 'Business_ACT18182652973066989_43_3ecbplus_0_3_3', 'deal_ACT17774320253942795_43_5ecb_6_28_28', 'Deal_ACT18229866560177907_44_12ecbplus_1_4_4', 'deal_ACT17774320253942795_43_6ecb_1_61_61', 'deal_ACT18222908848679496_44_2ecb_0_13_13', 'deal_ACT17774320253942795_43_6ecb_4_10_10']
INFO:root:epoch 0 topic 1/1 - merge event clusters with score 0.6639399742012593 clusters : ['deal_ACT17773999324496406_43_7ecbplus_2_7_7'] ['move_ACT18185002852018286_44_6ecbplus_3_2_2', 'MOVED IN_Singleton_ACT_50_36_7ecb_36_7ecb_1_2_3', 'move_ACT17773499018825369_43_5ecbplus_2_17_17', 'Acquisition_ACT17773499018825369_43_3ecbplus_0_6_6', 'acquisition_ACT17773499018825369_43_15ecbplus_16_12_12', 'Acquisition_ACT17773499018825369_43_6ecbplus_0_1_1', 'acquisition_ACT17774320253942795_43_8ecb_0_3_3', 'acquisition_ACT17773499018825369_43_9ecbplus_2_4_4', 'acquisition_ACT18185002852018286_44_8ecbplus_4_5_5', 'acquisition_ACT17774320253942795_43_3ecb_4_1_1', 'merger_ACT17774320253942795_43_7ecb_12_1_1', 'acquisition_ACT18185002852018286_44_6ecbplus_4_4_4', 'acquisition_ACT17774320253942795_43_5ecb_3_1_1', 'purchase_ACT17774320253942795_43_5ecb_12_1_1', 'acquisition_ACT17773499018825369_43_8ecbplus_1_14_14', 'Acquisition_ACT18185002852018286_44_2ecbplus_0_7_7', 'acquisition_ACT17773499018825369_43_9ecbplus_5_7_7', 'acquisition_ACT18222897859726438_44_7ecb_0_8_8', 'acquisition_ACT18185002852018286_44_8ecbplus_2_15_15', 'merger_ACT17774320253942795_43_7ecb_5_6_6', 'acquisition_ACT18185002852018286_44_6ecbplus_2_1_1', 'acquisition_ACT18222897859726438_44_6ecb_6_11_11', 'acquisition_ACT17774320253942795_43_3ecb_12_17_17', 'acquisition_ACT18222897859726438_44_2ecb_10_12_12', 'acquisition_ACT17774320253942795_43_1ecb_1_18_18', 'acquisition_ACT18222897859726438_44_7ecb_1_10_10', 'merger_ACT17774320253942795_43_1ecb_19_1_1', 'acquisition_ACT18222897859726438_44_7ecb_2_24_24', 'acquisition_ACT18185002852018286_44_11ecbplus_0_5_5', 'purchase_ACT18222897859726438_44_2ecb_7_20_20', 'acquisition_ACT18222897859726438_44_1ecb_2_16_16', 'acquisition_ACT17774320253942795_43_5ecb_2_11_11', 'merger_ACT17774320253942795_43_3ecb_5_10_10', 'transaction_ACT18229866560177907_44_2ecbplus_4_4_4', 'transaction_ACT18222897859726438_44_1ecb_12_7_7', 'transaction_ACT18229866560177907_44_10ecbplus_3_6_6', 'merger_ACT17774320253942795_43_3ecb_6_6_6', 'merger_ACT17774320253942795_43_8ecb_8_15_15', 'transaction_ACT18222908848679496_44_5ecb_7_22_22', 'transaction_ACT18222908848679496_44_5ecb_4_15_15', 'purchase_ACT17774320253942795_43_3ecb_2_2_2', 'takeover_ACT17774320253942795_43_2ecb_1_3_3', 'merger_ACT18222897859726438_44_1ecb_6_7_7', 'takeover_ACT17774320253942795_43_2ecb_2_7_7', 'purchase_ACT17774320253942795_43_3ecb_25_3_3', 'purchase_ACT17774320253942795_43_7ecb_2_17_17', 'deal_ACT18222897859726438_44_3ecb_7_4_4', 'merger_ACT18222897859726438_44_4ecb_1_4_4', 'purchase_ACT18222897859726438_44_3ecb_6_2_2', 'purchase_ACT18222897859726438_44_6ecb_2_14_14', 'deal_ACT18222897859726438_44_3ecb_3_2_2', 'deal_ACT17774336861337659_43_4ecb_1_1_1', 'deal_ACT18222908848679496_44_2ecb_10_2_2', 'deal_ACT18222908848679496_44_7ecb_3_7_7', 'deal_ACT17774336861337659_43_2ecb_2_8_8', 'deal_ACT18222908848679496_44_5ecb_10_2_2', 'deal_ACT18222908848679496_44_6ecb_7_2_2', 'deal_ACT18222908848679496_44_4ecb_3_1_1', 'deal_ACT17774320253942795_43_6ecb_5_10_10', 'deal_ACT18229866560177907_44_12ecbplus_2_23_23', 'Business_ACT18182652973066989_43_3ecbplus_0_3_3', 'deal_ACT17774320253942795_43_5ecb_6_28_28', 'Deal_ACT18229866560177907_44_12ecbplus_1_4_4', 'deal_ACT17774320253942795_43_6ecb_1_61_61', 'deal_ACT18222908848679496_44_2ecb_0_13_13', 'deal_ACT17774320253942795_43_6ecb_4_10_10', 'deal_ACT17774320253942795_43_1ecb_9_31_31']
INFO:root:epoch 0 topic 1/1 - merge event clusters with score 0.6649977179134593 clusters : ['deal_ACT18222897859726438_44_3ecb_14_8_8'] ['move_ACT18185002852018286_44_6ecbplus_3_2_2', 'MOVED IN_Singleton_ACT_50_36_7ecb_36_7ecb_1_2_3', 'move_ACT17773499018825369_43_5ecbplus_2_17_17', 'Acquisition_ACT17773499018825369_43_3ecbplus_0_6_6', 'acquisition_ACT17773499018825369_43_15ecbplus_16_12_12', 'Acquisition_ACT17773499018825369_43_6ecbplus_0_1_1', 'acquisition_ACT17774320253942795_43_8ecb_0_3_3', 'acquisition_ACT17773499018825369_43_9ecbplus_2_4_4', 'acquisition_ACT18185002852018286_44_8ecbplus_4_5_5', 'acquisition_ACT17774320253942795_43_3ecb_4_1_1', 'merger_ACT17774320253942795_43_7ecb_12_1_1', 'acquisition_ACT18185002852018286_44_6ecbplus_4_4_4', 'acquisition_ACT17774320253942795_43_5ecb_3_1_1', 'purchase_ACT17774320253942795_43_5ecb_12_1_1', 'acquisition_ACT17773499018825369_43_8ecbplus_1_14_14', 'Acquisition_ACT18185002852018286_44_2ecbplus_0_7_7', 'acquisition_ACT17773499018825369_43_9ecbplus_5_7_7', 'acquisition_ACT18222897859726438_44_7ecb_0_8_8', 'acquisition_ACT18185002852018286_44_8ecbplus_2_15_15', 'merger_ACT17774320253942795_43_7ecb_5_6_6', 'acquisition_ACT18185002852018286_44_6ecbplus_2_1_1', 'acquisition_ACT18222897859726438_44_6ecb_6_11_11', 'acquisition_ACT17774320253942795_43_3ecb_12_17_17', 'acquisition_ACT18222897859726438_44_2ecb_10_12_12', 'acquisition_ACT17774320253942795_43_1ecb_1_18_18', 'acquisition_ACT18222897859726438_44_7ecb_1_10_10', 'merger_ACT17774320253942795_43_1ecb_19_1_1', 'acquisition_ACT18222897859726438_44_7ecb_2_24_24', 'acquisition_ACT18185002852018286_44_11ecbplus_0_5_5', 'purchase_ACT18222897859726438_44_2ecb_7_20_20', 'acquisition_ACT18222897859726438_44_1ecb_2_16_16', 'acquisition_ACT17774320253942795_43_5ecb_2_11_11', 'merger_ACT17774320253942795_43_3ecb_5_10_10', 'transaction_ACT18229866560177907_44_2ecbplus_4_4_4', 'transaction_ACT18222897859726438_44_1ecb_12_7_7', 'transaction_ACT18229866560177907_44_10ecbplus_3_6_6', 'merger_ACT17774320253942795_43_3ecb_6_6_6', 'merger_ACT17774320253942795_43_8ecb_8_15_15', 'transaction_ACT18222908848679496_44_5ecb_7_22_22', 'transaction_ACT18222908848679496_44_5ecb_4_15_15', 'purchase_ACT17774320253942795_43_3ecb_2_2_2', 'takeover_ACT17774320253942795_43_2ecb_1_3_3', 'merger_ACT18222897859726438_44_1ecb_6_7_7', 'takeover_ACT17774320253942795_43_2ecb_2_7_7', 'purchase_ACT17774320253942795_43_3ecb_25_3_3', 'purchase_ACT17774320253942795_43_7ecb_2_17_17', 'deal_ACT18222897859726438_44_3ecb_7_4_4', 'merger_ACT18222897859726438_44_4ecb_1_4_4', 'purchase_ACT18222897859726438_44_3ecb_6_2_2', 'purchase_ACT18222897859726438_44_6ecb_2_14_14', 'deal_ACT18222897859726438_44_3ecb_3_2_2', 'deal_ACT17774336861337659_43_4ecb_1_1_1', 'deal_ACT18222908848679496_44_2ecb_10_2_2', 'deal_ACT18222908848679496_44_7ecb_3_7_7', 'deal_ACT17774336861337659_43_2ecb_2_8_8', 'deal_ACT18222908848679496_44_5ecb_10_2_2', 'deal_ACT18222908848679496_44_6ecb_7_2_2', 'deal_ACT18222908848679496_44_4ecb_3_1_1', 'deal_ACT17774320253942795_43_6ecb_5_10_10', 'deal_ACT18229866560177907_44_12ecbplus_2_23_23', 'Business_ACT18182652973066989_43_3ecbplus_0_3_3', 'deal_ACT17774320253942795_43_5ecb_6_28_28', 'Deal_ACT18229866560177907_44_12ecbplus_1_4_4', 'deal_ACT17774320253942795_43_6ecb_1_61_61', 'deal_ACT18222908848679496_44_2ecb_0_13_13', 'deal_ACT17774320253942795_43_6ecb_4_10_10', 'deal_ACT17774320253942795_43_1ecb_9_31_31', 'deal_ACT17773999324496406_43_7ecbplus_2_7_7']
INFO:root:epoch 0 topic 1/1 - merge event clusters with score 0.6547618257826653 clusters : ['deal_ACT18222897859726438_44_1ecb_21_17_17'] ['move_ACT18185002852018286_44_6ecbplus_3_2_2', 'MOVED IN_Singleton_ACT_50_36_7ecb_36_7ecb_1_2_3', 'move_ACT17773499018825369_43_5ecbplus_2_17_17', 'Acquisition_ACT17773499018825369_43_3ecbplus_0_6_6', 'acquisition_ACT17773499018825369_43_15ecbplus_16_12_12', 'Acquisition_ACT17773499018825369_43_6ecbplus_0_1_1', 'acquisition_ACT17774320253942795_43_8ecb_0_3_3', 'acquisition_ACT17773499018825369_43_9ecbplus_2_4_4', 'acquisition_ACT18185002852018286_44_8ecbplus_4_5_5', 'acquisition_ACT17774320253942795_43_3ecb_4_1_1', 'merger_ACT17774320253942795_43_7ecb_12_1_1', 'acquisition_ACT18185002852018286_44_6ecbplus_4_4_4', 'acquisition_ACT17774320253942795_43_5ecb_3_1_1', 'purchase_ACT17774320253942795_43_5ecb_12_1_1', 'acquisition_ACT17773499018825369_43_8ecbplus_1_14_14', 'Acquisition_ACT18185002852018286_44_2ecbplus_0_7_7', 'acquisition_ACT17773499018825369_43_9ecbplus_5_7_7', 'acquisition_ACT18222897859726438_44_7ecb_0_8_8', 'acquisition_ACT18185002852018286_44_8ecbplus_2_15_15', 'merger_ACT17774320253942795_43_7ecb_5_6_6', 'acquisition_ACT18185002852018286_44_6ecbplus_2_1_1', 'acquisition_ACT18222897859726438_44_6ecb_6_11_11', 'acquisition_ACT17774320253942795_43_3ecb_12_17_17', 'acquisition_ACT18222897859726438_44_2ecb_10_12_12', 'acquisition_ACT17774320253942795_43_1ecb_1_18_18', 'acquisition_ACT18222897859726438_44_7ecb_1_10_10', 'merger_ACT17774320253942795_43_1ecb_19_1_1', 'acquisition_ACT18222897859726438_44_7ecb_2_24_24', 'acquisition_ACT18185002852018286_44_11ecbplus_0_5_5', 'purchase_ACT18222897859726438_44_2ecb_7_20_20', 'acquisition_ACT18222897859726438_44_1ecb_2_16_16', 'acquisition_ACT17774320253942795_43_5ecb_2_11_11', 'merger_ACT17774320253942795_43_3ecb_5_10_10', 'transaction_ACT18229866560177907_44_2ecbplus_4_4_4', 'transaction_ACT18222897859726438_44_1ecb_12_7_7', 'transaction_ACT18229866560177907_44_10ecbplus_3_6_6', 'merger_ACT17774320253942795_43_3ecb_6_6_6', 'merger_ACT17774320253942795_43_8ecb_8_15_15', 'transaction_ACT18222908848679496_44_5ecb_7_22_22', 'transaction_ACT18222908848679496_44_5ecb_4_15_15', 'purchase_ACT17774320253942795_43_3ecb_2_2_2', 'takeover_ACT17774320253942795_43_2ecb_1_3_3', 'merger_ACT18222897859726438_44_1ecb_6_7_7', 'takeover_ACT17774320253942795_43_2ecb_2_7_7', 'purchase_ACT17774320253942795_43_3ecb_25_3_3', 'purchase_ACT17774320253942795_43_7ecb_2_17_17', 'deal_ACT18222897859726438_44_3ecb_7_4_4', 'merger_ACT18222897859726438_44_4ecb_1_4_4', 'purchase_ACT18222897859726438_44_3ecb_6_2_2', 'purchase_ACT18222897859726438_44_6ecb_2_14_14', 'deal_ACT18222897859726438_44_3ecb_3_2_2', 'deal_ACT17774336861337659_43_4ecb_1_1_1', 'deal_ACT18222908848679496_44_2ecb_10_2_2', 'deal_ACT18222908848679496_44_7ecb_3_7_7', 'deal_ACT17774336861337659_43_2ecb_2_8_8', 'deal_ACT18222908848679496_44_5ecb_10_2_2', 'deal_ACT18222908848679496_44_6ecb_7_2_2', 'deal_ACT18222908848679496_44_4ecb_3_1_1', 'deal_ACT17774320253942795_43_6ecb_5_10_10', 'deal_ACT18229866560177907_44_12ecbplus_2_23_23', 'Business_ACT18182652973066989_43_3ecbplus_0_3_3', 'deal_ACT17774320253942795_43_5ecb_6_28_28', 'Deal_ACT18229866560177907_44_12ecbplus_1_4_4', 'deal_ACT17774320253942795_43_6ecb_1_61_61', 'deal_ACT18222908848679496_44_2ecb_0_13_13', 'deal_ACT17774320253942795_43_6ecb_4_10_10', 'deal_ACT17774320253942795_43_1ecb_9_31_31', 'deal_ACT17773999324496406_43_7ecbplus_2_7_7', 'deal_ACT18222897859726438_44_3ecb_14_8_8']
INFO:root:epoch 0 topic 1/1 - merge event clusters with score 0.6561302730015346 clusters : ['deal_ACT17774320253942795_43_1ecb_30_12_12'] ['move_ACT18185002852018286_44_6ecbplus_3_2_2', 'MOVED IN_Singleton_ACT_50_36_7ecb_36_7ecb_1_2_3', 'move_ACT17773499018825369_43_5ecbplus_2_17_17', 'Acquisition_ACT17773499018825369_43_3ecbplus_0_6_6', 'acquisition_ACT17773499018825369_43_15ecbplus_16_12_12', 'Acquisition_ACT17773499018825369_43_6ecbplus_0_1_1', 'acquisition_ACT17774320253942795_43_8ecb_0_3_3', 'acquisition_ACT17773499018825369_43_9ecbplus_2_4_4', 'acquisition_ACT18185002852018286_44_8ecbplus_4_5_5', 'acquisition_ACT17774320253942795_43_3ecb_4_1_1', 'merger_ACT17774320253942795_43_7ecb_12_1_1', 'acquisition_ACT18185002852018286_44_6ecbplus_4_4_4', 'acquisition_ACT17774320253942795_43_5ecb_3_1_1', 'purchase_ACT17774320253942795_43_5ecb_12_1_1', 'acquisition_ACT17773499018825369_43_8ecbplus_1_14_14', 'Acquisition_ACT18185002852018286_44_2ecbplus_0_7_7', 'acquisition_ACT17773499018825369_43_9ecbplus_5_7_7', 'acquisition_ACT18222897859726438_44_7ecb_0_8_8', 'acquisition_ACT18185002852018286_44_8ecbplus_2_15_15', 'merger_ACT17774320253942795_43_7ecb_5_6_6', 'acquisition_ACT18185002852018286_44_6ecbplus_2_1_1', 'acquisition_ACT18222897859726438_44_6ecb_6_11_11', 'acquisition_ACT17774320253942795_43_3ecb_12_17_17', 'acquisition_ACT18222897859726438_44_2ecb_10_12_12', 'acquisition_ACT17774320253942795_43_1ecb_1_18_18', 'acquisition_ACT18222897859726438_44_7ecb_1_10_10', 'merger_ACT17774320253942795_43_1ecb_19_1_1', 'acquisition_ACT18222897859726438_44_7ecb_2_24_24', 'acquisition_ACT18185002852018286_44_11ecbplus_0_5_5', 'purchase_ACT18222897859726438_44_2ecb_7_20_20', 'acquisition_ACT18222897859726438_44_1ecb_2_16_16', 'acquisition_ACT17774320253942795_43_5ecb_2_11_11', 'merger_ACT17774320253942795_43_3ecb_5_10_10', 'transaction_ACT18229866560177907_44_2ecbplus_4_4_4', 'transaction_ACT18222897859726438_44_1ecb_12_7_7', 'transaction_ACT18229866560177907_44_10ecbplus_3_6_6', 'merger_ACT17774320253942795_43_3ecb_6_6_6', 'merger_ACT17774320253942795_43_8ecb_8_15_15', 'transaction_ACT18222908848679496_44_5ecb_7_22_22', 'transaction_ACT18222908848679496_44_5ecb_4_15_15', 'purchase_ACT17774320253942795_43_3ecb_2_2_2', 'takeover_ACT17774320253942795_43_2ecb_1_3_3', 'merger_ACT18222897859726438_44_1ecb_6_7_7', 'takeover_ACT17774320253942795_43_2ecb_2_7_7', 'purchase_ACT17774320253942795_43_3ecb_25_3_3', 'purchase_ACT17774320253942795_43_7ecb_2_17_17', 'deal_ACT18222897859726438_44_3ecb_7_4_4', 'merger_ACT18222897859726438_44_4ecb_1_4_4', 'purchase_ACT18222897859726438_44_3ecb_6_2_2', 'purchase_ACT18222897859726438_44_6ecb_2_14_14', 'deal_ACT18222897859726438_44_3ecb_3_2_2', 'deal_ACT17774336861337659_43_4ecb_1_1_1', 'deal_ACT18222908848679496_44_2ecb_10_2_2', 'deal_ACT18222908848679496_44_7ecb_3_7_7', 'deal_ACT17774336861337659_43_2ecb_2_8_8', 'deal_ACT18222908848679496_44_5ecb_10_2_2', 'deal_ACT18222908848679496_44_6ecb_7_2_2', 'deal_ACT18222908848679496_44_4ecb_3_1_1', 'deal_ACT17774320253942795_43_6ecb_5_10_10', 'deal_ACT18229866560177907_44_12ecbplus_2_23_23', 'Business_ACT18182652973066989_43_3ecbplus_0_3_3', 'deal_ACT17774320253942795_43_5ecb_6_28_28', 'Deal_ACT18229866560177907_44_12ecbplus_1_4_4', 'deal_ACT17774320253942795_43_6ecb_1_61_61', 'deal_ACT18222908848679496_44_2ecb_0_13_13', 'deal_ACT17774320253942795_43_6ecb_4_10_10', 'deal_ACT17774320253942795_43_1ecb_9_31_31', 'deal_ACT17773999324496406_43_7ecbplus_2_7_7', 'deal_ACT18222897859726438_44_3ecb_14_8_8', 'deal_ACT18222897859726438_44_1ecb_21_17_17']
INFO:root:epoch 0 topic 1/1 - merge event clusters with score 0.6496133804321289 clusters : ['release_Singleton_ACT_16_42_10ecbplus_42_10ecbplus_2_6_6'] ['issued_Singleton_ACT_28_37_11ecbplus_37_11ecbplus_1_18_18', 'ISSUED_Singleton_ACT_46_36_7ecb_36_7ecb_2_5_5']
INFO:root:epoch 0 topic 1/1 - merge event clusters with score 0.7597329616546631 clusters : ['release_ACT17764340317374314_40_8ecb_0_3_3'] ['issued_Singleton_ACT_28_37_11ecbplus_37_11ecbplus_1_18_18', 'ISSUED_Singleton_ACT_46_36_7ecb_36_7ecb_2_5_5', 'release_Singleton_ACT_16_42_10ecbplus_42_10ecbplus_2_6_6']
INFO:root:epoch 0 topic 1/1 - merge event clusters with score 0.6472908879669619 clusters : ['deal_ACT18222908848679496_44_2ecb_1_20_20'] ['move_ACT18185002852018286_44_6ecbplus_3_2_2', 'MOVED IN_Singleton_ACT_50_36_7ecb_36_7ecb_1_2_3', 'move_ACT17773499018825369_43_5ecbplus_2_17_17', 'Acquisition_ACT17773499018825369_43_3ecbplus_0_6_6', 'acquisition_ACT17773499018825369_43_15ecbplus_16_12_12', 'Acquisition_ACT17773499018825369_43_6ecbplus_0_1_1', 'acquisition_ACT17774320253942795_43_8ecb_0_3_3', 'acquisition_ACT17773499018825369_43_9ecbplus_2_4_4', 'acquisition_ACT18185002852018286_44_8ecbplus_4_5_5', 'acquisition_ACT17774320253942795_43_3ecb_4_1_1', 'merger_ACT17774320253942795_43_7ecb_12_1_1', 'acquisition_ACT18185002852018286_44_6ecbplus_4_4_4', 'acquisition_ACT17774320253942795_43_5ecb_3_1_1', 'purchase_ACT17774320253942795_43_5ecb_12_1_1', 'acquisition_ACT17773499018825369_43_8ecbplus_1_14_14', 'Acquisition_ACT18185002852018286_44_2ecbplus_0_7_7', 'acquisition_ACT17773499018825369_43_9ecbplus_5_7_7', 'acquisition_ACT18222897859726438_44_7ecb_0_8_8', 'acquisition_ACT18185002852018286_44_8ecbplus_2_15_15', 'merger_ACT17774320253942795_43_7ecb_5_6_6', 'acquisition_ACT18185002852018286_44_6ecbplus_2_1_1', 'acquisition_ACT18222897859726438_44_6ecb_6_11_11', 'acquisition_ACT17774320253942795_43_3ecb_12_17_17', 'acquisition_ACT18222897859726438_44_2ecb_10_12_12', 'acquisition_ACT17774320253942795_43_1ecb_1_18_18', 'acquisition_ACT18222897859726438_44_7ecb_1_10_10', 'merger_ACT17774320253942795_43_1ecb_19_1_1', 'acquisition_ACT18222897859726438_44_7ecb_2_24_24', 'acquisition_ACT18185002852018286_44_11ecbplus_0_5_5', 'purchase_ACT18222897859726438_44_2ecb_7_20_20', 'acquisition_ACT18222897859726438_44_1ecb_2_16_16', 'acquisition_ACT17774320253942795_43_5ecb_2_11_11', 'merger_ACT17774320253942795_43_3ecb_5_10_10', 'transaction_ACT18229866560177907_44_2ecbplus_4_4_4', 'transaction_ACT18222897859726438_44_1ecb_12_7_7', 'transaction_ACT18229866560177907_44_10ecbplus_3_6_6', 'merger_ACT17774320253942795_43_3ecb_6_6_6', 'merger_ACT17774320253942795_43_8ecb_8_15_15', 'transaction_ACT18222908848679496_44_5ecb_7_22_22', 'transaction_ACT18222908848679496_44_5ecb_4_15_15', 'purchase_ACT17774320253942795_43_3ecb_2_2_2', 'takeover_ACT17774320253942795_43_2ecb_1_3_3', 'merger_ACT18222897859726438_44_1ecb_6_7_7', 'takeover_ACT17774320253942795_43_2ecb_2_7_7', 'purchase_ACT17774320253942795_43_3ecb_25_3_3', 'purchase_ACT17774320253942795_43_7ecb_2_17_17', 'deal_ACT18222897859726438_44_3ecb_7_4_4', 'merger_ACT18222897859726438_44_4ecb_1_4_4', 'purchase_ACT18222897859726438_44_3ecb_6_2_2', 'purchase_ACT18222897859726438_44_6ecb_2_14_14', 'deal_ACT18222897859726438_44_3ecb_3_2_2', 'deal_ACT17774336861337659_43_4ecb_1_1_1', 'deal_ACT18222908848679496_44_2ecb_10_2_2', 'deal_ACT18222908848679496_44_7ecb_3_7_7', 'deal_ACT17774336861337659_43_2ecb_2_8_8', 'deal_ACT18222908848679496_44_5ecb_10_2_2', 'deal_ACT18222908848679496_44_6ecb_7_2_2', 'deal_ACT18222908848679496_44_4ecb_3_1_1', 'deal_ACT17774320253942795_43_6ecb_5_10_10', 'deal_ACT18229866560177907_44_12ecbplus_2_23_23', 'Business_ACT18182652973066989_43_3ecbplus_0_3_3', 'deal_ACT17774320253942795_43_5ecb_6_28_28', 'Deal_ACT18229866560177907_44_12ecbplus_1_4_4', 'deal_ACT17774320253942795_43_6ecb_1_61_61', 'deal_ACT18222908848679496_44_2ecb_0_13_13', 'deal_ACT17774320253942795_43_6ecb_4_10_10', 'deal_ACT17774320253942795_43_1ecb_9_31_31', 'deal_ACT17773999324496406_43_7ecbplus_2_7_7', 'deal_ACT18222897859726438_44_3ecb_14_8_8', 'deal_ACT18222897859726438_44_1ecb_21_17_17', 'deal_ACT17774320253942795_43_1ecb_30_12_12']
INFO:root:epoch 0 topic 1/1 - merge event clusters with score 0.6375129818916321 clusters : ['release_ACT17773055657381125_42_3ecb_0_10_10'] ['issued_Singleton_ACT_28_37_11ecbplus_37_11ecbplus_1_18_18', 'ISSUED_Singleton_ACT_46_36_7ecb_36_7ecb_2_5_5', 'release_Singleton_ACT_16_42_10ecbplus_42_10ecbplus_2_6_6', 'release_ACT17764340317374314_40_8ecb_0_3_3']
INFO:root:epoch 0 topic 1/1 - merge event clusters with score 0.6167268223232694 clusters : ['business_ACT18182652973066989_43_15ecbplus_16_9_9'] ['move_ACT18185002852018286_44_6ecbplus_3_2_2', 'MOVED IN_Singleton_ACT_50_36_7ecb_36_7ecb_1_2_3', 'move_ACT17773499018825369_43_5ecbplus_2_17_17', 'Acquisition_ACT17773499018825369_43_3ecbplus_0_6_6', 'acquisition_ACT17773499018825369_43_15ecbplus_16_12_12', 'Acquisition_ACT17773499018825369_43_6ecbplus_0_1_1', 'acquisition_ACT17774320253942795_43_8ecb_0_3_3', 'acquisition_ACT17773499018825369_43_9ecbplus_2_4_4', 'acquisition_ACT18185002852018286_44_8ecbplus_4_5_5', 'acquisition_ACT17774320253942795_43_3ecb_4_1_1', 'merger_ACT17774320253942795_43_7ecb_12_1_1', 'acquisition_ACT18185002852018286_44_6ecbplus_4_4_4', 'acquisition_ACT17774320253942795_43_5ecb_3_1_1', 'purchase_ACT17774320253942795_43_5ecb_12_1_1', 'acquisition_ACT17773499018825369_43_8ecbplus_1_14_14', 'Acquisition_ACT18185002852018286_44_2ecbplus_0_7_7', 'acquisition_ACT17773499018825369_43_9ecbplus_5_7_7', 'acquisition_ACT18222897859726438_44_7ecb_0_8_8', 'acquisition_ACT18185002852018286_44_8ecbplus_2_15_15', 'merger_ACT17774320253942795_43_7ecb_5_6_6', 'acquisition_ACT18185002852018286_44_6ecbplus_2_1_1', 'acquisition_ACT18222897859726438_44_6ecb_6_11_11', 'acquisition_ACT17774320253942795_43_3ecb_12_17_17', 'acquisition_ACT18222897859726438_44_2ecb_10_12_12', 'acquisition_ACT17774320253942795_43_1ecb_1_18_18', 'acquisition_ACT18222897859726438_44_7ecb_1_10_10', 'merger_ACT17774320253942795_43_1ecb_19_1_1', 'acquisition_ACT18222897859726438_44_7ecb_2_24_24', 'acquisition_ACT18185002852018286_44_11ecbplus_0_5_5', 'purchase_ACT18222897859726438_44_2ecb_7_20_20', 'acquisition_ACT18222897859726438_44_1ecb_2_16_16', 'acquisition_ACT17774320253942795_43_5ecb_2_11_11', 'merger_ACT17774320253942795_43_3ecb_5_10_10', 'transaction_ACT18229866560177907_44_2ecbplus_4_4_4', 'transaction_ACT18222897859726438_44_1ecb_12_7_7', 'transaction_ACT18229866560177907_44_10ecbplus_3_6_6', 'merger_ACT17774320253942795_43_3ecb_6_6_6', 'merger_ACT17774320253942795_43_8ecb_8_15_15', 'transaction_ACT18222908848679496_44_5ecb_7_22_22', 'transaction_ACT18222908848679496_44_5ecb_4_15_15', 'purchase_ACT17774320253942795_43_3ecb_2_2_2', 'takeover_ACT17774320253942795_43_2ecb_1_3_3', 'merger_ACT18222897859726438_44_1ecb_6_7_7', 'takeover_ACT17774320253942795_43_2ecb_2_7_7', 'purchase_ACT17774320253942795_43_3ecb_25_3_3', 'purchase_ACT17774320253942795_43_7ecb_2_17_17', 'deal_ACT18222897859726438_44_3ecb_7_4_4', 'merger_ACT18222897859726438_44_4ecb_1_4_4', 'purchase_ACT18222897859726438_44_3ecb_6_2_2', 'purchase_ACT18222897859726438_44_6ecb_2_14_14', 'deal_ACT18222897859726438_44_3ecb_3_2_2', 'deal_ACT17774336861337659_43_4ecb_1_1_1', 'deal_ACT18222908848679496_44_2ecb_10_2_2', 'deal_ACT18222908848679496_44_7ecb_3_7_7', 'deal_ACT17774336861337659_43_2ecb_2_8_8', 'deal_ACT18222908848679496_44_5ecb_10_2_2', 'deal_ACT18222908848679496_44_6ecb_7_2_2', 'deal_ACT18222908848679496_44_4ecb_3_1_1', 'deal_ACT17774320253942795_43_6ecb_5_10_10', 'deal_ACT18229866560177907_44_12ecbplus_2_23_23', 'Business_ACT18182652973066989_43_3ecbplus_0_3_3', 'deal_ACT17774320253942795_43_5ecb_6_28_28', 'Deal_ACT18229866560177907_44_12ecbplus_1_4_4', 'deal_ACT17774320253942795_43_6ecb_1_61_61', 'deal_ACT18222908848679496_44_2ecb_0_13_13', 'deal_ACT17774320253942795_43_6ecb_4_10_10', 'deal_ACT17774320253942795_43_1ecb_9_31_31', 'deal_ACT17773999324496406_43_7ecbplus_2_7_7', 'deal_ACT18222897859726438_44_3ecb_14_8_8', 'deal_ACT18222897859726438_44_1ecb_21_17_17', 'deal_ACT17774320253942795_43_1ecb_30_12_12', 'deal_ACT18222908848679496_44_2ecb_1_20_20']
INFO:root:epoch 0 topic 1/1 - merge event clusters with score 0.6192174415065818 clusters : ['Business_ACT18182652973066989_43_5ecbplus_0_7_7'] ['move_ACT18185002852018286_44_6ecbplus_3_2_2', 'MOVED IN_Singleton_ACT_50_36_7ecb_36_7ecb_1_2_3', 'move_ACT17773499018825369_43_5ecbplus_2_17_17', 'Acquisition_ACT17773499018825369_43_3ecbplus_0_6_6', 'acquisition_ACT17773499018825369_43_15ecbplus_16_12_12', 'Acquisition_ACT17773499018825369_43_6ecbplus_0_1_1', 'acquisition_ACT17774320253942795_43_8ecb_0_3_3', 'acquisition_ACT17773499018825369_43_9ecbplus_2_4_4', 'acquisition_ACT18185002852018286_44_8ecbplus_4_5_5', 'acquisition_ACT17774320253942795_43_3ecb_4_1_1', 'merger_ACT17774320253942795_43_7ecb_12_1_1', 'acquisition_ACT18185002852018286_44_6ecbplus_4_4_4', 'acquisition_ACT17774320253942795_43_5ecb_3_1_1', 'purchase_ACT17774320253942795_43_5ecb_12_1_1', 'acquisition_ACT17773499018825369_43_8ecbplus_1_14_14', 'Acquisition_ACT18185002852018286_44_2ecbplus_0_7_7', 'acquisition_ACT17773499018825369_43_9ecbplus_5_7_7', 'acquisition_ACT18222897859726438_44_7ecb_0_8_8', 'acquisition_ACT18185002852018286_44_8ecbplus_2_15_15', 'merger_ACT17774320253942795_43_7ecb_5_6_6', 'acquisition_ACT18185002852018286_44_6ecbplus_2_1_1', 'acquisition_ACT18222897859726438_44_6ecb_6_11_11', 'acquisition_ACT17774320253942795_43_3ecb_12_17_17', 'acquisition_ACT18222897859726438_44_2ecb_10_12_12', 'acquisition_ACT17774320253942795_43_1ecb_1_18_18', 'acquisition_ACT18222897859726438_44_7ecb_1_10_10', 'merger_ACT17774320253942795_43_1ecb_19_1_1', 'acquisition_ACT18222897859726438_44_7ecb_2_24_24', 'acquisition_ACT18185002852018286_44_11ecbplus_0_5_5', 'purchase_ACT18222897859726438_44_2ecb_7_20_20', 'acquisition_ACT18222897859726438_44_1ecb_2_16_16', 'acquisition_ACT17774320253942795_43_5ecb_2_11_11', 'merger_ACT17774320253942795_43_3ecb_5_10_10', 'transaction_ACT18229866560177907_44_2ecbplus_4_4_4', 'transaction_ACT18222897859726438_44_1ecb_12_7_7', 'transaction_ACT18229866560177907_44_10ecbplus_3_6_6', 'merger_ACT17774320253942795_43_3ecb_6_6_6', 'merger_ACT17774320253942795_43_8ecb_8_15_15', 'transaction_ACT18222908848679496_44_5ecb_7_22_22', 'transaction_ACT18222908848679496_44_5ecb_4_15_15', 'purchase_ACT17774320253942795_43_3ecb_2_2_2', 'takeover_ACT17774320253942795_43_2ecb_1_3_3', 'merger_ACT18222897859726438_44_1ecb_6_7_7', 'takeover_ACT17774320253942795_43_2ecb_2_7_7', 'purchase_ACT17774320253942795_43_3ecb_25_3_3', 'purchase_ACT17774320253942795_43_7ecb_2_17_17', 'deal_ACT18222897859726438_44_3ecb_7_4_4', 'merger_ACT18222897859726438_44_4ecb_1_4_4', 'purchase_ACT18222897859726438_44_3ecb_6_2_2', 'purchase_ACT18222897859726438_44_6ecb_2_14_14', 'deal_ACT18222897859726438_44_3ecb_3_2_2', 'deal_ACT17774336861337659_43_4ecb_1_1_1', 'deal_ACT18222908848679496_44_2ecb_10_2_2', 'deal_ACT18222908848679496_44_7ecb_3_7_7', 'deal_ACT17774336861337659_43_2ecb_2_8_8', 'deal_ACT18222908848679496_44_5ecb_10_2_2', 'deal_ACT18222908848679496_44_6ecb_7_2_2', 'deal_ACT18222908848679496_44_4ecb_3_1_1', 'deal_ACT17774320253942795_43_6ecb_5_10_10', 'deal_ACT18229866560177907_44_12ecbplus_2_23_23', 'Business_ACT18182652973066989_43_3ecbplus_0_3_3', 'deal_ACT17774320253942795_43_5ecb_6_28_28', 'Deal_ACT18229866560177907_44_12ecbplus_1_4_4', 'deal_ACT17774320253942795_43_6ecb_1_61_61', 'deal_ACT18222908848679496_44_2ecb_0_13_13', 'deal_ACT17774320253942795_43_6ecb_4_10_10', 'deal_ACT17774320253942795_43_1ecb_9_31_31', 'deal_ACT17773999324496406_43_7ecbplus_2_7_7', 'deal_ACT18222897859726438_44_3ecb_14_8_8', 'deal_ACT18222897859726438_44_1ecb_21_17_17', 'deal_ACT17774320253942795_43_1ecb_30_12_12', 'deal_ACT18222908848679496_44_2ecb_1_20_20', 'business_ACT18182652973066989_43_15ecbplus_16_9_9']
INFO:root:epoch 0 topic 1/1 - merge event clusters with score 0.6035088896751404 clusters : ['said_Singleton_ACT_42_36_6ecb_36_6ecb_3_1_1'] ['said_ACT18096225619383879_41_11ecbplus_2_36_36', 'said_Singleton_ACT_49_36_3ecb_36_3ecb_16_26_26']
INFO:root:epoch 0 topic 1/1 - merge event clusters with score 0.6005561931713207 clusters : ['deal_ACT17774320253942795_43_1ecb_12_14_14'] ['move_ACT18185002852018286_44_6ecbplus_3_2_2', 'MOVED IN_Singleton_ACT_50_36_7ecb_36_7ecb_1_2_3', 'move_ACT17773499018825369_43_5ecbplus_2_17_17', 'Acquisition_ACT17773499018825369_43_3ecbplus_0_6_6', 'acquisition_ACT17773499018825369_43_15ecbplus_16_12_12', 'Acquisition_ACT17773499018825369_43_6ecbplus_0_1_1', 'acquisition_ACT17774320253942795_43_8ecb_0_3_3', 'acquisition_ACT17773499018825369_43_9ecbplus_2_4_4', 'acquisition_ACT18185002852018286_44_8ecbplus_4_5_5', 'acquisition_ACT17774320253942795_43_3ecb_4_1_1', 'merger_ACT17774320253942795_43_7ecb_12_1_1', 'acquisition_ACT18185002852018286_44_6ecbplus_4_4_4', 'acquisition_ACT17774320253942795_43_5ecb_3_1_1', 'purchase_ACT17774320253942795_43_5ecb_12_1_1', 'acquisition_ACT17773499018825369_43_8ecbplus_1_14_14', 'Acquisition_ACT18185002852018286_44_2ecbplus_0_7_7', 'acquisition_ACT17773499018825369_43_9ecbplus_5_7_7', 'acquisition_ACT18222897859726438_44_7ecb_0_8_8', 'acquisition_ACT18185002852018286_44_8ecbplus_2_15_15', 'merger_ACT17774320253942795_43_7ecb_5_6_6', 'acquisition_ACT18185002852018286_44_6ecbplus_2_1_1', 'acquisition_ACT18222897859726438_44_6ecb_6_11_11', 'acquisition_ACT17774320253942795_43_3ecb_12_17_17', 'acquisition_ACT18222897859726438_44_2ecb_10_12_12', 'acquisition_ACT17774320253942795_43_1ecb_1_18_18', 'acquisition_ACT18222897859726438_44_7ecb_1_10_10', 'merger_ACT17774320253942795_43_1ecb_19_1_1', 'acquisition_ACT18222897859726438_44_7ecb_2_24_24', 'acquisition_ACT18185002852018286_44_11ecbplus_0_5_5', 'purchase_ACT18222897859726438_44_2ecb_7_20_20', 'acquisition_ACT18222897859726438_44_1ecb_2_16_16', 'acquisition_ACT17774320253942795_43_5ecb_2_11_11', 'merger_ACT17774320253942795_43_3ecb_5_10_10', 'transaction_ACT18229866560177907_44_2ecbplus_4_4_4', 'transaction_ACT18222897859726438_44_1ecb_12_7_7', 'transaction_ACT18229866560177907_44_10ecbplus_3_6_6', 'merger_ACT17774320253942795_43_3ecb_6_6_6', 'merger_ACT17774320253942795_43_8ecb_8_15_15', 'transaction_ACT18222908848679496_44_5ecb_7_22_22', 'transaction_ACT18222908848679496_44_5ecb_4_15_15', 'purchase_ACT17774320253942795_43_3ecb_2_2_2', 'takeover_ACT17774320253942795_43_2ecb_1_3_3', 'merger_ACT18222897859726438_44_1ecb_6_7_7', 'takeover_ACT17774320253942795_43_2ecb_2_7_7', 'purchase_ACT17774320253942795_43_3ecb_25_3_3', 'purchase_ACT17774320253942795_43_7ecb_2_17_17', 'deal_ACT18222897859726438_44_3ecb_7_4_4', 'merger_ACT18222897859726438_44_4ecb_1_4_4', 'purchase_ACT18222897859726438_44_3ecb_6_2_2', 'purchase_ACT18222897859726438_44_6ecb_2_14_14', 'deal_ACT18222897859726438_44_3ecb_3_2_2', 'deal_ACT17774336861337659_43_4ecb_1_1_1', 'deal_ACT18222908848679496_44_2ecb_10_2_2', 'deal_ACT18222908848679496_44_7ecb_3_7_7', 'deal_ACT17774336861337659_43_2ecb_2_8_8', 'deal_ACT18222908848679496_44_5ecb_10_2_2', 'deal_ACT18222908848679496_44_6ecb_7_2_2', 'deal_ACT18222908848679496_44_4ecb_3_1_1', 'deal_ACT17774320253942795_43_6ecb_5_10_10', 'deal_ACT18229866560177907_44_12ecbplus_2_23_23', 'Business_ACT18182652973066989_43_3ecbplus_0_3_3', 'deal_ACT17774320253942795_43_5ecb_6_28_28', 'Deal_ACT18229866560177907_44_12ecbplus_1_4_4', 'deal_ACT17774320253942795_43_6ecb_1_61_61', 'deal_ACT18222908848679496_44_2ecb_0_13_13', 'deal_ACT17774320253942795_43_6ecb_4_10_10', 'deal_ACT17774320253942795_43_1ecb_9_31_31', 'deal_ACT17773999324496406_43_7ecbplus_2_7_7', 'deal_ACT18222897859726438_44_3ecb_14_8_8', 'deal_ACT18222897859726438_44_1ecb_21_17_17', 'deal_ACT17774320253942795_43_1ecb_30_12_12', 'deal_ACT18222908848679496_44_2ecb_1_20_20', 'business_ACT18182652973066989_43_15ecbplus_16_9_9', 'Business_ACT18182652973066989_43_5ecbplus_0_7_7']
INFO:root:epoch 0 topic 1/1 - merge event clusters with score 0.5948652940637925 clusters : ['event_ACT18091701306793263_40_6ecb_0_15_15'] ['conference_Singleton_ACT_109_43_7ecb_43_7ecb_5_3_3', 'conference_Singleton_ACT_18_36_5ecb_36_5ecb_1_26_26', 'conference_ACT17764126188523329_40_1ecbplus_2_7_7', 'conference_ACT17764126188523329_40_3ecbplus_1_8_8', 'Macworld Expo 2009_ACT18091701306793263_40_8ecb_0_5_7', 'Macworld Expo_ACT18091701306793263_40_9ecb_0_22_23', 'Macworld_ACT18091701306793263_40_5ecb_2_6_6', 'WWDC_ACT17764126188523329_40_3ecbplus_0_9_9', 'WWDC_ACT17764126188523329_40_1ecbplus_0_9_9', 'WWDC_ACT17764126188523329_40_7ecbplus_0_9_9', 'MacWorld_ACT18091701306793263_40_10ecb_0_9_9', 'Macworld_ACT18091701306793263_40_1ecb_0_10_10', 'WWDC_ACT17764126188523329_40_5ecbplus_2_3_3', 'WWDC_ACT17764126188523329_40_1ecbplus_2_4_4', 'WWDC_ACT17764126188523329_40_3ecbplus_1_5_5', 'WWDC Keynote_ACT18089869304330059_40_8ecbplus_2_11_12', 'Macworld 2009 keynote_ACT18091701306793263_40_4ecb_0_10_12']
INFO:root:epoch 0 topic 1/1 - merge event clusters with score 0.5930679829915365 clusters : ['deal_ACT17774320253942795_43_7ecb_2_32_32'] ['move_ACT18185002852018286_44_6ecbplus_3_2_2', 'MOVED IN_Singleton_ACT_50_36_7ecb_36_7ecb_1_2_3', 'move_ACT17773499018825369_43_5ecbplus_2_17_17', 'Acquisition_ACT17773499018825369_43_3ecbplus_0_6_6', 'acquisition_ACT17773499018825369_43_15ecbplus_16_12_12', 'Acquisition_ACT17773499018825369_43_6ecbplus_0_1_1', 'acquisition_ACT17774320253942795_43_8ecb_0_3_3', 'acquisition_ACT17773499018825369_43_9ecbplus_2_4_4', 'acquisition_ACT18185002852018286_44_8ecbplus_4_5_5', 'acquisition_ACT17774320253942795_43_3ecb_4_1_1', 'merger_ACT17774320253942795_43_7ecb_12_1_1', 'acquisition_ACT18185002852018286_44_6ecbplus_4_4_4', 'acquisition_ACT17774320253942795_43_5ecb_3_1_1', 'purchase_ACT17774320253942795_43_5ecb_12_1_1', 'acquisition_ACT17773499018825369_43_8ecbplus_1_14_14', 'Acquisition_ACT18185002852018286_44_2ecbplus_0_7_7', 'acquisition_ACT17773499018825369_43_9ecbplus_5_7_7', 'acquisition_ACT18222897859726438_44_7ecb_0_8_8', 'acquisition_ACT18185002852018286_44_8ecbplus_2_15_15', 'merger_ACT17774320253942795_43_7ecb_5_6_6', 'acquisition_ACT18185002852018286_44_6ecbplus_2_1_1', 'acquisition_ACT18222897859726438_44_6ecb_6_11_11', 'acquisition_ACT17774320253942795_43_3ecb_12_17_17', 'acquisition_ACT18222897859726438_44_2ecb_10_12_12', 'acquisition_ACT17774320253942795_43_1ecb_1_18_18', 'acquisition_ACT18222897859726438_44_7ecb_1_10_10', 'merger_ACT17774320253942795_43_1ecb_19_1_1', 'acquisition_ACT18222897859726438_44_7ecb_2_24_24', 'acquisition_ACT18185002852018286_44_11ecbplus_0_5_5', 'purchase_ACT18222897859726438_44_2ecb_7_20_20', 'acquisition_ACT18222897859726438_44_1ecb_2_16_16', 'acquisition_ACT17774320253942795_43_5ecb_2_11_11', 'merger_ACT17774320253942795_43_3ecb_5_10_10', 'transaction_ACT18229866560177907_44_2ecbplus_4_4_4', 'transaction_ACT18222897859726438_44_1ecb_12_7_7', 'transaction_ACT18229866560177907_44_10ecbplus_3_6_6', 'merger_ACT17774320253942795_43_3ecb_6_6_6', 'merger_ACT17774320253942795_43_8ecb_8_15_15', 'transaction_ACT18222908848679496_44_5ecb_7_22_22', 'transaction_ACT18222908848679496_44_5ecb_4_15_15', 'purchase_ACT17774320253942795_43_3ecb_2_2_2', 'takeover_ACT17774320253942795_43_2ecb_1_3_3', 'merger_ACT18222897859726438_44_1ecb_6_7_7', 'takeover_ACT17774320253942795_43_2ecb_2_7_7', 'purchase_ACT17774320253942795_43_3ecb_25_3_3', 'purchase_ACT17774320253942795_43_7ecb_2_17_17', 'deal_ACT18222897859726438_44_3ecb_7_4_4', 'merger_ACT18222897859726438_44_4ecb_1_4_4', 'purchase_ACT18222897859726438_44_3ecb_6_2_2', 'purchase_ACT18222897859726438_44_6ecb_2_14_14', 'deal_ACT18222897859726438_44_3ecb_3_2_2', 'deal_ACT17774336861337659_43_4ecb_1_1_1', 'deal_ACT18222908848679496_44_2ecb_10_2_2', 'deal_ACT18222908848679496_44_7ecb_3_7_7', 'deal_ACT17774336861337659_43_2ecb_2_8_8', 'deal_ACT18222908848679496_44_5ecb_10_2_2', 'deal_ACT18222908848679496_44_6ecb_7_2_2', 'deal_ACT18222908848679496_44_4ecb_3_1_1', 'deal_ACT17774320253942795_43_6ecb_5_10_10', 'deal_ACT18229866560177907_44_12ecbplus_2_23_23', 'Business_ACT18182652973066989_43_3ecbplus_0_3_3', 'deal_ACT17774320253942795_43_5ecb_6_28_28', 'Deal_ACT18229866560177907_44_12ecbplus_1_4_4', 'deal_ACT17774320253942795_43_6ecb_1_61_61', 'deal_ACT18222908848679496_44_2ecb_0_13_13', 'deal_ACT17774320253942795_43_6ecb_4_10_10', 'deal_ACT17774320253942795_43_1ecb_9_31_31', 'deal_ACT17773999324496406_43_7ecbplus_2_7_7', 'deal_ACT18222897859726438_44_3ecb_14_8_8', 'deal_ACT18222897859726438_44_1ecb_21_17_17', 'deal_ACT17774320253942795_43_1ecb_30_12_12', 'deal_ACT18222908848679496_44_2ecb_1_20_20', 'business_ACT18182652973066989_43_15ecbplus_16_9_9', 'Business_ACT18182652973066989_43_5ecbplus_0_7_7', 'deal_ACT17774320253942795_43_1ecb_12_14_14']
INFO:root:epoch 0 topic 1/1 - merge event clusters with score 0.5845781803131104 clusters : ['Launch_ACT18164251707547444_42_9ecbplus_0_3_3'] ['issued_Singleton_ACT_28_37_11ecbplus_37_11ecbplus_1_18_18', 'ISSUED_Singleton_ACT_46_36_7ecb_36_7ecb_2_5_5', 'release_Singleton_ACT_16_42_10ecbplus_42_10ecbplus_2_6_6', 'release_ACT17764340317374314_40_8ecb_0_3_3', 'release_ACT17773055657381125_42_3ecb_0_10_10']
INFO:root:epoch 0 topic 1/1 - merge event clusters with score 0.5665416215595446 clusters : ['agreement_ACT17773999324496406_43_13ecbplus_4_14_14'] ['move_ACT18185002852018286_44_6ecbplus_3_2_2', 'MOVED IN_Singleton_ACT_50_36_7ecb_36_7ecb_1_2_3', 'move_ACT17773499018825369_43_5ecbplus_2_17_17', 'Acquisition_ACT17773499018825369_43_3ecbplus_0_6_6', 'acquisition_ACT17773499018825369_43_15ecbplus_16_12_12', 'Acquisition_ACT17773499018825369_43_6ecbplus_0_1_1', 'acquisition_ACT17774320253942795_43_8ecb_0_3_3', 'acquisition_ACT17773499018825369_43_9ecbplus_2_4_4', 'acquisition_ACT18185002852018286_44_8ecbplus_4_5_5', 'acquisition_ACT17774320253942795_43_3ecb_4_1_1', 'merger_ACT17774320253942795_43_7ecb_12_1_1', 'acquisition_ACT18185002852018286_44_6ecbplus_4_4_4', 'acquisition_ACT17774320253942795_43_5ecb_3_1_1', 'purchase_ACT17774320253942795_43_5ecb_12_1_1', 'acquisition_ACT17773499018825369_43_8ecbplus_1_14_14', 'Acquisition_ACT18185002852018286_44_2ecbplus_0_7_7', 'acquisition_ACT17773499018825369_43_9ecbplus_5_7_7', 'acquisition_ACT18222897859726438_44_7ecb_0_8_8', 'acquisition_ACT18185002852018286_44_8ecbplus_2_15_15', 'merger_ACT17774320253942795_43_7ecb_5_6_6', 'acquisition_ACT18185002852018286_44_6ecbplus_2_1_1', 'acquisition_ACT18222897859726438_44_6ecb_6_11_11', 'acquisition_ACT17774320253942795_43_3ecb_12_17_17', 'acquisition_ACT18222897859726438_44_2ecb_10_12_12', 'acquisition_ACT17774320253942795_43_1ecb_1_18_18', 'acquisition_ACT18222897859726438_44_7ecb_1_10_10', 'merger_ACT17774320253942795_43_1ecb_19_1_1', 'acquisition_ACT18222897859726438_44_7ecb_2_24_24', 'acquisition_ACT18185002852018286_44_11ecbplus_0_5_5', 'purchase_ACT18222897859726438_44_2ecb_7_20_20', 'acquisition_ACT18222897859726438_44_1ecb_2_16_16', 'acquisition_ACT17774320253942795_43_5ecb_2_11_11', 'merger_ACT17774320253942795_43_3ecb_5_10_10', 'transaction_ACT18229866560177907_44_2ecbplus_4_4_4', 'transaction_ACT18222897859726438_44_1ecb_12_7_7', 'transaction_ACT18229866560177907_44_10ecbplus_3_6_6', 'merger_ACT17774320253942795_43_3ecb_6_6_6', 'merger_ACT17774320253942795_43_8ecb_8_15_15', 'transaction_ACT18222908848679496_44_5ecb_7_22_22', 'transaction_ACT18222908848679496_44_5ecb_4_15_15', 'purchase_ACT17774320253942795_43_3ecb_2_2_2', 'takeover_ACT17774320253942795_43_2ecb_1_3_3', 'merger_ACT18222897859726438_44_1ecb_6_7_7', 'takeover_ACT17774320253942795_43_2ecb_2_7_7', 'purchase_ACT17774320253942795_43_3ecb_25_3_3', 'purchase_ACT17774320253942795_43_7ecb_2_17_17', 'deal_ACT18222897859726438_44_3ecb_7_4_4', 'merger_ACT18222897859726438_44_4ecb_1_4_4', 'purchase_ACT18222897859726438_44_3ecb_6_2_2', 'purchase_ACT18222897859726438_44_6ecb_2_14_14', 'deal_ACT18222897859726438_44_3ecb_3_2_2', 'deal_ACT17774336861337659_43_4ecb_1_1_1', 'deal_ACT18222908848679496_44_2ecb_10_2_2', 'deal_ACT18222908848679496_44_7ecb_3_7_7', 'deal_ACT17774336861337659_43_2ecb_2_8_8', 'deal_ACT18222908848679496_44_5ecb_10_2_2', 'deal_ACT18222908848679496_44_6ecb_7_2_2', 'deal_ACT18222908848679496_44_4ecb_3_1_1', 'deal_ACT17774320253942795_43_6ecb_5_10_10', 'deal_ACT18229866560177907_44_12ecbplus_2_23_23', 'Business_ACT18182652973066989_43_3ecbplus_0_3_3', 'deal_ACT17774320253942795_43_5ecb_6_28_28', 'Deal_ACT18229866560177907_44_12ecbplus_1_4_4', 'deal_ACT17774320253942795_43_6ecb_1_61_61', 'deal_ACT18222908848679496_44_2ecb_0_13_13', 'deal_ACT17774320253942795_43_6ecb_4_10_10', 'deal_ACT17774320253942795_43_1ecb_9_31_31', 'deal_ACT17773999324496406_43_7ecbplus_2_7_7', 'deal_ACT18222897859726438_44_3ecb_14_8_8', 'deal_ACT18222897859726438_44_1ecb_21_17_17', 'deal_ACT17774320253942795_43_1ecb_30_12_12', 'deal_ACT18222908848679496_44_2ecb_1_20_20', 'business_ACT18182652973066989_43_15ecbplus_16_9_9', 'Business_ACT18182652973066989_43_5ecbplus_0_7_7', 'deal_ACT17774320253942795_43_1ecb_12_14_14', 'deal_ACT17774320253942795_43_7ecb_2_32_32']
INFO:root:epoch 0 topic 1/1 - merge event clusters with score 0.553559422492981 clusters : ['begins_ACT18164251707547444_42_10ecbplus_0_11_11'] ['began_Singleton_ACT_42_41_6ecbplus_41_6ecbplus_9_45_45', 'began_Singleton_ACT_43_36_3ecb_36_3ecb_16_3_3']
INFO:root:epoch 0 topic 1/1 - merge event clusters with score 0.614703377087911 clusters : ['Begins_ACT18164251707547444_42_5ecbplus_0_8_8'] ['began_Singleton_ACT_42_41_6ecbplus_41_6ecbplus_9_45_45', 'began_Singleton_ACT_43_36_3ecb_36_3ecb_16_3_3', 'begins_ACT18164251707547444_42_10ecbplus_0_11_11']
INFO:root:epoch 0 topic 1/1 - merge event clusters with score 0.5446077817446225 clusters : ['purchase_ACT17773499018825369_43_13ecbplus_4_17_17'] ['move_ACT18185002852018286_44_6ecbplus_3_2_2', 'MOVED IN_Singleton_ACT_50_36_7ecb_36_7ecb_1_2_3', 'move_ACT17773499018825369_43_5ecbplus_2_17_17', 'Acquisition_ACT17773499018825369_43_3ecbplus_0_6_6', 'acquisition_ACT17773499018825369_43_15ecbplus_16_12_12', 'Acquisition_ACT17773499018825369_43_6ecbplus_0_1_1', 'acquisition_ACT17774320253942795_43_8ecb_0_3_3', 'acquisition_ACT17773499018825369_43_9ecbplus_2_4_4', 'acquisition_ACT18185002852018286_44_8ecbplus_4_5_5', 'acquisition_ACT17774320253942795_43_3ecb_4_1_1', 'merger_ACT17774320253942795_43_7ecb_12_1_1', 'acquisition_ACT18185002852018286_44_6ecbplus_4_4_4', 'acquisition_ACT17774320253942795_43_5ecb_3_1_1', 'purchase_ACT17774320253942795_43_5ecb_12_1_1', 'acquisition_ACT17773499018825369_43_8ecbplus_1_14_14', 'Acquisition_ACT18185002852018286_44_2ecbplus_0_7_7', 'acquisition_ACT17773499018825369_43_9ecbplus_5_7_7', 'acquisition_ACT18222897859726438_44_7ecb_0_8_8', 'acquisition_ACT18185002852018286_44_8ecbplus_2_15_15', 'merger_ACT17774320253942795_43_7ecb_5_6_6', 'acquisition_ACT18185002852018286_44_6ecbplus_2_1_1', 'acquisition_ACT18222897859726438_44_6ecb_6_11_11', 'acquisition_ACT17774320253942795_43_3ecb_12_17_17', 'acquisition_ACT18222897859726438_44_2ecb_10_12_12', 'acquisition_ACT17774320253942795_43_1ecb_1_18_18', 'acquisition_ACT18222897859726438_44_7ecb_1_10_10', 'merger_ACT17774320253942795_43_1ecb_19_1_1', 'acquisition_ACT18222897859726438_44_7ecb_2_24_24', 'acquisition_ACT18185002852018286_44_11ecbplus_0_5_5', 'purchase_ACT18222897859726438_44_2ecb_7_20_20', 'acquisition_ACT18222897859726438_44_1ecb_2_16_16', 'acquisition_ACT17774320253942795_43_5ecb_2_11_11', 'merger_ACT17774320253942795_43_3ecb_5_10_10', 'transaction_ACT18229866560177907_44_2ecbplus_4_4_4', 'transaction_ACT18222897859726438_44_1ecb_12_7_7', 'transaction_ACT18229866560177907_44_10ecbplus_3_6_6', 'merger_ACT17774320253942795_43_3ecb_6_6_6', 'merger_ACT17774320253942795_43_8ecb_8_15_15', 'transaction_ACT18222908848679496_44_5ecb_7_22_22', 'transaction_ACT18222908848679496_44_5ecb_4_15_15', 'purchase_ACT17774320253942795_43_3ecb_2_2_2', 'takeover_ACT17774320253942795_43_2ecb_1_3_3', 'merger_ACT18222897859726438_44_1ecb_6_7_7', 'takeover_ACT17774320253942795_43_2ecb_2_7_7', 'purchase_ACT17774320253942795_43_3ecb_25_3_3', 'purchase_ACT17774320253942795_43_7ecb_2_17_17', 'deal_ACT18222897859726438_44_3ecb_7_4_4', 'merger_ACT18222897859726438_44_4ecb_1_4_4', 'purchase_ACT18222897859726438_44_3ecb_6_2_2', 'purchase_ACT18222897859726438_44_6ecb_2_14_14', 'deal_ACT18222897859726438_44_3ecb_3_2_2', 'deal_ACT17774336861337659_43_4ecb_1_1_1', 'deal_ACT18222908848679496_44_2ecb_10_2_2', 'deal_ACT18222908848679496_44_7ecb_3_7_7', 'deal_ACT17774336861337659_43_2ecb_2_8_8', 'deal_ACT18222908848679496_44_5ecb_10_2_2', 'deal_ACT18222908848679496_44_6ecb_7_2_2', 'deal_ACT18222908848679496_44_4ecb_3_1_1', 'deal_ACT17774320253942795_43_6ecb_5_10_10', 'deal_ACT18229866560177907_44_12ecbplus_2_23_23', 'Business_ACT18182652973066989_43_3ecbplus_0_3_3', 'deal_ACT17774320253942795_43_5ecb_6_28_28', 'Deal_ACT18229866560177907_44_12ecbplus_1_4_4', 'deal_ACT17774320253942795_43_6ecb_1_61_61', 'deal_ACT18222908848679496_44_2ecb_0_13_13', 'deal_ACT17774320253942795_43_6ecb_4_10_10', 'deal_ACT17774320253942795_43_1ecb_9_31_31', 'deal_ACT17773999324496406_43_7ecbplus_2_7_7', 'deal_ACT18222897859726438_44_3ecb_14_8_8', 'deal_ACT18222897859726438_44_1ecb_21_17_17', 'deal_ACT17774320253942795_43_1ecb_30_12_12', 'deal_ACT18222908848679496_44_2ecb_1_20_20', 'business_ACT18182652973066989_43_15ecbplus_16_9_9', 'Business_ACT18182652973066989_43_5ecbplus_0_7_7', 'deal_ACT17774320253942795_43_1ecb_12_14_14', 'deal_ACT17774320253942795_43_7ecb_2_32_32', 'agreement_ACT17773999324496406_43_13ecbplus_4_14_14']
INFO:root:epoch 0 topic 1/1 - merge event clusters with score 0.5316778421401978 clusters : ['begin_ACT18164251707547444_42_8ecbplus_2_16_16'] ['began_Singleton_ACT_42_41_6ecbplus_41_6ecbplus_9_45_45', 'began_Singleton_ACT_43_36_3ecb_36_3ecb_16_3_3', 'begins_ACT18164251707547444_42_10ecbplus_0_11_11', 'Begins_ACT18164251707547444_42_5ecbplus_0_8_8']
INFO:root:epoch 0 topic 1/1 - merge event clusters with score 0.5314949154853821 clusters : ['announced_ACT17720553486167782_36_6ecb_1_8_8'] ['announced_ACT18222853762799791_44_4ecb_2_1_1']
INFO:root:epoch 0 topic 1/1 - merge event clusters with score 0.7344331741333008 clusters : ['announced_ACT18222853762799791_44_1ecb_2_22_22'] ['announced_ACT18222853762799791_44_4ecb_2_1_1', 'announced_ACT17720553486167782_36_6ecb_1_8_8']
INFO:root:epoch 0 topic 1/1 - merge event clusters with score 0.6560549736022949 clusters : ['announced_ACT18222676237217252_44_6ecbplus_4_6_6'] ['announced_ACT18222853762799791_44_4ecb_2_1_1', 'announced_ACT17720553486167782_36_6ecb_1_8_8', 'announced_ACT18222853762799791_44_1ecb_2_22_22']
INFO:root:epoch 0 topic 1/1 - merge event clusters with score 0.6263064742088318 clusters : ['unveiled_ACT17764092395475677_40_2ecbplus_0_5_5'] ['announced_ACT18222853762799791_44_4ecb_2_1_1', 'announced_ACT17720553486167782_36_6ecb_1_8_8', 'announced_ACT18222853762799791_44_1ecb_2_22_22', 'announced_ACT18222676237217252_44_6ecbplus_4_6_6']
INFO:root:epoch 0 topic 1/1 - merge event clusters with score 0.5618453025817871 clusters : ['unveiled_ACT17764340317374314_40_4ecb_0_6_6'] ['announced_ACT18222853762799791_44_4ecb_2_1_1', 'announced_ACT17720553486167782_36_6ecb_1_8_8', 'announced_ACT18222853762799791_44_1ecb_2_22_22', 'announced_ACT18222676237217252_44_6ecbplus_4_6_6', 'unveiled_ACT17764092395475677_40_2ecbplus_0_5_5']
INFO:root:epoch 0 topic 1/1 - merge event clusters with score 0.5466986894607544 clusters : ['unveiled_ACT17745258351334464_39_5ecbplus_3_9_9'] ['announced_ACT18222853762799791_44_4ecb_2_1_1', 'announced_ACT17720553486167782_36_6ecb_1_8_8', 'announced_ACT18222853762799791_44_1ecb_2_22_22', 'announced_ACT18222676237217252_44_6ecbplus_4_6_6', 'unveiled_ACT17764092395475677_40_2ecbplus_0_5_5', 'unveiled_ACT17764340317374314_40_4ecb_0_6_6']
INFO:root:epoch 0 topic 1/1 - merge event clusters with score 0.578284672328404 clusters : ['unveiled_ACT17764092395475677_40_10ecbplus_2_12_12'] ['announced_ACT18222853762799791_44_4ecb_2_1_1', 'announced_ACT17720553486167782_36_6ecb_1_8_8', 'announced_ACT18222853762799791_44_1ecb_2_22_22', 'announced_ACT18222676237217252_44_6ecbplus_4_6_6', 'unveiled_ACT17764092395475677_40_2ecbplus_0_5_5', 'unveiled_ACT17764340317374314_40_4ecb_0_6_6', 'unveiled_ACT17745258351334464_39_5ecbplus_3_9_9']
INFO:root:epoch 0 topic 1/1 - merge event clusters with score 0.626492440700531 clusters : ['unveiled_ACT17764092395475677_40_3ecbplus_1_15_15'] ['announced_ACT18222853762799791_44_4ecb_2_1_1', 'announced_ACT17720553486167782_36_6ecb_1_8_8', 'announced_ACT18222853762799791_44_1ecb_2_22_22', 'announced_ACT18222676237217252_44_6ecbplus_4_6_6', 'unveiled_ACT17764092395475677_40_2ecbplus_0_5_5', 'unveiled_ACT17764340317374314_40_4ecb_0_6_6', 'unveiled_ACT17745258351334464_39_5ecbplus_3_9_9', 'unveiled_ACT17764092395475677_40_10ecbplus_2_12_12']
INFO:root:epoch 0 topic 1/1 - merge event clusters with score 0.6624477704366049 clusters : ['unveiled_ACT18222853762799791_44_6ecb_2_4_4'] ['announced_ACT18222853762799791_44_4ecb_2_1_1', 'announced_ACT17720553486167782_36_6ecb_1_8_8', 'announced_ACT18222853762799791_44_1ecb_2_22_22', 'announced_ACT18222676237217252_44_6ecbplus_4_6_6', 'unveiled_ACT17764092395475677_40_2ecbplus_0_5_5', 'unveiled_ACT17764340317374314_40_4ecb_0_6_6', 'unveiled_ACT17745258351334464_39_5ecbplus_3_9_9', 'unveiled_ACT17764092395475677_40_10ecbplus_2_12_12', 'unveiled_ACT17764092395475677_40_3ecbplus_1_15_15']
INFO:root:epoch 0 topic 1/1 - merge event clusters with score 0.6920608520507813 clusters : ['unveiled_ACT17764092395475677_40_1ecbplus_2_14_14'] ['announced_ACT18222853762799791_44_4ecb_2_1_1', 'announced_ACT17720553486167782_36_6ecb_1_8_8', 'announced_ACT18222853762799791_44_1ecb_2_22_22', 'announced_ACT18222676237217252_44_6ecbplus_4_6_6', 'unveiled_ACT17764092395475677_40_2ecbplus_0_5_5', 'unveiled_ACT17764340317374314_40_4ecb_0_6_6', 'unveiled_ACT17745258351334464_39_5ecbplus_3_9_9', 'unveiled_ACT17764092395475677_40_10ecbplus_2_12_12', 'unveiled_ACT17764092395475677_40_3ecbplus_1_15_15', 'unveiled_ACT18222853762799791_44_6ecb_2_4_4']
INFO:root:epoch 0 topic 1/1 - merge event clusters with score 0.7169125296852805 clusters : ['unveiled_ACT17764340317374314_40_1ecb_0_25_25'] ['announced_ACT18222853762799791_44_4ecb_2_1_1', 'announced_ACT17720553486167782_36_6ecb_1_8_8', 'announced_ACT18222853762799791_44_1ecb_2_22_22', 'announced_ACT18222676237217252_44_6ecbplus_4_6_6', 'unveiled_ACT17764092395475677_40_2ecbplus_0_5_5', 'unveiled_ACT17764340317374314_40_4ecb_0_6_6', 'unveiled_ACT17745258351334464_39_5ecbplus_3_9_9', 'unveiled_ACT17764092395475677_40_10ecbplus_2_12_12', 'unveiled_ACT17764092395475677_40_3ecbplus_1_15_15', 'unveiled_ACT18222853762799791_44_6ecb_2_4_4', 'unveiled_ACT17764092395475677_40_1ecbplus_2_14_14']
INFO:root:epoch 0 topic 1/1 - merge event clusters with score 0.7266411781311035 clusters : ['unveiled_ACT17764092395475677_40_9ecbplus_3_2_2'] ['announced_ACT18222853762799791_44_4ecb_2_1_1', 'announced_ACT17720553486167782_36_6ecb_1_8_8', 'announced_ACT18222853762799791_44_1ecb_2_22_22', 'announced_ACT18222676237217252_44_6ecbplus_4_6_6', 'unveiled_ACT17764092395475677_40_2ecbplus_0_5_5', 'unveiled_ACT17764340317374314_40_4ecb_0_6_6', 'unveiled_ACT17745258351334464_39_5ecbplus_3_9_9', 'unveiled_ACT17764092395475677_40_10ecbplus_2_12_12', 'unveiled_ACT17764092395475677_40_3ecbplus_1_15_15', 'unveiled_ACT18222853762799791_44_6ecb_2_4_4', 'unveiled_ACT17764092395475677_40_1ecbplus_2_14_14', 'unveiled_ACT17764340317374314_40_1ecb_0_25_25']
INFO:root:epoch 0 topic 1/1 - merge event clusters with score 0.7475477365347055 clusters : ['unveiled_ACT17764092395475677_40_8ecbplus_2_2_2'] ['announced_ACT18222853762799791_44_4ecb_2_1_1', 'announced_ACT17720553486167782_36_6ecb_1_8_8', 'announced_ACT18222853762799791_44_1ecb_2_22_22', 'announced_ACT18222676237217252_44_6ecbplus_4_6_6', 'unveiled_ACT17764092395475677_40_2ecbplus_0_5_5', 'unveiled_ACT17764340317374314_40_4ecb_0_6_6', 'unveiled_ACT17745258351334464_39_5ecbplus_3_9_9', 'unveiled_ACT17764092395475677_40_10ecbplus_2_12_12', 'unveiled_ACT17764092395475677_40_3ecbplus_1_15_15', 'unveiled_ACT18222853762799791_44_6ecb_2_4_4', 'unveiled_ACT17764092395475677_40_1ecbplus_2_14_14', 'unveiled_ACT17764340317374314_40_1ecb_0_25_25', 'unveiled_ACT17764092395475677_40_9ecbplus_3_2_2']
INFO:root:epoch 0 topic 1/1 - merge event clusters with score 0.7639690126691546 clusters : ['unveiled_ACT17745451267577520_39_7ecb_0_5_5'] ['announced_ACT18222853762799791_44_4ecb_2_1_1', 'announced_ACT17720553486167782_36_6ecb_1_8_8', 'announced_ACT18222853762799791_44_1ecb_2_22_22', 'announced_ACT18222676237217252_44_6ecbplus_4_6_6', 'unveiled_ACT17764092395475677_40_2ecbplus_0_5_5', 'unveiled_ACT17764340317374314_40_4ecb_0_6_6', 'unveiled_ACT17745258351334464_39_5ecbplus_3_9_9', 'unveiled_ACT17764092395475677_40_10ecbplus_2_12_12', 'unveiled_ACT17764092395475677_40_3ecbplus_1_15_15', 'unveiled_ACT18222853762799791_44_6ecb_2_4_4', 'unveiled_ACT17764092395475677_40_1ecbplus_2_14_14', 'unveiled_ACT17764340317374314_40_1ecb_0_25_25', 'unveiled_ACT17764092395475677_40_9ecbplus_3_2_2', 'unveiled_ACT17764092395475677_40_8ecbplus_2_2_2']
INFO:root:epoch 0 topic 1/1 - merge event clusters with score 0.7755224863688152 clusters : ['unveiled_ACT17764340317374314_40_6ecb_0_4_4'] ['announced_ACT18222853762799791_44_4ecb_2_1_1', 'announced_ACT17720553486167782_36_6ecb_1_8_8', 'announced_ACT18222853762799791_44_1ecb_2_22_22', 'announced_ACT18222676237217252_44_6ecbplus_4_6_6', 'unveiled_ACT17764092395475677_40_2ecbplus_0_5_5', 'unveiled_ACT17764340317374314_40_4ecb_0_6_6', 'unveiled_ACT17745258351334464_39_5ecbplus_3_9_9', 'unveiled_ACT17764092395475677_40_10ecbplus_2_12_12', 'unveiled_ACT17764092395475677_40_3ecbplus_1_15_15', 'unveiled_ACT18222853762799791_44_6ecb_2_4_4', 'unveiled_ACT17764092395475677_40_1ecbplus_2_14_14', 'unveiled_ACT17764340317374314_40_1ecb_0_25_25', 'unveiled_ACT17764092395475677_40_9ecbplus_3_2_2', 'unveiled_ACT17764092395475677_40_8ecbplus_2_2_2', 'unveiled_ACT17745451267577520_39_7ecb_0_5_5']
INFO:root:epoch 0 topic 1/1 - merge event clusters with score 0.7850568294525146 clusters : ['unveiled_ACT17745451267577520_39_13ecb_0_15_15'] ['announced_ACT18222853762799791_44_4ecb_2_1_1', 'announced_ACT17720553486167782_36_6ecb_1_8_8', 'announced_ACT18222853762799791_44_1ecb_2_22_22', 'announced_ACT18222676237217252_44_6ecbplus_4_6_6', 'unveiled_ACT17764092395475677_40_2ecbplus_0_5_5', 'unveiled_ACT17764340317374314_40_4ecb_0_6_6', 'unveiled_ACT17745258351334464_39_5ecbplus_3_9_9', 'unveiled_ACT17764092395475677_40_10ecbplus_2_12_12', 'unveiled_ACT17764092395475677_40_3ecbplus_1_15_15', 'unveiled_ACT18222853762799791_44_6ecb_2_4_4', 'unveiled_ACT17764092395475677_40_1ecbplus_2_14_14', 'unveiled_ACT17764340317374314_40_1ecb_0_25_25', 'unveiled_ACT17764092395475677_40_9ecbplus_3_2_2', 'unveiled_ACT17764092395475677_40_8ecbplus_2_2_2', 'unveiled_ACT17745451267577520_39_7ecb_0_5_5', 'unveiled_ACT17764340317374314_40_6ecb_0_4_4']
INFO:root:epoch 0 topic 1/1 - merge event clusters with score 0.7903625824872185 clusters : ['unveils_ACT17764092395475677_40_7ecbplus_0_1_1'] ['announced_ACT18222853762799791_44_4ecb_2_1_1', 'announced_ACT17720553486167782_36_6ecb_1_8_8', 'announced_ACT18222853762799791_44_1ecb_2_22_22', 'announced_ACT18222676237217252_44_6ecbplus_4_6_6', 'unveiled_ACT17764092395475677_40_2ecbplus_0_5_5', 'unveiled_ACT17764340317374314_40_4ecb_0_6_6', 'unveiled_ACT17745258351334464_39_5ecbplus_3_9_9', 'unveiled_ACT17764092395475677_40_10ecbplus_2_12_12', 'unveiled_ACT17764092395475677_40_3ecbplus_1_15_15', 'unveiled_ACT18222853762799791_44_6ecb_2_4_4', 'unveiled_ACT17764092395475677_40_1ecbplus_2_14_14', 'unveiled_ACT17764340317374314_40_1ecb_0_25_25', 'unveiled_ACT17764092395475677_40_9ecbplus_3_2_2', 'unveiled_ACT17764092395475677_40_8ecbplus_2_2_2', 'unveiled_ACT17745451267577520_39_7ecb_0_5_5', 'unveiled_ACT17764340317374314_40_6ecb_0_4_4', 'unveiled_ACT17745451267577520_39_13ecb_0_15_15']
INFO:root:epoch 0 topic 1/1 - merge event clusters with score 0.797912491692437 clusters : ['unveils_ACT17764092395475677_40_3ecbplus_0_1_1'] ['announced_ACT18222853762799791_44_4ecb_2_1_1', 'announced_ACT17720553486167782_36_6ecb_1_8_8', 'announced_ACT18222853762799791_44_1ecb_2_22_22', 'announced_ACT18222676237217252_44_6ecbplus_4_6_6', 'unveiled_ACT17764092395475677_40_2ecbplus_0_5_5', 'unveiled_ACT17764340317374314_40_4ecb_0_6_6', 'unveiled_ACT17745258351334464_39_5ecbplus_3_9_9', 'unveiled_ACT17764092395475677_40_10ecbplus_2_12_12', 'unveiled_ACT17764092395475677_40_3ecbplus_1_15_15', 'unveiled_ACT18222853762799791_44_6ecb_2_4_4', 'unveiled_ACT17764092395475677_40_1ecbplus_2_14_14', 'unveiled_ACT17764340317374314_40_1ecb_0_25_25', 'unveiled_ACT17764092395475677_40_9ecbplus_3_2_2', 'unveiled_ACT17764092395475677_40_8ecbplus_2_2_2', 'unveiled_ACT17745451267577520_39_7ecb_0_5_5', 'unveiled_ACT17764340317374314_40_6ecb_0_4_4', 'unveiled_ACT17745451267577520_39_13ecb_0_15_15', 'unveils_ACT17764092395475677_40_7ecbplus_0_1_1']
INFO:root:epoch 0 topic 1/1 - merge event clusters with score 0.8073091005024157 clusters : ['unveils_ACT17764092395475677_40_1ecbplus_0_1_1'] ['announced_ACT18222853762799791_44_4ecb_2_1_1', 'announced_ACT17720553486167782_36_6ecb_1_8_8', 'announced_ACT18222853762799791_44_1ecb_2_22_22', 'announced_ACT18222676237217252_44_6ecbplus_4_6_6', 'unveiled_ACT17764092395475677_40_2ecbplus_0_5_5', 'unveiled_ACT17764340317374314_40_4ecb_0_6_6', 'unveiled_ACT17745258351334464_39_5ecbplus_3_9_9', 'unveiled_ACT17764092395475677_40_10ecbplus_2_12_12', 'unveiled_ACT17764092395475677_40_3ecbplus_1_15_15', 'unveiled_ACT18222853762799791_44_6ecb_2_4_4', 'unveiled_ACT17764092395475677_40_1ecbplus_2_14_14', 'unveiled_ACT17764340317374314_40_1ecb_0_25_25', 'unveiled_ACT17764092395475677_40_9ecbplus_3_2_2', 'unveiled_ACT17764092395475677_40_8ecbplus_2_2_2', 'unveiled_ACT17745451267577520_39_7ecb_0_5_5', 'unveiled_ACT17764340317374314_40_6ecb_0_4_4', 'unveiled_ACT17745451267577520_39_13ecb_0_15_15', 'unveils_ACT17764092395475677_40_7ecbplus_0_1_1', 'unveils_ACT17764092395475677_40_3ecbplus_0_1_1']
INFO:root:epoch 0 topic 1/1 - merge event clusters with score 0.8148031234741211 clusters : ['Unveils_ACT17764092395475677_40_9ecbplus_0_1_1'] ['announced_ACT18222853762799791_44_4ecb_2_1_1', 'announced_ACT17720553486167782_36_6ecb_1_8_8', 'announced_ACT18222853762799791_44_1ecb_2_22_22', 'announced_ACT18222676237217252_44_6ecbplus_4_6_6', 'unveiled_ACT17764092395475677_40_2ecbplus_0_5_5', 'unveiled_ACT17764340317374314_40_4ecb_0_6_6', 'unveiled_ACT17745258351334464_39_5ecbplus_3_9_9', 'unveiled_ACT17764092395475677_40_10ecbplus_2_12_12', 'unveiled_ACT17764092395475677_40_3ecbplus_1_15_15', 'unveiled_ACT18222853762799791_44_6ecb_2_4_4', 'unveiled_ACT17764092395475677_40_1ecbplus_2_14_14', 'unveiled_ACT17764340317374314_40_1ecb_0_25_25', 'unveiled_ACT17764092395475677_40_9ecbplus_3_2_2', 'unveiled_ACT17764092395475677_40_8ecbplus_2_2_2', 'unveiled_ACT17745451267577520_39_7ecb_0_5_5', 'unveiled_ACT17764340317374314_40_6ecb_0_4_4', 'unveiled_ACT17745451267577520_39_13ecb_0_15_15', 'unveils_ACT17764092395475677_40_7ecbplus_0_1_1', 'unveils_ACT17764092395475677_40_3ecbplus_0_1_1', 'unveils_ACT17764092395475677_40_1ecbplus_0_1_1']
INFO:root:epoch 0 topic 1/1 - merge event clusters with score 0.8229818798246837 clusters : ['unveils_ACT17764092395475677_40_5ecbplus_0_1_1'] ['announced_ACT18222853762799791_44_4ecb_2_1_1', 'announced_ACT17720553486167782_36_6ecb_1_8_8', 'announced_ACT18222853762799791_44_1ecb_2_22_22', 'announced_ACT18222676237217252_44_6ecbplus_4_6_6', 'unveiled_ACT17764092395475677_40_2ecbplus_0_5_5', 'unveiled_ACT17764340317374314_40_4ecb_0_6_6', 'unveiled_ACT17745258351334464_39_5ecbplus_3_9_9', 'unveiled_ACT17764092395475677_40_10ecbplus_2_12_12', 'unveiled_ACT17764092395475677_40_3ecbplus_1_15_15', 'unveiled_ACT18222853762799791_44_6ecb_2_4_4', 'unveiled_ACT17764092395475677_40_1ecbplus_2_14_14', 'unveiled_ACT17764340317374314_40_1ecb_0_25_25', 'unveiled_ACT17764092395475677_40_9ecbplus_3_2_2', 'unveiled_ACT17764092395475677_40_8ecbplus_2_2_2', 'unveiled_ACT17745451267577520_39_7ecb_0_5_5', 'unveiled_ACT17764340317374314_40_6ecb_0_4_4', 'unveiled_ACT17745451267577520_39_13ecb_0_15_15', 'unveils_ACT17764092395475677_40_7ecbplus_0_1_1', 'unveils_ACT17764092395475677_40_3ecbplus_0_1_1', 'unveils_ACT17764092395475677_40_1ecbplus_0_1_1', 'Unveils_ACT17764092395475677_40_9ecbplus_0_1_1']
INFO:root:epoch 0 topic 1/1 - merge event clusters with score 0.8176698684692383 clusters : ['Unveils_ACT17764092395475677_40_6ecbplus_0_1_1'] ['announced_ACT18222853762799791_44_4ecb_2_1_1', 'announced_ACT17720553486167782_36_6ecb_1_8_8', 'announced_ACT18222853762799791_44_1ecb_2_22_22', 'announced_ACT18222676237217252_44_6ecbplus_4_6_6', 'unveiled_ACT17764092395475677_40_2ecbplus_0_5_5', 'unveiled_ACT17764340317374314_40_4ecb_0_6_6', 'unveiled_ACT17745258351334464_39_5ecbplus_3_9_9', 'unveiled_ACT17764092395475677_40_10ecbplus_2_12_12', 'unveiled_ACT17764092395475677_40_3ecbplus_1_15_15', 'unveiled_ACT18222853762799791_44_6ecb_2_4_4', 'unveiled_ACT17764092395475677_40_1ecbplus_2_14_14', 'unveiled_ACT17764340317374314_40_1ecb_0_25_25', 'unveiled_ACT17764092395475677_40_9ecbplus_3_2_2', 'unveiled_ACT17764092395475677_40_8ecbplus_2_2_2', 'unveiled_ACT17745451267577520_39_7ecb_0_5_5', 'unveiled_ACT17764340317374314_40_6ecb_0_4_4', 'unveiled_ACT17745451267577520_39_13ecb_0_15_15', 'unveils_ACT17764092395475677_40_7ecbplus_0_1_1', 'unveils_ACT17764092395475677_40_3ecbplus_0_1_1', 'unveils_ACT17764092395475677_40_1ecbplus_0_1_1', 'Unveils_ACT17764092395475677_40_9ecbplus_0_1_1', 'unveils_ACT17764092395475677_40_5ecbplus_0_1_1']
INFO:root:epoch 0 topic 1/1 - merge event clusters with score 0.6095237731933594 clusters : ['introduced_ACT17764340317374314_40_7ecb_0_8_8'] ['announced_ACT18222853762799791_44_4ecb_2_1_1', 'announced_ACT17720553486167782_36_6ecb_1_8_8', 'announced_ACT18222853762799791_44_1ecb_2_22_22', 'announced_ACT18222676237217252_44_6ecbplus_4_6_6', 'unveiled_ACT17764092395475677_40_2ecbplus_0_5_5', 'unveiled_ACT17764340317374314_40_4ecb_0_6_6', 'unveiled_ACT17745258351334464_39_5ecbplus_3_9_9', 'unveiled_ACT17764092395475677_40_10ecbplus_2_12_12', 'unveiled_ACT17764092395475677_40_3ecbplus_1_15_15', 'unveiled_ACT18222853762799791_44_6ecb_2_4_4', 'unveiled_ACT17764092395475677_40_1ecbplus_2_14_14', 'unveiled_ACT17764340317374314_40_1ecb_0_25_25', 'unveiled_ACT17764092395475677_40_9ecbplus_3_2_2', 'unveiled_ACT17764092395475677_40_8ecbplus_2_2_2', 'unveiled_ACT17745451267577520_39_7ecb_0_5_5', 'unveiled_ACT17764340317374314_40_6ecb_0_4_4', 'unveiled_ACT17745451267577520_39_13ecb_0_15_15', 'unveils_ACT17764092395475677_40_7ecbplus_0_1_1', 'unveils_ACT17764092395475677_40_3ecbplus_0_1_1', 'unveils_ACT17764092395475677_40_1ecbplus_0_1_1', 'Unveils_ACT17764092395475677_40_9ecbplus_0_1_1', 'unveils_ACT17764092395475677_40_5ecbplus_0_1_1', 'Unveils_ACT17764092395475677_40_6ecbplus_0_1_1']
INFO:root:epoch 0 topic 1/1 - merge event clusters with score 0.5821125109990438 clusters : ['introduced_ACT17764340317374314_40_5ecb_2_8_8'] ['announced_ACT18222853762799791_44_4ecb_2_1_1', 'announced_ACT17720553486167782_36_6ecb_1_8_8', 'announced_ACT18222853762799791_44_1ecb_2_22_22', 'announced_ACT18222676237217252_44_6ecbplus_4_6_6', 'unveiled_ACT17764092395475677_40_2ecbplus_0_5_5', 'unveiled_ACT17764340317374314_40_4ecb_0_6_6', 'unveiled_ACT17745258351334464_39_5ecbplus_3_9_9', 'unveiled_ACT17764092395475677_40_10ecbplus_2_12_12', 'unveiled_ACT17764092395475677_40_3ecbplus_1_15_15', 'unveiled_ACT18222853762799791_44_6ecb_2_4_4', 'unveiled_ACT17764092395475677_40_1ecbplus_2_14_14', 'unveiled_ACT17764340317374314_40_1ecb_0_25_25', 'unveiled_ACT17764092395475677_40_9ecbplus_3_2_2', 'unveiled_ACT17764092395475677_40_8ecbplus_2_2_2', 'unveiled_ACT17745451267577520_39_7ecb_0_5_5', 'unveiled_ACT17764340317374314_40_6ecb_0_4_4', 'unveiled_ACT17745451267577520_39_13ecb_0_15_15', 'unveils_ACT17764092395475677_40_7ecbplus_0_1_1', 'unveils_ACT17764092395475677_40_3ecbplus_0_1_1', 'unveils_ACT17764092395475677_40_1ecbplus_0_1_1', 'Unveils_ACT17764092395475677_40_9ecbplus_0_1_1', 'unveils_ACT17764092395475677_40_5ecbplus_0_1_1', 'Unveils_ACT17764092395475677_40_6ecbplus_0_1_1', 'introduced_ACT17764340317374314_40_7ecb_0_8_8']
INFO:root:epoch 0 topic 1/1 - merge event clusters with score 0.534089584350586 clusters : ['launched_ACT17764340317374314_40_3ecb_0_3_3'] ['announced_ACT18222853762799791_44_4ecb_2_1_1', 'announced_ACT17720553486167782_36_6ecb_1_8_8', 'announced_ACT18222853762799791_44_1ecb_2_22_22', 'announced_ACT18222676237217252_44_6ecbplus_4_6_6', 'unveiled_ACT17764092395475677_40_2ecbplus_0_5_5', 'unveiled_ACT17764340317374314_40_4ecb_0_6_6', 'unveiled_ACT17745258351334464_39_5ecbplus_3_9_9', 'unveiled_ACT17764092395475677_40_10ecbplus_2_12_12', 'unveiled_ACT17764092395475677_40_3ecbplus_1_15_15', 'unveiled_ACT18222853762799791_44_6ecb_2_4_4', 'unveiled_ACT17764092395475677_40_1ecbplus_2_14_14', 'unveiled_ACT17764340317374314_40_1ecb_0_25_25', 'unveiled_ACT17764092395475677_40_9ecbplus_3_2_2', 'unveiled_ACT17764092395475677_40_8ecbplus_2_2_2', 'unveiled_ACT17745451267577520_39_7ecb_0_5_5', 'unveiled_ACT17764340317374314_40_6ecb_0_4_4', 'unveiled_ACT17745451267577520_39_13ecb_0_15_15', 'unveils_ACT17764092395475677_40_7ecbplus_0_1_1', 'unveils_ACT17764092395475677_40_3ecbplus_0_1_1', 'unveils_ACT17764092395475677_40_1ecbplus_0_1_1', 'Unveils_ACT17764092395475677_40_9ecbplus_0_1_1', 'unveils_ACT17764092395475677_40_5ecbplus_0_1_1', 'Unveils_ACT17764092395475677_40_6ecbplus_0_1_1', 'introduced_ACT17764340317374314_40_7ecb_0_8_8', 'introduced_ACT17764340317374314_40_5ecb_2_8_8']
INFO:root:epoch 0 topic 1/1 - merge event clusters with score 0.5449228286743164 clusters : ['launches_ACT17764092395475677_40_4ecbplus_0_1_1'] ['announced_ACT18222853762799791_44_4ecb_2_1_1', 'announced_ACT17720553486167782_36_6ecb_1_8_8', 'announced_ACT18222853762799791_44_1ecb_2_22_22', 'announced_ACT18222676237217252_44_6ecbplus_4_6_6', 'unveiled_ACT17764092395475677_40_2ecbplus_0_5_5', 'unveiled_ACT17764340317374314_40_4ecb_0_6_6', 'unveiled_ACT17745258351334464_39_5ecbplus_3_9_9', 'unveiled_ACT17764092395475677_40_10ecbplus_2_12_12', 'unveiled_ACT17764092395475677_40_3ecbplus_1_15_15', 'unveiled_ACT18222853762799791_44_6ecb_2_4_4', 'unveiled_ACT17764092395475677_40_1ecbplus_2_14_14', 'unveiled_ACT17764340317374314_40_1ecb_0_25_25', 'unveiled_ACT17764092395475677_40_9ecbplus_3_2_2', 'unveiled_ACT17764092395475677_40_8ecbplus_2_2_2', 'unveiled_ACT17745451267577520_39_7ecb_0_5_5', 'unveiled_ACT17764340317374314_40_6ecb_0_4_4', 'unveiled_ACT17745451267577520_39_13ecb_0_15_15', 'unveils_ACT17764092395475677_40_7ecbplus_0_1_1', 'unveils_ACT17764092395475677_40_3ecbplus_0_1_1', 'unveils_ACT17764092395475677_40_1ecbplus_0_1_1', 'Unveils_ACT17764092395475677_40_9ecbplus_0_1_1', 'unveils_ACT17764092395475677_40_5ecbplus_0_1_1', 'Unveils_ACT17764092395475677_40_6ecbplus_0_1_1', 'introduced_ACT17764340317374314_40_7ecb_0_8_8', 'introduced_ACT17764340317374314_40_5ecb_2_8_8', 'launched_ACT17764340317374314_40_3ecb_0_3_3']
INFO:root:epoch 0 topic 1/1 - merge event clusters with score 0.5191071828206381 clusters : ['Strategy_ACT18182689076261745_43_2ecbplus_0_8_8'] ['move_ACT18185002852018286_44_6ecbplus_3_2_2', 'MOVED IN_Singleton_ACT_50_36_7ecb_36_7ecb_1_2_3', 'move_ACT17773499018825369_43_5ecbplus_2_17_17', 'Acquisition_ACT17773499018825369_43_3ecbplus_0_6_6', 'acquisition_ACT17773499018825369_43_15ecbplus_16_12_12', 'Acquisition_ACT17773499018825369_43_6ecbplus_0_1_1', 'acquisition_ACT17774320253942795_43_8ecb_0_3_3', 'acquisition_ACT17773499018825369_43_9ecbplus_2_4_4', 'acquisition_ACT18185002852018286_44_8ecbplus_4_5_5', 'acquisition_ACT17774320253942795_43_3ecb_4_1_1', 'merger_ACT17774320253942795_43_7ecb_12_1_1', 'acquisition_ACT18185002852018286_44_6ecbplus_4_4_4', 'acquisition_ACT17774320253942795_43_5ecb_3_1_1', 'purchase_ACT17774320253942795_43_5ecb_12_1_1', 'acquisition_ACT17773499018825369_43_8ecbplus_1_14_14', 'Acquisition_ACT18185002852018286_44_2ecbplus_0_7_7', 'acquisition_ACT17773499018825369_43_9ecbplus_5_7_7', 'acquisition_ACT18222897859726438_44_7ecb_0_8_8', 'acquisition_ACT18185002852018286_44_8ecbplus_2_15_15', 'merger_ACT17774320253942795_43_7ecb_5_6_6', 'acquisition_ACT18185002852018286_44_6ecbplus_2_1_1', 'acquisition_ACT18222897859726438_44_6ecb_6_11_11', 'acquisition_ACT17774320253942795_43_3ecb_12_17_17', 'acquisition_ACT18222897859726438_44_2ecb_10_12_12', 'acquisition_ACT17774320253942795_43_1ecb_1_18_18', 'acquisition_ACT18222897859726438_44_7ecb_1_10_10', 'merger_ACT17774320253942795_43_1ecb_19_1_1', 'acquisition_ACT18222897859726438_44_7ecb_2_24_24', 'acquisition_ACT18185002852018286_44_11ecbplus_0_5_5', 'purchase_ACT18222897859726438_44_2ecb_7_20_20', 'acquisition_ACT18222897859726438_44_1ecb_2_16_16', 'acquisition_ACT17774320253942795_43_5ecb_2_11_11', 'merger_ACT17774320253942795_43_3ecb_5_10_10', 'transaction_ACT18229866560177907_44_2ecbplus_4_4_4', 'transaction_ACT18222897859726438_44_1ecb_12_7_7', 'transaction_ACT18229866560177907_44_10ecbplus_3_6_6', 'merger_ACT17774320253942795_43_3ecb_6_6_6', 'merger_ACT17774320253942795_43_8ecb_8_15_15', 'transaction_ACT18222908848679496_44_5ecb_7_22_22', 'transaction_ACT18222908848679496_44_5ecb_4_15_15', 'purchase_ACT17774320253942795_43_3ecb_2_2_2', 'takeover_ACT17774320253942795_43_2ecb_1_3_3', 'merger_ACT18222897859726438_44_1ecb_6_7_7', 'takeover_ACT17774320253942795_43_2ecb_2_7_7', 'purchase_ACT17774320253942795_43_3ecb_25_3_3', 'purchase_ACT17774320253942795_43_7ecb_2_17_17', 'deal_ACT18222897859726438_44_3ecb_7_4_4', 'merger_ACT18222897859726438_44_4ecb_1_4_4', 'purchase_ACT18222897859726438_44_3ecb_6_2_2', 'purchase_ACT18222897859726438_44_6ecb_2_14_14', 'deal_ACT18222897859726438_44_3ecb_3_2_2', 'deal_ACT17774336861337659_43_4ecb_1_1_1', 'deal_ACT18222908848679496_44_2ecb_10_2_2', 'deal_ACT18222908848679496_44_7ecb_3_7_7', 'deal_ACT17774336861337659_43_2ecb_2_8_8', 'deal_ACT18222908848679496_44_5ecb_10_2_2', 'deal_ACT18222908848679496_44_6ecb_7_2_2', 'deal_ACT18222908848679496_44_4ecb_3_1_1', 'deal_ACT17774320253942795_43_6ecb_5_10_10', 'deal_ACT18229866560177907_44_12ecbplus_2_23_23', 'Business_ACT18182652973066989_43_3ecbplus_0_3_3', 'deal_ACT17774320253942795_43_5ecb_6_28_28', 'Deal_ACT18229866560177907_44_12ecbplus_1_4_4', 'deal_ACT17774320253942795_43_6ecb_1_61_61', 'deal_ACT18222908848679496_44_2ecb_0_13_13', 'deal_ACT17774320253942795_43_6ecb_4_10_10', 'deal_ACT17774320253942795_43_1ecb_9_31_31', 'deal_ACT17773999324496406_43_7ecbplus_2_7_7', 'deal_ACT18222897859726438_44_3ecb_14_8_8', 'deal_ACT18222897859726438_44_1ecb_21_17_17', 'deal_ACT17774320253942795_43_1ecb_30_12_12', 'deal_ACT18222908848679496_44_2ecb_1_20_20', 'business_ACT18182652973066989_43_15ecbplus_16_9_9', 'Business_ACT18182652973066989_43_5ecbplus_0_7_7', 'deal_ACT17774320253942795_43_1ecb_12_14_14', 'deal_ACT17774320253942795_43_7ecb_2_32_32', 'agreement_ACT17773999324496406_43_13ecbplus_4_14_14', 'purchase_ACT17773499018825369_43_13ecbplus_4_17_17']
INFO:root:epoch 0 topic 1/1 - merge event clusters with score 0.5039747214015526 clusters : ['combination_Singleton_ACT_101_43_5ecb_43_5ecb_12_4_4'] ['move_ACT18185002852018286_44_6ecbplus_3_2_2', 'MOVED IN_Singleton_ACT_50_36_7ecb_36_7ecb_1_2_3', 'move_ACT17773499018825369_43_5ecbplus_2_17_17', 'Acquisition_ACT17773499018825369_43_3ecbplus_0_6_6', 'acquisition_ACT17773499018825369_43_15ecbplus_16_12_12', 'Acquisition_ACT17773499018825369_43_6ecbplus_0_1_1', 'acquisition_ACT17774320253942795_43_8ecb_0_3_3', 'acquisition_ACT17773499018825369_43_9ecbplus_2_4_4', 'acquisition_ACT18185002852018286_44_8ecbplus_4_5_5', 'acquisition_ACT17774320253942795_43_3ecb_4_1_1', 'merger_ACT17774320253942795_43_7ecb_12_1_1', 'acquisition_ACT18185002852018286_44_6ecbplus_4_4_4', 'acquisition_ACT17774320253942795_43_5ecb_3_1_1', 'purchase_ACT17774320253942795_43_5ecb_12_1_1', 'acquisition_ACT17773499018825369_43_8ecbplus_1_14_14', 'Acquisition_ACT18185002852018286_44_2ecbplus_0_7_7', 'acquisition_ACT17773499018825369_43_9ecbplus_5_7_7', 'acquisition_ACT18222897859726438_44_7ecb_0_8_8', 'acquisition_ACT18185002852018286_44_8ecbplus_2_15_15', 'merger_ACT17774320253942795_43_7ecb_5_6_6', 'acquisition_ACT18185002852018286_44_6ecbplus_2_1_1', 'acquisition_ACT18222897859726438_44_6ecb_6_11_11', 'acquisition_ACT17774320253942795_43_3ecb_12_17_17', 'acquisition_ACT18222897859726438_44_2ecb_10_12_12', 'acquisition_ACT17774320253942795_43_1ecb_1_18_18', 'acquisition_ACT18222897859726438_44_7ecb_1_10_10', 'merger_ACT17774320253942795_43_1ecb_19_1_1', 'acquisition_ACT18222897859726438_44_7ecb_2_24_24', 'acquisition_ACT18185002852018286_44_11ecbplus_0_5_5', 'purchase_ACT18222897859726438_44_2ecb_7_20_20', 'acquisition_ACT18222897859726438_44_1ecb_2_16_16', 'acquisition_ACT17774320253942795_43_5ecb_2_11_11', 'merger_ACT17774320253942795_43_3ecb_5_10_10', 'transaction_ACT18229866560177907_44_2ecbplus_4_4_4', 'transaction_ACT18222897859726438_44_1ecb_12_7_7', 'transaction_ACT18229866560177907_44_10ecbplus_3_6_6', 'merger_ACT17774320253942795_43_3ecb_6_6_6', 'merger_ACT17774320253942795_43_8ecb_8_15_15', 'transaction_ACT18222908848679496_44_5ecb_7_22_22', 'transaction_ACT18222908848679496_44_5ecb_4_15_15', 'purchase_ACT17774320253942795_43_3ecb_2_2_2', 'takeover_ACT17774320253942795_43_2ecb_1_3_3', 'merger_ACT18222897859726438_44_1ecb_6_7_7', 'takeover_ACT17774320253942795_43_2ecb_2_7_7', 'purchase_ACT17774320253942795_43_3ecb_25_3_3', 'purchase_ACT17774320253942795_43_7ecb_2_17_17', 'deal_ACT18222897859726438_44_3ecb_7_4_4', 'merger_ACT18222897859726438_44_4ecb_1_4_4', 'purchase_ACT18222897859726438_44_3ecb_6_2_2', 'purchase_ACT18222897859726438_44_6ecb_2_14_14', 'deal_ACT18222897859726438_44_3ecb_3_2_2', 'deal_ACT17774336861337659_43_4ecb_1_1_1', 'deal_ACT18222908848679496_44_2ecb_10_2_2', 'deal_ACT18222908848679496_44_7ecb_3_7_7', 'deal_ACT17774336861337659_43_2ecb_2_8_8', 'deal_ACT18222908848679496_44_5ecb_10_2_2', 'deal_ACT18222908848679496_44_6ecb_7_2_2', 'deal_ACT18222908848679496_44_4ecb_3_1_1', 'deal_ACT17774320253942795_43_6ecb_5_10_10', 'deal_ACT18229866560177907_44_12ecbplus_2_23_23', 'Business_ACT18182652973066989_43_3ecbplus_0_3_3', 'deal_ACT17774320253942795_43_5ecb_6_28_28', 'Deal_ACT18229866560177907_44_12ecbplus_1_4_4', 'deal_ACT17774320253942795_43_6ecb_1_61_61', 'deal_ACT18222908848679496_44_2ecb_0_13_13', 'deal_ACT17774320253942795_43_6ecb_4_10_10', 'deal_ACT17774320253942795_43_1ecb_9_31_31', 'deal_ACT17773999324496406_43_7ecbplus_2_7_7', 'deal_ACT18222897859726438_44_3ecb_14_8_8', 'deal_ACT18222897859726438_44_1ecb_21_17_17', 'deal_ACT17774320253942795_43_1ecb_30_12_12', 'deal_ACT18222908848679496_44_2ecb_1_20_20', 'business_ACT18182652973066989_43_15ecbplus_16_9_9', 'Business_ACT18182652973066989_43_5ecbplus_0_7_7', 'deal_ACT17774320253942795_43_1ecb_12_14_14', 'deal_ACT17774320253942795_43_7ecb_2_32_32', 'agreement_ACT17773999324496406_43_13ecbplus_4_14_14', 'purchase_ACT17773499018825369_43_13ecbplus_4_17_17', 'Strategy_ACT18182689076261745_43_2ecbplus_0_8_8']
INFO:root:Max score = 0.49464040332370335 is lower than threshold = 0.5, stopped merging!
